Archive member included because of file (symbol)

contiki-sky.a(contiki-sky-pla)
                              obj_sky/contiki-sky-main.o (init_platform)
contiki-sky.a(button-sensor.o)
                              contiki-sky.a(contiki-sky-pla) (button_sensor)
contiki-sky.a(ds2411.o)       obj_sky/contiki-sky-main.o (ds2411_init)
contiki-sky.a(xmem.o)         obj_sky/contiki-sky-main.o (xmem_init)
contiki-sky.a(node-id.o)      obj_sky/contiki-sky-main.o (node_id_restore)
contiki-sky.a(sensors.o)      contiki-sky.a(button-sensor.o) (sensors_changed)
contiki-sky.a(cc2420.o)       obj_sky/contiki-sky-main.o (cc2420_set_pan_addr)
contiki-sky.a(cc2420-arch.o)  contiki-sky.a(cc2420.o) (cc2420_arch_init)
contiki-sky.a(uart1.o)        obj_sky/contiki-sky-main.o (uart1_active)
contiki-sky.a(uart1-putchar.o)
                              obj_sky/contiki-sky-main.o (putchar)
contiki-sky.a(msp430.o)       contiki-sky.a(uart1.o) (msp430_add_lpm_req)
contiki-sky.a(clock.o)        obj_sky/contiki-sky-main.o (clock_init)
contiki-sky.a(leds.o)         obj_sky/contiki-sky-main.o (leds_init)
contiki-sky.a(leds-arch.o)    contiki-sky.a(leds.o) (leds_arch_init)
contiki-sky.a(watchdog.o)     obj_sky/contiki-sky-main.o (watchdog_start)
contiki-sky.a(rtimer-arch.o)  obj_sky/contiki-sky-main.o (rtimer_arch_now)
contiki-sky.a(autostart.o)    obj_sky/contiki-sky-main.o (autostart_start)
contiki-sky.a(ctimer.o)       obj_sky/contiki-sky-main.o (ctimer_init)
contiki-sky.a(energest.o)     obj_sky/contiki-sky-main.o (energest_init)
contiki-sky.a(etimer.o)       contiki-sky.a(clock.o) (etimer_request_poll)
contiki-sky.a(process.o)      contiki-sky.a(ctimer.o) (process_current)
contiki-sky.a(rtimer.o)       obj_sky/contiki-sky-main.o (rtimer_init)
contiki-sky.a(timer.o)        obj_sky/contiki-sky-main.o (timer_set)
contiki-sky.a(list.o)         contiki-sky.a(ctimer.o) (list_init)
contiki-sky.a(random.o)       obj_sky/contiki-sky-main.o (random_init)
contiki-sky.a(uip-ds6.o)      obj_sky/contiki-sky-main.o (uip_ds6_get_link_local)
contiki-sky.a(uip-ds6-route.o)
                              contiki-sky.a(uip-ds6.o) (uip_ds6_route_init)
contiki-sky.a(uip6.o)         obj_sky/mqtt_sn.o (uip_htons)
contiki-sky.a(uip-ds6-nbr.o)  contiki-sky.a(uip-ds6.o) (uip_ds6_neighbors_init)
contiki-sky.a(uip-nd6.o)      contiki-sky.a(uip6.o) (uip_nd6_init)
contiki-sky.a(sicslowpan.o)   obj_sky/contiki-sky-main.o (sicslowpan_driver)
contiki-sky.a(uip-debug.o)    obj_sky/mqtt_sn.o (uip_debug_ipaddr_print)
contiki-sky.a(tcpip.o)        contiki-sky.a(sicslowpan.o) (tcpip_set_outputfunc)
contiki-sky.a(simple-udp.o)   obj_sky/mqtt_sn.o (simple_udp_send)
contiki-sky.a(rpl-dag.o)      contiki-sky.a(tcpip.o) (rpl_repair_root)
contiki-sky.a(rpl-timers.o)   contiki-sky.a(rpl-dag.o) (rpl_reset_dio_timer)
contiki-sky.a(rpl-ext-header.)
                              contiki-sky.a(uip6.o) (rpl_verify_header)
contiki-sky.a(rpl.o)          contiki-sky.a(rpl-timers.o) (rpl_get_mode)
contiki-sky.a(rpl-mrhof.o)    contiki-sky.a(rpl-dag.o) (rpl_mrhof)
contiki-sky.a(nullmac.o)      obj_sky/contiki-sky-main.o (nullmac_driver)
contiki-sky.a(nullrdc.o)      obj_sky/contiki-sky-main.o (nullrdc_driver)
contiki-sky.a(framer-802154.o)
                              contiki-sky.a(sicslowpan.o) (framer_802154)
contiki-sky.a(frame802154.o)  contiki-sky.a(framer-802154.o) (frame802154_hdrlen)
contiki-sky.a(mac.o)          contiki-sky.a(nullrdc.o) (mac_call_sent_callback)
contiki-sky.a(framer.o)       contiki-sky.a(framer-802154.o) (framer_canonical_create_and_secure)
contiki-sky.a(queuebuf.o)     obj_sky/contiki-sky-main.o (queuebuf_init)
contiki-sky.a(nbr-table.o)    contiki-sky.a(uip-ds6-route.o) (nbr_table_register)
contiki-sky.a(packetbuf.o)    contiki-sky.a(framer.o) (packetbuf_compact)
contiki-sky.a(linkaddr.o)     obj_sky/contiki-sky-main.o (linkaddr_copy)
contiki-sky.a(nullsec.o)      obj_sky/contiki-sky-main.o (nullsec_driver)
contiki-sky.a(spi.o)          contiki-sky.a(xmem.o) (spi_init)
contiki-sky.a(stimer.o)       contiki-sky.a(uip-ds6.o) (stimer_set)
contiki-sky.a(memb.o)         contiki-sky.a(uip-ds6-route.o) (memb_init)
contiki-sky.a(uip-icmp6.o)    contiki-sky.a(uip6.o) (uip_icmp6_input)
contiki-sky.a(uip-udp-packet.)
                              contiki-sky.a(simple-udp.o) (uip_udp_packet_sendto)
contiki-sky.a(rpl-icmp6.o)    contiki-sky.a(rpl-timers.o) (dis_output)
/usr/lib/gcc/msp430/4.6.3/mmpy-16/libgcc.a(_mulsi3.o)
                              contiki-sky.a(rpl-dag.o) (__mulsi3)
/usr/lib/gcc/msp430/4.6.3/mmpy-16/libgcc.a(_udivmod16.o)
                              contiki-sky.a(rpl-dag.o) (__udivhi3)
/usr/lib/gcc/msp430/4.6.3/mmpy-16/libgcc.a(_divmod16.o)
                              contiki-sky.a(sicslowpan.o) (__divhi3)
/usr/lib/gcc/msp430/4.6.3/mmpy-16/libgcc.a(_udivmod32.o)
                              obj_sky/contiki-sky-main.o (__udivsi3)
/usr/lib/gcc/msp430/4.6.3/../../../../msp430/lib/mmpy-16/libc.a(strchr.o)
[...]
Memory Configuration

Name             Origin             Length             Attributes
sfr              0x0000000000000000 0x0000000000000010
peripheral_8bit  0x0000000000000010 0x00000000000000f0
peripheral_16bit 0x0000000000000100 0x0000000000000100
ram_mirror       0x0000000000000200 0x0000000000000800 xw
infomem          0x0000000000001000 0x0000000000000100
infob            0x0000000000001000 0x0000000000000080
infoa            0x0000000000001080 0x0000000000000080
ram              0x0000000000001100 0x0000000000002800 xw
rom              0x0000000000004000 0x000000000000bfe0 xr
vectors          0x000000000000ffe0 0x0000000000000020
bsl              0x0000000000000000 0x0000000000000000
infoc            0x0000000000000000 0x0000000000000000
infod            0x0000000000000000 0x0000000000000000
ram2             0x0000000000000000 0x0000000000000000 xw
usbram           0x0000000000000000 0x0000000000000000 xw
far_rom          0x0000000000000000 0x0000000000000000
*default*        0x0000000000000000 0xffffffffffffffff

Linker script and memory map

LOAD /usr/lib/gcc/msp430/4.6.3/mmpy-16/crt0ivtbl16.o
LOAD main_core.co
LOAD obj_sky/mqtt_sn.o
LOAD obj_sky/contiki-sky-main.o
LOAD contiki-sky.a
LOAD /usr/lib/gcc/msp430/4.6.3/mmpy-16/libgcc.a
LOAD /usr/lib/gcc/msp430/4.6.3/../../../../msp430/lib/mmpy-16/libc.a
LOAD /usr/lib/gcc/msp430/4.6.3/mmpy-16/libgcc.a
LOAD /usr/lib/gcc/msp430/4.6.3/mmpy-16/libcrt0.a
                0x0000000000000080                PROVIDE (__info_segment_size, 0x80)
                0x0000000000001000                PROVIDE (__infob, 0x1000)
                0x0000000000001080                PROVIDE (__infoa, 0x1080)
                0x0000000000000000                __IE1 = 0x0
                0x0000000000000002                __IFG1 = 0x2
                0x0000000000000004                __ME1 = 0x4
                0x0000000000000001                __IE2 = 0x1
                0x0000000000000003                __IFG2 = 0x3
                0x0000000000000005                __ME2 = 0x5
                0x0000000000000120                __WDTCTL = 0x120
                0x0000000000000130                __MPY = 0x130
                0x0000000000000132                __MPYS = 0x132
                0x0000000000000134                __MAC = 0x134
                0x0000000000000136                __MACS = 0x136
                0x0000000000000138                __OP2 = 0x138
                0x000000000000013a                __RESLO = 0x13a
                0x000000000000013c                __RESHI = 0x13c
                0x000000000000013e                __SUMEXT = 0x13e
                0x0000000000000020                __P1IN = 0x20
                0x0000000000000021                __P1OUT = 0x21
                0x0000000000000022                __P1DIR = 0x22
                0x0000000000000023                __P1IFG = 0x23
                0x0000000000000024                __P1IES = 0x24
                0x0000000000000025                __P1IE = 0x25
                0x0000000000000026                __P1SEL = 0x26
                0x0000000000000028                __P2IN = 0x28
                0x0000000000000029                __P2OUT = 0x29
                0x000000000000002a                __P2DIR = 0x2a
                0x000000000000002b                __P2IFG = 0x2b
                0x000000000000002c                __P2IES = 0x2c
                0x000000000000002d                __P2IE = 0x2d
                0x000000000000002e                __P2SEL = 0x2e
                0x0000000000000018                __P3IN = 0x18
                0x0000000000000019                __P3OUT = 0x19
                0x000000000000001a                __P3DIR = 0x1a
                0x000000000000001b                __P3SEL = 0x1b
                0x000000000000001c                __P4IN = 0x1c
                0x000000000000001d                __P4OUT = 0x1d
                0x000000000000001e                __P4DIR = 0x1e
                0x000000000000001f                __P4SEL = 0x1f
                0x0000000000000030                __P5IN = 0x30
                0x0000000000000031                __P5OUT = 0x31
                0x0000000000000032                __P5DIR = 0x32
                0x0000000000000033                __P5SEL = 0x33
                0x0000000000000034                __P6IN = 0x34
                0x0000000000000035                __P6OUT = 0x35
                0x0000000000000036                __P6DIR = 0x36
                0x0000000000000037                __P6SEL = 0x37
                0x0000000000000070                __U0CTL = 0x70
                0x0000000000000071                __U0TCTL = 0x71
                0x0000000000000072                __U0RCTL = 0x72
                0x0000000000000073                __U0MCTL = 0x73
                0x0000000000000074                __U0BR0 = 0x74
                0x0000000000000075                __U0BR1 = 0x75
                0x0000000000000076                __U0RXBUF = 0x76
                0x0000000000000077                __U0TXBUF = 0x77
                0x0000000000000078                __U1CTL = 0x78
                0x0000000000000079                __U1TCTL = 0x79
                0x000000000000007a                __U1RCTL = 0x7a
                0x000000000000007b                __U1MCTL = 0x7b
                0x000000000000007c                __U1BR0 = 0x7c
                0x000000000000007d                __U1BR1 = 0x7d
                0x000000000000007e                __U1RXBUF = 0x7e
                0x000000000000007f                __U1TXBUF = 0x7f
                0x0000000000000050                __I2CIE = 0x50
                0x0000000000000051                __I2CIFG = 0x51
                0x0000000000000052                __I2CNDAT = 0x52
                0x0000000000000071                __I2CTCTL = 0x71
                0x0000000000000072                __I2CDCTL = 0x72
                0x0000000000000073                __I2CPSC = 0x73
                0x0000000000000074                __I2CSCLH = 0x74
                0x0000000000000075                __I2CSCLL = 0x75
                0x0000000000000076                __I2CDRB = 0x76
                0x0000000000000076                __I2CDRW = 0x76
                0x0000000000000118                __I2COA = 0x118
                0x000000000000011a                __I2CSA = 0x11a
                0x000000000000011c                __I2CIV = 0x11c
                0x000000000000012e                __TAIV = 0x12e
                0x0000000000000160                __TACTL = 0x160
                0x0000000000000162                __TACCTL0 = 0x162
                0x0000000000000164                __TACCTL1 = 0x164
                0x0000000000000166                __TACCTL2 = 0x166
                0x0000000000000170                __TAR = 0x170
                0x0000000000000172                __TACCR0 = 0x172
                0x0000000000000174                __TACCR1 = 0x174
                0x0000000000000176                __TACCR2 = 0x176
                0x000000000000011e                __TBIV = 0x11e
                0x0000000000000180                __TBCTL = 0x180
                0x0000000000000182                __TBCCTL0 = 0x182
                0x0000000000000184                __TBCCTL1 = 0x184
                0x0000000000000186                __TBCCTL2 = 0x186
                0x0000000000000188                __TBCCTL3 = 0x188
                0x000000000000018a                __TBCCTL4 = 0x18a
                0x000000000000018c                __TBCCTL5 = 0x18c
                0x000000000000018e                __TBCCTL6 = 0x18e
                0x0000000000000190                __TBR = 0x190
                0x0000000000000192                __TBCCR0 = 0x192
                0x0000000000000194                __TBCCR1 = 0x194
                0x0000000000000196                __TBCCR2 = 0x196
                0x0000000000000198                __TBCCR3 = 0x198
                0x000000000000019a                __TBCCR4 = 0x19a
                0x000000000000019c                __TBCCR5 = 0x19c
                0x000000000000019e                __TBCCR6 = 0x19e
                0x0000000000000056                __DCOCTL = 0x56
                0x0000000000000057                __BCSCTL1 = 0x57
                0x0000000000000058                __BCSCTL2 = 0x58
                0x0000000000000055                __SVSCTL = 0x55
                0x0000000000000128                __FCTL1 = 0x128
                0x000000000000012a                __FCTL2 = 0x12a
                0x000000000000012c                __FCTL3 = 0x12c
                0x0000000000000059                __CACTL1 = 0x59
                0x000000000000005a                __CACTL2 = 0x5a
                0x000000000000005b                __CAPD = 0x5b
                0x00000000000001a0                __ADC12CTL0 = 0x1a0
                0x00000000000001a2                __ADC12CTL1 = 0x1a2
                0x00000000000001a4                __ADC12IFG = 0x1a4
                0x00000000000001a6                __ADC12IE = 0x1a6
                0x00000000000001a8                __ADC12IV = 0x1a8
                0x0000000000000140                __ADC12MEM0 = 0x140
                0x0000000000000142                __ADC12MEM1 = 0x142
                0x0000000000000144                __ADC12MEM2 = 0x144
                0x0000000000000146                __ADC12MEM3 = 0x146
                0x0000000000000148                __ADC12MEM4 = 0x148
                0x000000000000014a                __ADC12MEM5 = 0x14a
                0x000000000000014c                __ADC12MEM6 = 0x14c
                0x000000000000014e                __ADC12MEM7 = 0x14e
                0x0000000000000150                __ADC12MEM8 = 0x150
                0x0000000000000152                __ADC12MEM9 = 0x152
                0x0000000000000154                __ADC12MEM10 = 0x154
                0x0000000000000156                __ADC12MEM11 = 0x156
                0x0000000000000158                __ADC12MEM12 = 0x158
                0x000000000000015a                __ADC12MEM13 = 0x15a
                0x000000000000015c                __ADC12MEM14 = 0x15c
                0x000000000000015e                __ADC12MEM15 = 0x15e
                0x0000000000000080                __ADC12MCTL0 = 0x80
                0x0000000000000081                __ADC12MCTL1 = 0x81
                0x0000000000000082                __ADC12MCTL2 = 0x82
                0x0000000000000083                __ADC12MCTL3 = 0x83
                0x0000000000000084                __ADC12MCTL4 = 0x84
                0x0000000000000085                __ADC12MCTL5 = 0x85
                0x0000000000000086                __ADC12MCTL6 = 0x86
                0x0000000000000087                __ADC12MCTL7 = 0x87
                0x0000000000000088                __ADC12MCTL8 = 0x88
                0x0000000000000089                __ADC12MCTL9 = 0x89
                0x000000000000008a                __ADC12MCTL10 = 0x8a
                0x000000000000008b                __ADC12MCTL11 = 0x8b
                0x000000000000008c                __ADC12MCTL12 = 0x8c
                0x000000000000008d                __ADC12MCTL13 = 0x8d
                0x000000000000008e                __ADC12MCTL14 = 0x8e
                0x000000000000008f                __ADC12MCTL15 = 0x8f
                0x00000000000001c0                __DAC12_0CTL = 0x1c0
                0x00000000000001c2                __DAC12_1CTL = 0x1c2
                0x00000000000001c8                __DAC12_0DAT = 0x1c8
                0x00000000000001ca                __DAC12_1DAT = 0x1ca
                0x0000000000000122                __DMACTL0 = 0x122
                0x0000000000000124                __DMACTL1 = 0x124
                0x00000000000001e0                __DMA0CTL = 0x1e0
                0x00000000000001e8                __DMA1CTL = 0x1e8
                0x00000000000001f0                __DMA2CTL = 0x1f0
                0x00000000000001e2                __DMA0SA = 0x1e2
                0x00000000000001e4                __DMA0DA = 0x1e4
                0x00000000000001e6                __DMA0SZ = 0x1e6
                0x00000000000001ea                __DMA1SA = 0x1ea
                0x00000000000001ec                __DMA1DA = 0x1ec
                0x00000000000001ee                __DMA1SZ = 0x1ee
                0x00000000000001f2                __DMA2SA = 0x1f2
                0x00000000000001f4                __DMA2DA = 0x1f4
                0x00000000000001f6                __DMA2SZ = 0x1f6

.hash
 *(.hash)

.dynsym
 *(.dynsym)

.dynstr
 *(.dynstr)

.gnu.version
 *(.gnu.version)

.gnu.version_d
 *(.gnu.version_d)

.gnu.version_r
 *(.gnu.version_r)

.rel.init
 *(.rel.init)

.rela.init
 *(.rela.init)

.rel.fini
 *(.rel.fini)

.rela.fini
 *(.rela.fini)

.rel.text
 *(.rel.text .rel.text.* .rel.gnu.linkonce.t.*)

.rela.text
 *(.rela.text .rela.text.* .rela.gnu.linkonce.t.*)

.rel.rodata
 *(.rel.rodata .rel.rodata.* .rel.gnu.linkonce.r.*)

.rela.rodata
 *(.rela.rodata .rela.rodata.* .rela.gnu.linkonce.r.*)

.rel.data
 *(.rel.data .rel.data.* .rel.gnu.linkonce.d.*)

.rela.data
 *(.rela.data .rela.data.* .rela.gnu.linkonce.d.*)

.rel.bss
 *(.rel.bss .rel.bss.* .rel.gnu.linkonce.b.*)

.rela.bss
 *(.rela.bss .rela.bss.* .rela.gnu.linkonce.b.*)

.rel.ctors
 *(.rel.ctors)

.rela.ctors
 *(.rela.ctors)

.rel.dtors
 *(.rel.dtors)

.rela.dtors
 *(.rela.dtors)

.rel.got
 *(.rel.got)

.rela.got
 *(.rela.got)

.rel.plt
 *(.rel.plt)

.rela.plt
 *(.rela.plt)

.text           0x0000000000004000     0xa4b8
                0x0000000000004000                . = ALIGN (0x2)
 *(.init .init.*)
 *(.init0)
 .init0         0x0000000000004000        0x0 /usr/lib/gcc/msp430/4.6.3/mmpy-16/libcrt0.a(_reset_vector__.o)
                0x0000000000004000                _reset_vector__
 *(.init1)
 .init1         0x0000000000004000        0xc /usr/lib/gcc/msp430/4.6.3/mmpy-16/libcrt0.a(__watchdog_support.o)
                0x0000000000004000                __watchdog_support
 *(.init2)
 .init2         0x000000000000400c        0x4 /usr/lib/gcc/msp430/4.6.3/mmpy-16/libcrt0.a(__init_stack.o)
                0x000000000000400c                __init_stack
 *(.init3)
 .init3         0x0000000000004010        0x0 /usr/lib/gcc/msp430/4.6.3/mmpy-16/libcrt0.a(__low_level_init.o)
                0x0000000000004010                __low_level_init
 *(.init4)
 .init4         0x0000000000004010       0x18 /usr/lib/gcc/msp430/4.6.3/mmpy-16/libcrt0.a(_copy_data.o)
                0x0000000000004010                __do_copy_data
 .init4         0x0000000000004028       0x16 /usr/lib/gcc/msp430/4.6.3/mmpy-16/libcrt0.a(_clear_bss.o)
                0x0000000000004028                __do_clear_bss
 *(.init5)
 *(.init6)
 *(.init7)
 *(.init8)
 *(.init9)
 .init9         0x000000000000403e      0x2d8 obj_sky/contiki-sky-main.o
                0x000000000000403e                main
 *(.fini9)
 .fini9         0x0000000000004316        0x0 /usr/lib/gcc/msp430/4.6.3/mmpy-16/libcrt0.a(__stop_progExec__.o)
                0x0000000000004316                __stop_progExec__
 *(.fini8)
 *(.fini7)
 *(.fini6)
 *(.fini5)
 *(.fini4)
 *(.fini3)
 *(.fini2)
 *(.fini1)
 *(.fini0)
 .fini0         0x0000000000004316        0x6 /usr/lib/gcc/msp430/4.6.3/mmpy-16/libcrt0.a(_endless_loop__.o)
                0x0000000000004316                _endless_loop__
 *(.fini .fini.*)
                0x000000000000431c                . = ALIGN (0x2)
                0x000000000000431c                __ctors_start = .
 *(.ctors)
                0x000000000000431c                __ctors_end = .
                0x000000000000431c                __dtors_start = .
 *(.dtors)
                0x000000000000431c                __dtors_end = .
                0x000000000000431c                . = ALIGN (0x2)
 *(.text .text.* .gnu.linkonce.t.*)
 .text          0x000000000000431c        0x4 /usr/lib/gcc/msp430/4.6.3/mmpy-16/crt0ivtbl16.o
                0x000000000000431c                __isr_14
                0x000000000000431c                __isr_11
                0x000000000000431c                __isr_2
                0x000000000000431c                __isr_7
                0x000000000000431c                __isr_0
                0x000000000000431c                __isr_8
                0x000000000000431c                __isr_3
                0x000000000000431c                __isr_12
                0x000000000000431c                __isr_13
                0x000000000000431c                __isr_9
 .text.mqtt_sn_callback
                0x0000000000004320       0x28 main_core.co
                0x0000000000004320                mqtt_sn_callback
 .text.init_broker
                0x0000000000004348       0xe2 main_core.co
                0x0000000000004348                init_broker
 .text.process_thread_init_system_process
                0x000000000000442a       0x76 main_core.co
 .text.unlock_tasks
                0x00000000000044a0        0xe obj_sky/mqtt_sn.o
                0x00000000000044a0                unlock_tasks
 .text.parse_mqtt_type_string
                0x00000000000044ae       0x68 obj_sky/mqtt_sn.o
                0x00000000000044ae                parse_mqtt_type_string
 .text.mqtt_sn_get_qos_flag
                0x0000000000004516       0x12 obj_sky/mqtt_sn.o
                0x0000000000004516                mqtt_sn_get_qos_flag
 .text.verf_hist_sub
                0x0000000000004528       0x50 obj_sky/mqtt_sn.o
                0x0000000000004528                verf_hist_sub
 .text.verf_register
                0x0000000000004578       0x2a obj_sky/mqtt_sn.o
                0x0000000000004578                verf_register
 .text.mqtt_sn_will_topic_send
                0x00000000000045a2       0x62 obj_sky/mqtt_sn.o
                0x00000000000045a2                mqtt_sn_will_topic_send
 .text.mqtt_sn_will_message_send
                0x0000000000004604       0x5c obj_sky/mqtt_sn.o
                0x0000000000004604                mqtt_sn_will_message_send
 .text.mqtt_sn_ping_send
                0x0000000000004660       0x68 obj_sky/mqtt_sn.o
                0x0000000000004660                mqtt_sn_ping_send
 .text.timeout_ping_mqtt
                0x00000000000046c8       0x50 obj_sky/mqtt_sn.o
                0x00000000000046c8                timeout_ping_mqtt
 .text.mqtt_sn_con_send
                0x0000000000004718       0x90 obj_sky/mqtt_sn.o
                0x0000000000004718                mqtt_sn_con_send
 .text.mqtt_sn_reg_send
                0x00000000000047a8       0xa6 obj_sky/mqtt_sn.o
                0x00000000000047a8                mqtt_sn_reg_send
 .text.mqtt_sn_regack_send
                0x000000000000484e       0x40 obj_sky/mqtt_sn.o
                0x000000000000484e                mqtt_sn_regack_send
 .text.mqtt_sn_pub_send
                0x000000000000488e       0xe6 obj_sky/mqtt_sn.o
                0x000000000000488e                mqtt_sn_pub_send
 .text.mqtt_sn_pub
                0x0000000000004974       0x3e obj_sky/mqtt_sn.o
                0x0000000000004974                mqtt_sn_pub
 .text.mqtt_sn_sub_send
                0x00000000000049b2       0x88 obj_sky/mqtt_sn.o
                0x00000000000049b2                mqtt_sn_sub_send
 .text.timeout_con
                0x0000000000004a3a       0xb8 obj_sky/mqtt_sn.o
                0x0000000000004a3a                timeout_con
 .text.mqtt_sn_sub_send_wildcard
                0x0000000000004af2       0x88 obj_sky/mqtt_sn.o
                0x0000000000004af2                mqtt_sn_sub_send_wildcard
 .text.mqtt_sn_insert_queue
                0x0000000000004b7a       0xa0 obj_sky/mqtt_sn.o
                0x0000000000004b7a                mqtt_sn_insert_queue
 .text.mqtt_sn_sub_wildcard
                0x0000000000004c1a       0x36 obj_sky/mqtt_sn.o
                0x0000000000004c1a                mqtt_sn_sub_wildcard
 .text.mqtt_sn_sub
                0x0000000000004c50       0xa4 obj_sky/mqtt_sn.o
                0x0000000000004c50                mqtt_sn_sub
 .text.mqtt_sn_delete_queue
                0x0000000000004cf4       0x82 obj_sky/mqtt_sn.o
                0x0000000000004cf4                mqtt_sn_delete_queue
 .text.mqtt_sn_check_empty
                0x0000000000004d76        0xc obj_sky/mqtt_sn.o
                0x0000000000004d76                mqtt_sn_check_empty
 .text.init_vectors
                0x0000000000004d82       0x2c obj_sky/mqtt_sn.o
                0x0000000000004d82                init_vectors
 .text.mqtt_sn_recv_parser
                0x0000000000004dae      0x1e8 obj_sky/mqtt_sn.o
                0x0000000000004dae                mqtt_sn_recv_parser
 .text.mqtt_sn_udp_rec_cb
                0x0000000000004f96        0xa obj_sky/mqtt_sn.o
                0x0000000000004f96                mqtt_sn_udp_rec_cb
 .text.mqtt_sn_create_sck
                0x0000000000004fa0      0x1da obj_sky/mqtt_sn.o
                0x0000000000004fa0                mqtt_sn_create_sck
 .text.process_thread_mqtt_sn_main
                0x000000000000517a      0x336 obj_sky/mqtt_sn.o
 .text.mqtt_sn_init
                0x00000000000054b0       0x70 obj_sky/mqtt_sn.o
                0x00000000000054b0                mqtt_sn_init
 .text.start_network_layer
                0x0000000000005520       0xa2 obj_sky/contiki-sky-main.o
 .text.init_platform
                0x00000000000055c2        0xc contiki-sky.a(contiki-sky-pla)
                0x00000000000055c2                init_platform
 .text.status   0x00000000000055ce       0x16 contiki-sky.a(button-sensor.o)
 .text.configure
                0x00000000000055e4       0x52 contiki-sky.a(button-sensor.o)
 .text.value    0x0000000000005636       0x22 contiki-sky.a(button-sensor.o)
 .text.irq_p2   0x0000000000005658       0x8a contiki-sky.a(button-sensor.o)
                0x0000000000005658                irq_p2
                0x0000000000005658                __isr_1
 .text.owreadb  0x00000000000056e2       0x52 contiki-sky.a(ds2411.o)
 .text.ds2411_init
                0x0000000000005734      0x122 contiki-sky.a(ds2411.o)
                0x0000000000005734                ds2411_init
 .text.wait_ready
                0x0000000000005856       0x50 contiki-sky.a(xmem.o)
 .text.xmem_init
                0x00000000000058a6       0x3e contiki-sky.a(xmem.o)
                0x00000000000058a6                xmem_init
 .text.xmem_pread
                0x00000000000058e4       0xea contiki-sky.a(xmem.o)
                0x00000000000058e4                xmem_pread
 .text.node_id_restore
                0x00000000000059ce       0x38 contiki-sky.a(node-id.o)
                0x00000000000059ce                node_id_restore
 .text.process_thread_sensors_process
                0x0000000000005a06       0xbe contiki-sky.a(sensors.o)
 .text.sensors_changed
                0x0000000000005ac4       0x2a contiki-sky.a(sensors.o)
                0x0000000000005ac4                sensors_changed
 .text.get_object
                0x0000000000005aee        0x4 contiki-sky.a(cc2420.o)
 .text.set_object
                0x0000000000005af2        0x4 contiki-sky.a(cc2420.o)
 .text.strobe   0x0000000000005af6       0x20 contiki-sky.a(cc2420.o)
 .text.getreg   0x0000000000005b16       0x54 contiki-sky.a(cc2420.o)
 .text.setreg   0x0000000000005b6a       0x52 contiki-sky.a(cc2420.o)
 .text.write_ram
                0x0000000000005bbc       0x80 contiki-sky.a(cc2420.o)
 .text.write_fifo_buf
                0x0000000000005c3c       0x40 contiki-sky.a(cc2420.o)
 .text.get_status
                0x0000000000005c7c       0x24 contiki-sky.a(cc2420.o)
 .text.set_txpower
                0x0000000000005ca0       0x26 contiki-sky.a(cc2420.o)
 .text.cc2420_receiving_packet
                0x0000000000005cc6        0xe contiki-sky.a(cc2420.o)
 .text.pending_packet
                0x0000000000005cd4        0x8 contiki-sky.a(cc2420.o)
 .text.on       0x0000000000005cdc       0x1e contiki-sky.a(cc2420.o)
 .text.wait_for_transmission
                0x0000000000005cfa       0x22 contiki-sky.a(cc2420.o)
 .text.wait_for_status
                0x0000000000005d1c       0x2a contiki-sky.a(cc2420.o)
 .text.getrxdata
                0x0000000000005d46       0x56 contiki-sky.a(cc2420.o)
 .text.flushrx  0x0000000000005d9c       0x1a contiki-sky.a(cc2420.o)
 .text.off      0x0000000000005db6       0x5a contiki-sky.a(cc2420.o)
 .text.RELEASE_LOCK
                0x0000000000005e10       0x28 contiki-sky.a(cc2420.o)
 .text.set_key  0x0000000000005e38       0x18 contiki-sky.a(cc2420.o)
 .text.cc2420_prepare
                0x0000000000005e50       0x3c contiki-sky.a(cc2420.o)
 .text.cc2420_on
                0x0000000000005e8c       0x22 contiki-sky.a(cc2420.o)
                0x0000000000005e8c                cc2420_on
 .text.cc2420_off
                0x0000000000005eae       0x30 contiki-sky.a(cc2420.o)
                0x0000000000005eae                cc2420_off
 .text.cc2420_cca
                0x0000000000005ede       0x5e contiki-sky.a(cc2420.o)
 .text.cc2420_read
                0x0000000000005f3c       0xb0 contiki-sky.a(cc2420.o)
 .text.process_thread_cc2420_process
                0x0000000000005fec       0x50 contiki-sky.a(cc2420.o)
 .text.encrypt  0x000000000000603c       0x8e contiki-sky.a(cc2420.o)
 .text.cc2420_set_channel
                0x00000000000060ca       0x3c contiki-sky.a(cc2420.o)
                0x00000000000060ca                cc2420_set_channel
 .text.cc2420_set_pan_addr
                0x0000000000006106       0x4c contiki-sky.a(cc2420.o)
                0x0000000000006106                cc2420_set_pan_addr
 .text.cc2420_interrupt
                0x0000000000006152       0x18 contiki-sky.a(cc2420.o)
                0x0000000000006152                cc2420_interrupt
 .text.cc2420_set_txpower
                0x000000000000616a        0xe contiki-sky.a(cc2420.o)
                0x000000000000616a                cc2420_set_txpower
 .text.cc2420_get_txpower
                0x0000000000006178       0x1e contiki-sky.a(cc2420.o)
                0x0000000000006178                cc2420_get_txpower
 .text.cc2420_transmit
                0x0000000000006196      0x10e contiki-sky.a(cc2420.o)
 .text.cc2420_send
                0x00000000000062a4       0x12 contiki-sky.a(cc2420.o)
 .text.cc2420_rssi
                0x00000000000062b6       0x4c contiki-sky.a(cc2420.o)
                0x00000000000062b6                cc2420_rssi
 .text.get_value
                0x0000000000006302       0xac contiki-sky.a(cc2420.o)
 .text.cc2420_set_cca_threshold
                0x00000000000063ae       0x16 contiki-sky.a(cc2420.o)
                0x00000000000063ae                cc2420_set_cca_threshold
 .text.set_value
                0x00000000000063c4       0x8a contiki-sky.a(cc2420.o)
 .text.cc2420_init
                0x000000000000644e       0xde contiki-sky.a(cc2420.o)
                0x000000000000644e                cc2420_init
 .text.cc2420_port1_interrupt
                0x000000000000652c       0x62 contiki-sky.a(cc2420-arch.o)
                0x000000000000652c                __isr_4
                0x000000000000652c                cc2420_port1_interrupt
 .text.cc2420_arch_init
                0x000000000000658e       0x1a contiki-sky.a(cc2420-arch.o)
                0x000000000000658e                cc2420_arch_init
 .text.uart1_active
                0x00000000000065a8       0x1a contiki-sky.a(uart1.o)
                0x00000000000065a8                uart1_active
 .text.uart1_writeb
                0x00000000000065c2       0x1a contiki-sky.a(uart1.o)
                0x00000000000065c2                uart1_writeb
 .text.uart1_init
                0x00000000000065dc       0xf6 contiki-sky.a(uart1.o)
                0x00000000000065dc                uart1_init
 .text.putchar  0x00000000000066d2       0x10 contiki-sky.a(uart1-putchar.o)
                0x00000000000066d2                putchar
 .text.msp430_init_dco
                0x00000000000066e2       0x84 contiki-sky.a(msp430.o)
                0x00000000000066e2                msp430_init_dco
 .text.msp430_add_lpm_req
                0x0000000000006766        0xc contiki-sky.a(msp430.o)
                0x0000000000006766                msp430_add_lpm_req
 .text.msp430_cpu_init
                0x0000000000006772       0x2a contiki-sky.a(msp430.o)
                0x0000000000006772                msp430_cpu_init
 .text.splhigh_
                0x000000000000679c        0x8 contiki-sky.a(msp430.o)
                0x000000000000679c                splhigh_
 .text.msp430_sync_dco
                0x00000000000067a4       0x68 contiki-sky.a(msp430.o)
                0x00000000000067a4                msp430_sync_dco
 .text.timera1  0x000000000000680c      0x11e contiki-sky.a(clock.o)
                0x000000000000680c                __isr_5
                0x000000000000680c                timera1
 .text.clock_time
                0x000000000000692a       0x1a contiki-sky.a(clock.o)
                0x000000000000692a                clock_time
 .text.clock_init
                0x0000000000006944       0x28 contiki-sky.a(clock.o)
                0x0000000000006944                clock_init
 .text.clock_delay
                0x000000000000696c        0xc contiki-sky.a(clock.o)
                0x000000000000696c                clock_delay
 .text.clock_seconds
                0x0000000000006978       0x1a contiki-sky.a(clock.o)
                0x0000000000006978                clock_seconds
 .text.show_leds
                0x0000000000006992       0xf6 contiki-sky.a(leds.o)
 .text.leds_init
                0x0000000000006a88        0xa contiki-sky.a(leds.o)
                0x0000000000006a88                leds_init
 .text.leds_on  0x0000000000006a92        0xa contiki-sky.a(leds.o)
                0x0000000000006a92                leds_on
 .text.leds_off
                0x0000000000006a9c        0xe contiki-sky.a(leds.o)
                0x0000000000006a9c                leds_off
 .text.leds_arch_init
                0x0000000000006aaa        0xe contiki-sky.a(leds-arch.o)
                0x0000000000006aaa                leds_arch_init
 .text.leds_arch_set
                0x0000000000006ab8       0x3a contiki-sky.a(leds-arch.o)
                0x0000000000006ab8                leds_arch_set
 .text.watchdog_interrupt
                0x0000000000006af2        0x6 contiki-sky.a(watchdog.o)
                0x0000000000006af2                __isr_10
                0x0000000000006af2                watchdog_interrupt
 .text.watchdog_start
                0x0000000000006af8       0x14 contiki-sky.a(watchdog.o)
                0x0000000000006af8                watchdog_start
 .text.watchdog_periodic
                0x0000000000006b0c       0x12 contiki-sky.a(watchdog.o)
                0x0000000000006b0c                watchdog_periodic
 .text.watchdog_stop
                0x0000000000006b1e       0x16 contiki-sky.a(watchdog.o)
                0x0000000000006b1e                watchdog_stop
 .text.watchdog_init
                0x0000000000006b34       0x14 contiki-sky.a(watchdog.o)
                0x0000000000006b34                watchdog_init
 .text.rtimer_arch_init
                0x0000000000006b48        0xe contiki-sky.a(rtimer-arch.o)
                0x0000000000006b48                rtimer_arch_init
 .text.rtimer_arch_now
                0x0000000000006b56        0xe contiki-sky.a(rtimer-arch.o)
                0x0000000000006b56                rtimer_arch_now
 .text.timera0  0x0000000000006b64       0x70 contiki-sky.a(rtimer-arch.o)
                0x0000000000006b64                __isr_6
                0x0000000000006b64                timera0
 .text.rtimer_arch_schedule
                0x0000000000006bd4        0x6 contiki-sky.a(rtimer-arch.o)
                0x0000000000006bd4                rtimer_arch_schedule
 .text.autostart_start
                0x0000000000006bda       0x16 contiki-sky.a(autostart.o)
                0x0000000000006bda                autostart_start
 .text.process_thread_ctimer_process
                0x0000000000006bf0       0xa4 contiki-sky.a(ctimer.o)
 .text.ctimer_init
                0x0000000000006c94       0x18 contiki-sky.a(ctimer.o)
                0x0000000000006c94                ctimer_init
 .text.ctimer_set
                0x0000000000006cac       0x50 contiki-sky.a(ctimer.o)
                0x0000000000006cac                ctimer_set
 .text.ctimer_reset
                0x0000000000006cfc       0x30 contiki-sky.a(ctimer.o)
                0x0000000000006cfc                ctimer_reset
 .text.ctimer_stop
                0x0000000000006d2c       0x28 contiki-sky.a(ctimer.o)
                0x0000000000006d2c                ctimer_stop
 .text.energest_init
                0x0000000000006d54       0x28 contiki-sky.a(energest.o)
                0x0000000000006d54                energest_init
 .text.energest_type_time
                0x0000000000006d7c       0x46 contiki-sky.a(energest.o)
                0x0000000000006d7c                energest_type_time
 .text.energest_type_set
                0x0000000000006dc2        0xe contiki-sky.a(energest.o)
                0x0000000000006dc2                energest_type_set
 .text.energest_flush
                0x0000000000006dd0       0x48 contiki-sky.a(energest.o)
                0x0000000000006dd0                energest_flush
 .text.update_time
                0x0000000000006e18       0x78 contiki-sky.a(etimer.o)
 .text.etimer_request_poll
                0x0000000000006e90        0xa contiki-sky.a(etimer.o)
                0x0000000000006e90                etimer_request_poll
 .text.process_thread_etimer_process
                0x0000000000006e9a       0xc8 contiki-sky.a(etimer.o)
 .text.add_timer
                0x0000000000006f62       0x40 contiki-sky.a(etimer.o)
 .text.etimer_set
                0x0000000000006fa2       0x12 contiki-sky.a(etimer.o)
                0x0000000000006fa2                etimer_set
 .text.etimer_reset
                0x0000000000006fb4       0x12 contiki-sky.a(etimer.o)
                0x0000000000006fb4                etimer_reset
 .text.etimer_expired
                0x0000000000006fc6        0xe contiki-sky.a(etimer.o)
                0x0000000000006fc6                etimer_expired
 .text.etimer_expiration_time
                0x0000000000006fd4       0x14 contiki-sky.a(etimer.o)
                0x0000000000006fd4                etimer_expiration_time
 .text.etimer_pending
                0x0000000000006fe8        0xc contiki-sky.a(etimer.o)
                0x0000000000006fe8                etimer_pending
 .text.etimer_next_expiration_time
                0x0000000000006ff4       0x16 contiki-sky.a(etimer.o)
                0x0000000000006ff4                etimer_next_expiration_time
 .text.etimer_stop
                0x000000000000700a       0x3c contiki-sky.a(etimer.o)
                0x000000000000700a                etimer_stop
 .text.call_process
                0x0000000000007046       0x4a contiki-sky.a(process.o)
 .text.exit_process
                0x0000000000007090       0x96 contiki-sky.a(process.o)
 .text.do_poll  0x0000000000007126       0x30 contiki-sky.a(process.o)
 .text.process_alloc_event
                0x0000000000007156        0xe contiki-sky.a(process.o)
                0x0000000000007156                process_alloc_event
 .text.process_init
                0x0000000000007164       0x1c contiki-sky.a(process.o)
                0x0000000000007164                process_init
 .text.process_run
                0x0000000000007180       0xa2 contiki-sky.a(process.o)
                0x0000000000007180                process_run
 .text.process_nevents
                0x0000000000007222        0xe contiki-sky.a(process.o)
                0x0000000000007222                process_nevents
 .text.process_post
                0x0000000000007230       0x54 contiki-sky.a(process.o)
                0x0000000000007230                process_post
 .text.process_post_synch
                0x0000000000007284       0x12 contiki-sky.a(process.o)
                0x0000000000007284                process_post_synch
 .text.process_start
                0x0000000000007296       0x32 contiki-sky.a(process.o)
                0x0000000000007296                process_start
 .text.process_poll
                0x00000000000072c8       0x18 contiki-sky.a(process.o)
                0x00000000000072c8                process_poll
 .text.rtimer_init
                0x00000000000072e0        0x6 contiki-sky.a(rtimer.o)
                0x00000000000072e0                rtimer_init
 .text.rtimer_run_next
                0x00000000000072e6       0x26 contiki-sky.a(rtimer.o)
                0x00000000000072e6                rtimer_run_next
 .text.timer_set
                0x000000000000730c       0x1c contiki-sky.a(timer.o)
                0x000000000000730c                timer_set
 .text.timer_reset
                0x0000000000007328        0xe contiki-sky.a(timer.o)
                0x0000000000007328                timer_reset
 .text.timer_expired
                0x0000000000007336       0x2a contiki-sky.a(timer.o)
                0x0000000000007336                timer_expired
 .text.list_init
                0x0000000000007360        0x6 contiki-sky.a(list.o)
                0x0000000000007360                list_init
 .text.list_head
                0x0000000000007366        0x4 contiki-sky.a(list.o)
                0x0000000000007366                list_head
 .text.list_tail
                0x000000000000736a       0x12 contiki-sky.a(list.o)
                0x000000000000736a                list_tail
 .text.list_remove
                0x000000000000737c       0x34 contiki-sky.a(list.o)
                0x000000000000737c                list_remove
 .text.list_push
                0x00000000000073b0       0x1a contiki-sky.a(list.o)
                0x00000000000073b0                list_push
 .text.list_add
                0x00000000000073ca       0x2a contiki-sky.a(list.o)
                0x00000000000073ca                list_add
 .text.list_length
                0x00000000000073f4       0x10 contiki-sky.a(list.o)
                0x00000000000073f4                list_length
 .text.list_item_next
                0x0000000000007404        0xc contiki-sky.a(list.o)
                0x0000000000007404                list_item_next
 .text.random_init
                0x0000000000007410        0x6 contiki-sky.a(random.o)
                0x0000000000007410                random_init
 .text.random_rand
                0x0000000000007416        0x6 contiki-sky.a(random.o)
                0x0000000000007416                random_rand
 .text.uip_ds6_list_loop
                0x000000000000741c       0x86 contiki-sky.a(uip-ds6.o)
                0x000000000000741c                uip_ds6_list_loop
 .text.uip_ds6_prefix_add
                0x00000000000074a2       0x80 contiki-sky.a(uip-ds6.o)
                0x00000000000074a2                uip_ds6_prefix_add
 .text.uip_ds6_is_addr_onlink
                0x0000000000007522       0x54 contiki-sky.a(uip-ds6.o)
                0x0000000000007522                uip_ds6_is_addr_onlink
 .text.uip_ds6_addr_lookup
                0x0000000000007576       0x2a contiki-sky.a(uip-ds6.o)
                0x0000000000007576                uip_ds6_addr_lookup
 .text.uip_ds6_get_link_local
                0x00000000000075a0       0x3e contiki-sky.a(uip-ds6.o)
                0x00000000000075a0                uip_ds6_get_link_local
 .text.uip_ds6_maddr_add
                0x00000000000075de       0x4c contiki-sky.a(uip-ds6.o)
                0x00000000000075de                uip_ds6_maddr_add
 .text.uip_ds6_addr_add
                0x000000000000762a       0xc4 contiki-sky.a(uip-ds6.o)
                0x000000000000762a                uip_ds6_addr_add
 .text.uip_ds6_maddr_lookup
                0x00000000000076ee       0x2a contiki-sky.a(uip-ds6.o)
                0x00000000000076ee                uip_ds6_maddr_lookup
 .text.uip_ds6_addr_rm
                0x0000000000007718       0x54 contiki-sky.a(uip-ds6.o)
                0x0000000000007718                uip_ds6_addr_rm
 .text.uip_ds6_periodic
                0x000000000000776c       0x4a contiki-sky.a(uip-ds6.o)
                0x000000000000776c                uip_ds6_periodic
 .text.uip_ds6_set_addr_iid
                0x00000000000077b6       0x14 contiki-sky.a(uip-ds6.o)
                0x00000000000077b6                uip_ds6_set_addr_iid
 .text.get_match_length
                0x00000000000077ca       0x3e contiki-sky.a(uip-ds6.o)
                0x00000000000077ca                get_match_length
 .text.uip_ds6_select_src
                0x0000000000007808       0xaa contiki-sky.a(uip-ds6.o)
                0x0000000000007808                uip_ds6_select_src
 .text.uip_ds6_compute_reachable_time
                0x00000000000078b2       0x3e contiki-sky.a(uip-ds6.o)
                0x00000000000078b2                uip_ds6_compute_reachable_time
 .text.uip_ds6_init
                0x00000000000078f0      0x154 contiki-sky.a(uip-ds6.o)
                0x00000000000078f0                uip_ds6_init
 .text.call_route_callback
                0x0000000000007a44       0x4c contiki-sky.a(uip-ds6-route.o)
 .text.uip_ds6_route_init
                0x0000000000007a90       0x36 contiki-sky.a(uip-ds6-route.o)
                0x0000000000007a90                uip_ds6_route_init
 .text.uip_ds6_route_nexthop
                0x0000000000007ac6       0x1a contiki-sky.a(uip-ds6-route.o)
                0x0000000000007ac6                uip_ds6_route_nexthop
 .text.uip_ds6_route_head
                0x0000000000007ae0        0xa contiki-sky.a(uip-ds6-route.o)
                0x0000000000007ae0                uip_ds6_route_head
 .text.uip_ds6_route_next
                0x0000000000007aea        0xe contiki-sky.a(uip-ds6-route.o)
                0x0000000000007aea                uip_ds6_route_next
 .text.assert_nbr_routes_list_sane
                0x0000000000007af8       0x48 contiki-sky.a(uip-ds6-route.o)
 .text.uip_ds6_route_lookup
                0x0000000000007b40       0x8c contiki-sky.a(uip-ds6-route.o)
                0x0000000000007b40                uip_ds6_route_lookup
 .text.uip_ds6_route_rm
                0x0000000000007bcc       0xac contiki-sky.a(uip-ds6-route.o)
                0x0000000000007bcc                uip_ds6_route_rm
 .text.rm_routelist
                0x0000000000007c78       0x3c contiki-sky.a(uip-ds6-route.o)
 .text.rm_routelist_callback
                0x0000000000007cb4        0x6 contiki-sky.a(uip-ds6-route.o)
 .text.uip_ds6_route_add
                0x0000000000007cba      0x124 contiki-sky.a(uip-ds6-route.o)
                0x0000000000007cba                uip_ds6_route_add
 .text.uip_ds6_defrt_rm
                0x0000000000007dde       0x60 contiki-sky.a(uip-ds6-route.o)
                0x0000000000007dde                uip_ds6_defrt_rm
 .text.uip_ds6_defrt_lookup
                0x0000000000007e3e       0x36 contiki-sky.a(uip-ds6-route.o)
                0x0000000000007e3e                uip_ds6_defrt_lookup
 .text.uip_ds6_defrt_add
                0x0000000000007e74       0x8e contiki-sky.a(uip-ds6-route.o)
                0x0000000000007e74                uip_ds6_defrt_add
 .text.uip_ds6_defrt_choose
                0x0000000000007f02       0x3a contiki-sky.a(uip-ds6-route.o)
                0x0000000000007f02                uip_ds6_defrt_choose
 .text.uip_ds6_defrt_periodic
                0x0000000000007f3c       0x38 contiki-sky.a(uip-ds6-route.o)
                0x0000000000007f3c                uip_ds6_defrt_periodic
 .text.chksum   0x0000000000007f74       0x32 contiki-sky.a(uip6.o)
 .text.upper_layer_chksum
                0x0000000000007fa6       0x56 contiki-sky.a(uip6.o)
 .text.ext_hdr_options_process
                0x0000000000007ffc       0xda contiki-sky.a(uip6.o)
 .text.uip_icmp6chksum
                0x00000000000080d6        0xa contiki-sky.a(uip6.o)
                0x00000000000080d6                uip_icmp6chksum
 .text.uip_udpchksum
                0x00000000000080e0        0xa contiki-sky.a(uip6.o)
                0x00000000000080e0                uip_udpchksum
 .text.uip_init
                0x00000000000080ea       0x42 contiki-sky.a(uip6.o)
                0x00000000000080ea                uip_init
 .text.remove_ext_hdr
                0x000000000000812c       0x5a contiki-sky.a(uip6.o)
                0x000000000000812c                remove_ext_hdr
 .text.uip_udp_new
                0x0000000000008186       0xf4 contiki-sky.a(uip6.o)
                0x0000000000008186                uip_udp_new
 .text.uip_process
                0x000000000000827a      0x4a2 contiki-sky.a(uip6.o)
                0x000000000000827a                uip_process
 .text.uip_htons
                0x000000000000871c        0xc contiki-sky.a(uip6.o)
                0x000000000000871c                uip_htons
 .text.uip_htonl
                0x0000000000008728       0x2e contiki-sky.a(uip6.o)
                0x0000000000008728                uip_htonl
 .text.uip_ds6_nbr_rm
                0x0000000000008756       0x1a contiki-sky.a(uip-ds6-nbr.o)
                0x0000000000008756                uip_ds6_nbr_rm
 .text.uip_ds6_neighbors_init
                0x0000000000008770        0xe contiki-sky.a(uip-ds6-nbr.o)
                0x0000000000008770                uip_ds6_neighbors_init
 .text.uip_ds6_nbr_add
                0x000000000000877e       0x60 contiki-sky.a(uip-ds6-nbr.o)
                0x000000000000877e                uip_ds6_nbr_add
 .text.uip_ds6_nbr_get_ll
                0x00000000000087de        0xc contiki-sky.a(uip-ds6-nbr.o)
                0x00000000000087de                uip_ds6_nbr_get_ll
 .text.uip_ds6_nbr_lookup
                0x00000000000087ea       0x42 contiki-sky.a(uip-ds6-nbr.o)
                0x00000000000087ea                uip_ds6_nbr_lookup
 .text.uip_ds6_nbr_ll_lookup
                0x000000000000882c        0xc contiki-sky.a(uip-ds6-nbr.o)
                0x000000000000882c                uip_ds6_nbr_ll_lookup
 .text.uip_ds6_nbr_ipaddr_from_lladdr
                0x0000000000008838        0x6 contiki-sky.a(uip-ds6-nbr.o)
                0x0000000000008838                uip_ds6_nbr_ipaddr_from_lladdr
 .text.uip_ds6_nbr_lladdr_from_ipaddr
                0x000000000000883e       0x12 contiki-sky.a(uip-ds6-nbr.o)
                0x000000000000883e                uip_ds6_nbr_lladdr_from_ipaddr
 .text.uip_ds6_link_neighbor_callback
                0x0000000000008850       0x2a contiki-sky.a(uip-ds6-nbr.o)
                0x0000000000008850                uip_ds6_link_neighbor_callback
 .text.uip_ds6_neighbor_periodic
                0x000000000000887a       0x60 contiki-sky.a(uip-ds6-nbr.o)
                0x000000000000887a                uip_ds6_neighbor_periodic
 .text.uip_nd6_init
                0x00000000000088da        0x2 contiki-sky.a(uip-nd6.o)
                0x00000000000088da                uip_nd6_init
 .text.set_packet_attrs
                0x00000000000088dc       0x44 contiki-sky.a(sicslowpan.o)
 .text.addr_context_lookup_by_number
                0x0000000000008920       0x36 contiki-sky.a(sicslowpan.o)
 .text.compress_addr_64
                0x0000000000008956       0xae contiki-sky.a(sicslowpan.o)
 .text.uncompress_addr
                0x0000000000008a04       0xb4 contiki-sky.a(sicslowpan.o)
 .text.input    0x0000000000008ab8      0x65c contiki-sky.a(sicslowpan.o)
 .text.sicslowpan_init
                0x0000000000009114       0x26 contiki-sky.a(sicslowpan.o)
                0x0000000000009114                sicslowpan_init
 .text.addr_context_lookup_by_prefix
                0x000000000000913a       0x4c contiki-sky.a(sicslowpan.o)
 .text.send_packet
                0x0000000000009186       0x1a contiki-sky.a(sicslowpan.o)
 .text.output   0x00000000000091a0      0x6da contiki-sky.a(sicslowpan.o)
 .text.packet_sent
                0x000000000000987a       0x22 contiki-sky.a(sicslowpan.o)
 .text.uip_debug_ipaddr_print
                0x000000000000989c       0x7c contiki-sky.a(uip-debug.o)
                0x000000000000989c                uip_debug_ipaddr_print
 .text.tcpip_output
                0x0000000000009918       0x10 contiki-sky.a(tcpip.o)
                0x0000000000009918                tcpip_output
 .text.tcpip_set_outputfunc
                0x0000000000009928        0x6 contiki-sky.a(tcpip.o)
                0x0000000000009928                tcpip_set_outputfunc
 .text.udp_new  0x000000000000992e       0x1a contiki-sky.a(tcpip.o)
                0x000000000000992e                udp_new
 .text.tcpip_input
                0x0000000000009948       0x16 contiki-sky.a(tcpip.o)
                0x0000000000009948                tcpip_input
 .text.tcpip_ipv6_output
                0x000000000000995e       0xce contiki-sky.a(tcpip.o)
                0x000000000000995e                tcpip_ipv6_output
 .text.process_thread_tcpip_process
                0x0000000000009a2c       0xd0 contiki-sky.a(tcpip.o)
 .text.tcpip_uipcall
                0x0000000000009afc       0x2a contiki-sky.a(tcpip.o)
                0x0000000000009afc                tcpip_uipcall
 .text.process_thread_simple_udp_process
                0x0000000000009b26       0xac contiki-sky.a(simple-udp.o)
 .text.simple_udp_send
                0x0000000000009bd2       0x2e contiki-sky.a(simple-udp.o)
                0x0000000000009bd2                simple_udp_send
 .text.simple_udp_register
                0x0000000000009c00       0x9a contiki-sky.a(simple-udp.o)
                0x0000000000009c00                simple_udp_register
 .text.lollipop_greater_than
                0x0000000000009c9a       0x44 contiki-sky.a(rpl-dag.o)
 .text.acceptable_rank
                0x0000000000009cde       0x50 contiki-sky.a(rpl-dag.o)
 .text.find_parent_any_dag_any_instance
                0x0000000000009d2e       0x14 contiki-sky.a(rpl-dag.o)
 .text.rpl_set_preferred_parent
                0x0000000000009d42       0x30 contiki-sky.a(rpl-dag.o)
 .text.set_ip_from_prefix
                0x0000000000009d72       0x38 contiki-sky.a(rpl-dag.o)
 .text.check_prefix
                0x0000000000009daa       0x80 contiki-sky.a(rpl-dag.o)
 .text.rpl_get_nbr
                0x0000000000009e2a       0x1e contiki-sky.a(rpl-dag.o)
                0x0000000000009e2a                rpl_get_nbr
 .text.rpl_dag_init
                0x0000000000009e48        0xe contiki-sky.a(rpl-dag.o)
                0x0000000000009e48                rpl_dag_init
 .text.rpl_get_parent
                0x0000000000009e56        0xc contiki-sky.a(rpl-dag.o)
                0x0000000000009e56                rpl_get_parent
 .text.rpl_get_parent_ipaddr
                0x0000000000009e62       0x10 contiki-sky.a(rpl-dag.o)
                0x0000000000009e62                rpl_get_parent_ipaddr
 .text.rpl_set_prefix
                0x0000000000009e72       0x8e contiki-sky.a(rpl-dag.o)
                0x0000000000009e72                rpl_set_prefix
 .text.rpl_set_default_route
                0x0000000000009f00       0x5a contiki-sky.a(rpl-dag.o)
                0x0000000000009f00                rpl_set_default_route
 .text.rpl_alloc_instance
                0x0000000000009f5a       0x34 contiki-sky.a(rpl-dag.o)
                0x0000000000009f5a                rpl_alloc_instance
 .text.rpl_add_parent
                0x0000000000009f8e       0x56 contiki-sky.a(rpl-dag.o)
                0x0000000000009f8e                rpl_add_parent
 .text.rpl_find_parent
                0x0000000000009fe4       0x1a contiki-sky.a(rpl-dag.o)
                0x0000000000009fe4                rpl_find_parent
 .text.rpl_find_parent_any_dag
                0x0000000000009ffe       0x22 contiki-sky.a(rpl-dag.o)
                0x0000000000009ffe                rpl_find_parent_any_dag
 .text.rpl_select_parent
                0x000000000000a020       0x7e contiki-sky.a(rpl-dag.o)
                0x000000000000a020                rpl_select_parent
 .text.rpl_select_dag
                0x000000000000a09e      0x182 contiki-sky.a(rpl-dag.o)
                0x000000000000a09e                rpl_select_dag
 .text.rpl_nullify_parent
                0x000000000000a220       0x54 contiki-sky.a(rpl-dag.o)
                0x000000000000a220                rpl_nullify_parent
 .text.rpl_remove_parent
                0x000000000000a274       0x16 contiki-sky.a(rpl-dag.o)
                0x000000000000a274                rpl_remove_parent
 .text.nbr_callback
                0x000000000000a28a        0x6 contiki-sky.a(rpl-dag.o)
 .text.remove_parents.constprop.2
                0x000000000000a290       0x32 contiki-sky.a(rpl-dag.o)
 .text.rpl_move_parent
                0x000000000000a2c2       0x5a contiki-sky.a(rpl-dag.o)
                0x000000000000a2c2                rpl_move_parent
 .text.rpl_get_any_dag
                0x000000000000a31c       0x18 contiki-sky.a(rpl-dag.o)
                0x000000000000a31c                rpl_get_any_dag
 .text.rpl_get_instance
                0x000000000000a334       0x1a contiki-sky.a(rpl-dag.o)
                0x000000000000a334                rpl_get_instance
 .text.rpl_alloc_dag
                0x000000000000a34e       0x60 contiki-sky.a(rpl-dag.o)
                0x000000000000a34e                rpl_alloc_dag
 .text.rpl_repair_root
                0x000000000000a3ae       0x50 contiki-sky.a(rpl-dag.o)
                0x000000000000a3ae                rpl_repair_root
 .text.rpl_find_of
                0x000000000000a3fe       0x10 contiki-sky.a(rpl-dag.o)
                0x000000000000a3fe                rpl_find_of
 .text.rpl_join_instance
                0x000000000000a40e      0x13c contiki-sky.a(rpl-dag.o)
                0x000000000000a40e                rpl_join_instance
 .text.rpl_local_repair
                0x000000000000a54a       0x7c contiki-sky.a(rpl-dag.o)
                0x000000000000a54a                rpl_local_repair
 .text.rpl_process_parent_event
                0x000000000000a5c6       0x4e contiki-sky.a(rpl-dag.o)
                0x000000000000a5c6                rpl_process_parent_event
 .text.rpl_recalculate_ranks
                0x000000000000a614       0x48 contiki-sky.a(rpl-dag.o)
                0x000000000000a614                rpl_recalculate_ranks
 .text.rpl_add_dag
                0x000000000000a65c      0x112 contiki-sky.a(rpl-dag.o)
                0x000000000000a65c                rpl_add_dag
 .text.rpl_process_dio
                0x000000000000a76e      0x2e2 contiki-sky.a(rpl-dag.o)
                0x000000000000a76e                rpl_process_dio
 .text.rpl_lock_parent
                0x000000000000aa50        0xc contiki-sky.a(rpl-dag.o)
                0x000000000000aa50                rpl_lock_parent
 .text.new_dio_interval
                0x000000000000aa5c       0x92 contiki-sky.a(rpl-timers.o)
 .text.handle_periodic_timer
                0x000000000000aaee       0x2e contiki-sky.a(rpl-timers.o)
 .text.set_dao_lifetime_timer
                0x000000000000ab1c       0x52 contiki-sky.a(rpl-timers.o)
 .text.schedule_dao
                0x000000000000ab6e       0x82 contiki-sky.a(rpl-timers.o)
 .text.handle_dio_timer
                0x000000000000abf0       0x88 contiki-sky.a(rpl-timers.o)
 .text.handle_dao_timer
                0x000000000000ac78       0x64 contiki-sky.a(rpl-timers.o)
 .text.rpl_reset_periodic_timer
                0x000000000000acdc       0x60 contiki-sky.a(rpl-timers.o)
                0x000000000000acdc                rpl_reset_periodic_timer
 .text.rpl_reset_dio_timer
                0x000000000000ad3c       0x18 contiki-sky.a(rpl-timers.o)
                0x000000000000ad3c                rpl_reset_dio_timer
 .text.rpl_schedule_dao
                0x000000000000ad54        0xc contiki-sky.a(rpl-timers.o)
                0x000000000000ad54                rpl_schedule_dao
 .text.rpl_schedule_probing
                0x000000000000ad60       0x3c contiki-sky.a(rpl-timers.o)
                0x000000000000ad60                rpl_schedule_probing
 .text.handle_probing_timer
                0x000000000000ad9c      0x124 contiki-sky.a(rpl-timers.o)
 .text.rpl_verify_header
                0x000000000000aec0       0xba contiki-sky.a(rpl-ext-header.)
                0x000000000000aec0                rpl_verify_header
 .text.rpl_update_header_empty
                0x000000000000af7a      0x126 contiki-sky.a(rpl-ext-header.)
                0x000000000000af7a                rpl_update_header_empty
 .text.rpl_update_header_final
                0x000000000000b0a0       0x94 contiki-sky.a(rpl-ext-header.)
                0x000000000000b0a0                rpl_update_header_final
 .text.rpl_invert_header
                0x000000000000b134       0x7a contiki-sky.a(rpl-ext-header.)
                0x000000000000b134                rpl_invert_header
 .text.rpl_insert_header
                0x000000000000b1ae       0x12 contiki-sky.a(rpl-ext-header.)
                0x000000000000b1ae                rpl_insert_header
 .text.rpl_get_mode
                0x000000000000b1c0        0x6 contiki-sky.a(rpl.o)
                0x000000000000b1c0                rpl_get_mode
 .text.rpl_purge_routes
                0x000000000000b1c6       0x96 contiki-sky.a(rpl.o)
                0x000000000000b1c6                rpl_purge_routes
 .text.rpl_remove_routes
                0x000000000000b25c       0x22 contiki-sky.a(rpl.o)
                0x000000000000b25c                rpl_remove_routes
 .text.rpl_remove_routes_by_nexthop
                0x000000000000b27e       0x46 contiki-sky.a(rpl.o)
                0x000000000000b27e                rpl_remove_routes_by_nexthop
 .text.rpl_add_route
                0x000000000000b2c4       0x44 contiki-sky.a(rpl.o)
                0x000000000000b2c4                rpl_add_route
 .text.rpl_link_neighbor_callback
                0x000000000000b308       0x7c contiki-sky.a(rpl.o)
                0x000000000000b308                rpl_link_neighbor_callback
 .text.rpl_ipv6_neighbor_callback
                0x000000000000b384       0x1e contiki-sky.a(rpl.o)
                0x000000000000b384                rpl_ipv6_neighbor_callback
 .text.rpl_init
                0x000000000000b3a2       0x4a contiki-sky.a(rpl.o)
                0x000000000000b3a2                rpl_init
 .text.reset    0x000000000000b3ec        0x2 contiki-sky.a(rpl-mrhof.o)
 .text.update_metric_container
                0x000000000000b3ee        0x6 contiki-sky.a(rpl-mrhof.o)
 .text.calculate_rank
                0x000000000000b3f4       0x3e contiki-sky.a(rpl-mrhof.o)
 .text.best_parent
                0x000000000000b432       0x74 contiki-sky.a(rpl-mrhof.o)
 .text.neighbor_link_callback
                0x000000000000b4a6       0xa2 contiki-sky.a(rpl-mrhof.o)
 .text.best_dag
                0x000000000000b548       0x34 contiki-sky.a(rpl-mrhof.o)
 .text.send_packet
                0x000000000000b57c        0x6 contiki-sky.a(nullmac.o)
 .text.packet_input
                0x000000000000b582        0x6 contiki-sky.a(nullmac.o)
 .text.on       0x000000000000b588        0x6 contiki-sky.a(nullmac.o)
 .text.off      0x000000000000b58e        0x6 contiki-sky.a(nullmac.o)
 .text.channel_check_interval
                0x000000000000b594        0x4 contiki-sky.a(nullmac.o)
 .text.init     0x000000000000b598        0x2 contiki-sky.a(nullmac.o)
 .text.on       0x000000000000b59a        0x6 contiki-sky.a(nullrdc.o)
 .text.channel_check_interval
                0x000000000000b5a0        0x4 contiki-sky.a(nullrdc.o)
 .text.init     0x000000000000b5a4        0x6 contiki-sky.a(nullrdc.o)
 .text.send_one_packet
                0x000000000000b5aa       0x6a contiki-sky.a(nullrdc.o)
 .text.send_list
                0x000000000000b614       0x30 contiki-sky.a(nullrdc.o)
 .text.send_packet
                0x000000000000b644        0x6 contiki-sky.a(nullrdc.o)
 .text.off      0x000000000000b64a       0x10 contiki-sky.a(nullrdc.o)
 .text.packet_input
                0x000000000000b65a       0x26 contiki-sky.a(nullrdc.o)
 .text.parse    0x000000000000b680       0xa0 contiki-sky.a(framer-802154.o)
 .text.create_frame.isra.0
                0x000000000000b720      0x108 contiki-sky.a(framer-802154.o)
 .text.create   0x000000000000b828        0x8 contiki-sky.a(framer-802154.o)
 .text.hdr_length
                0x000000000000b830        0x8 contiki-sky.a(framer-802154.o)
 .text.field_len
                0x000000000000b838       0x98 contiki-sky.a(frame802154.o)
 .text.frame802154_hdrlen
                0x000000000000b8d0       0x2e contiki-sky.a(frame802154.o)
                0x000000000000b8d0                frame802154_hdrlen
 .text.frame802154_create
                0x000000000000b8fe      0x146 contiki-sky.a(frame802154.o)
                0x000000000000b8fe                frame802154_create
 .text.frame802154_parse
                0x000000000000ba44      0x1da contiki-sky.a(frame802154.o)
                0x000000000000ba44                frame802154_parse
 .text.mac_call_sent_callback
                0x000000000000bc1e       0x14 contiki-sky.a(mac.o)
                0x000000000000bc1e                mac_call_sent_callback
 .text.framer_canonical_create_and_secure
                0x000000000000bc32       0x20 contiki-sky.a(framer.o)
                0x000000000000bc32                framer_canonical_create_and_secure
 .text.queuebuf_init
                0x000000000000bc52       0x12 contiki-sky.a(queuebuf.o)
                0x000000000000bc52                queuebuf_init
 .text.queuebuf_numfree
                0x000000000000bc64        0xa contiki-sky.a(queuebuf.o)
                0x000000000000bc64                queuebuf_numfree
 .text.queuebuf_new_from_packetbuf
                0x000000000000bc6e       0x52 contiki-sky.a(queuebuf.o)
                0x000000000000bc6e                queuebuf_new_from_packetbuf
 .text.queuebuf_free
                0x000000000000bcc0       0x2a contiki-sky.a(queuebuf.o)
                0x000000000000bcc0                queuebuf_free
 .text.queuebuf_to_packetbuf
                0x000000000000bcea       0x32 contiki-sky.a(queuebuf.o)
                0x000000000000bcea                queuebuf_to_packetbuf
 .text.index_from_key
                0x000000000000bd1c       0x48 contiki-sky.a(nbr-table.o)
 .text.item_from_key
                0x000000000000bd64       0x34 contiki-sky.a(nbr-table.o)
 .text.nbr_set_bit
                0x000000000000bd98       0x8e contiki-sky.a(nbr-table.o)
 .text.index_from_lladdr
                0x000000000000be26       0x42 contiki-sky.a(nbr-table.o)
 .text.nbr_get_bit.constprop.0
                0x000000000000be68       0x62 contiki-sky.a(nbr-table.o)
 .text.nbr_table_register
                0x000000000000beca       0x28 contiki-sky.a(nbr-table.o)
                0x000000000000beca                nbr_table_register
 .text.nbr_table_next
                0x000000000000bef2       0x90 contiki-sky.a(nbr-table.o)
                0x000000000000bef2                nbr_table_next
 .text.nbr_table_head
                0x000000000000bf82       0x36 contiki-sky.a(nbr-table.o)
                0x000000000000bf82                nbr_table_head
 .text.nbr_table_add_lladdr
                0x000000000000bfb8      0x144 contiki-sky.a(nbr-table.o)
                0x000000000000bfb8                nbr_table_add_lladdr
 .text.nbr_table_get_from_lladdr
                0x000000000000c0fc       0x48 contiki-sky.a(nbr-table.o)
                0x000000000000c0fc                nbr_table_get_from_lladdr
 .text.nbr_table_remove
                0x000000000000c144       0x32 contiki-sky.a(nbr-table.o)
                0x000000000000c144                nbr_table_remove
 .text.nbr_table_lock
                0x000000000000c176       0x10 contiki-sky.a(nbr-table.o)
                0x000000000000c176                nbr_table_lock
 .text.nbr_table_unlock
                0x000000000000c186       0x10 contiki-sky.a(nbr-table.o)
                0x000000000000c186                nbr_table_unlock
 .text.nbr_table_get_lladdr
                0x000000000000c196       0x5a contiki-sky.a(nbr-table.o)
                0x000000000000c196                nbr_table_get_lladdr
 .text.packetbuf_compact
                0x000000000000c1f0       0x2e contiki-sky.a(packetbuf.o)
                0x000000000000c1f0                packetbuf_compact
 .text.packetbuf_copyto
                0x000000000000c21e       0x52 contiki-sky.a(packetbuf.o)
                0x000000000000c21e                packetbuf_copyto
 .text.packetbuf_hdrreduce
                0x000000000000c270       0x1a contiki-sky.a(packetbuf.o)
                0x000000000000c270                packetbuf_hdrreduce
 .text.packetbuf_set_datalen
                0x000000000000c28a        0x6 contiki-sky.a(packetbuf.o)
                0x000000000000c28a                packetbuf_set_datalen
 .text.packetbuf_dataptr
                0x000000000000c290        0xe contiki-sky.a(packetbuf.o)
                0x000000000000c290                packetbuf_dataptr
 .text.packetbuf_hdrptr
                0x000000000000c29e        0xa contiki-sky.a(packetbuf.o)
                0x000000000000c29e                packetbuf_hdrptr
 .text.packetbuf_datalen
                0x000000000000c2a8        0x6 contiki-sky.a(packetbuf.o)
                0x000000000000c2a8                packetbuf_datalen
 .text.packetbuf_hdrlen
                0x000000000000c2ae       0x10 contiki-sky.a(packetbuf.o)
                0x000000000000c2ae                packetbuf_hdrlen
 .text.packetbuf_totlen
                0x000000000000c2be        0xc contiki-sky.a(packetbuf.o)
                0x000000000000c2be                packetbuf_totlen
 .text.packetbuf_hdralloc
                0x000000000000c2ca       0x2e contiki-sky.a(packetbuf.o)
                0x000000000000c2ca                packetbuf_hdralloc
 .text.packetbuf_attr_clear
                0x000000000000c2f8       0x28 contiki-sky.a(packetbuf.o)
                0x000000000000c2f8                packetbuf_attr_clear
 .text.packetbuf_clear
                0x000000000000c320       0x1a contiki-sky.a(packetbuf.o)
                0x000000000000c320                packetbuf_clear
 .text.packetbuf_copyfrom
                0x000000000000c33a       0x2e contiki-sky.a(packetbuf.o)
                0x000000000000c33a                packetbuf_copyfrom
 .text.packetbuf_attr_copyto
                0x000000000000c368       0x22 contiki-sky.a(packetbuf.o)
                0x000000000000c368                packetbuf_attr_copyto
 .text.packetbuf_attr_copyfrom
                0x000000000000c38a       0x24 contiki-sky.a(packetbuf.o)
                0x000000000000c38a                packetbuf_attr_copyfrom
 .text.packetbuf_holds_broadcast
                0x000000000000c3ae        0xe contiki-sky.a(packetbuf.o)
                0x000000000000c3ae                packetbuf_holds_broadcast
 .text.linkaddr_copy
                0x000000000000c3bc        0x8 contiki-sky.a(linkaddr.o)
                0x000000000000c3bc                linkaddr_copy
 .text.linkaddr_cmp
                0x000000000000c3c4       0x12 contiki-sky.a(linkaddr.o)
                0x000000000000c3c4                linkaddr_cmp
 .text.linkaddr_set_node_addr
                0x000000000000c3d6        0xc contiki-sky.a(linkaddr.o)
                0x000000000000c3d6                linkaddr_set_node_addr
 .text.bootstrap
                0x000000000000c3e2        0x4 contiki-sky.a(nullsec.o)
 .text.send     0x000000000000c3e6        0xa contiki-sky.a(nullsec.o)
 .text.on_frame_created
                0x000000000000c3f0        0x4 contiki-sky.a(nullsec.o)
 .text.input    0x000000000000c3f4        0x6 contiki-sky.a(nullsec.o)
 .text.get_overhead
                0x000000000000c3fa        0x4 contiki-sky.a(nullsec.o)
 .text.spi_init
                0x000000000000c3fe       0x32 contiki-sky.a(spi.o)
                0x000000000000c3fe                spi_init
 .text.stimer_set
                0x000000000000c430       0x1c contiki-sky.a(stimer.o)
                0x000000000000c430                stimer_set
 .text.stimer_expired
                0x000000000000c44c       0x30 contiki-sky.a(stimer.o)
                0x000000000000c44c                stimer_expired
 .text.memb_init
                0x000000000000c47c       0x36 contiki-sky.a(memb.o)
                0x000000000000c47c                memb_init
 .text.memb_alloc
                0x000000000000c4b2       0x3e contiki-sky.a(memb.o)
                0x000000000000c4b2                memb_alloc
 .text.memb_free
                0x000000000000c4f0       0x3a contiki-sky.a(memb.o)
                0x000000000000c4f0                memb_free
 .text.memb_inmemb
                0x000000000000c52a       0x2e contiki-sky.a(memb.o)
                0x000000000000c52a                memb_inmemb
 .text.memb_numfree
                0x000000000000c558       0x26 contiki-sky.a(memb.o)
                0x000000000000c558                memb_numfree
 .text.echo_reply_input
                0x000000000000c57e      0x112 contiki-sky.a(uip-icmp6.o)
 .text.echo_request_input
                0x000000000000c690      0x12c contiki-sky.a(uip-icmp6.o)
 .text.uip_icmp6_input
                0x000000000000c7bc       0x44 contiki-sky.a(uip-icmp6.o)
                0x000000000000c7bc                uip_icmp6_input
 .text.uip_icmp6_register_input_handler
                0x000000000000c800        0xc contiki-sky.a(uip-icmp6.o)
                0x000000000000c800                uip_icmp6_register_input_handler
 .text.uip_icmp6_error_output
                0x000000000000c80c      0x17a contiki-sky.a(uip-icmp6.o)
                0x000000000000c80c                uip_icmp6_error_output
 .text.uip_icmp6_send
                0x000000000000c986       0x96 contiki-sky.a(uip-icmp6.o)
                0x000000000000c986                uip_icmp6_send
 .text.uip_icmp6_init
                0x000000000000ca1c       0x12 contiki-sky.a(uip-icmp6.o)
                0x000000000000ca1c                uip_icmp6_init
 .text.uip_udp_packet_send
                0x000000000000ca2e       0x2e contiki-sky.a(uip-udp-packet.)
                0x000000000000ca2e                uip_udp_packet_send
 .text.uip_udp_packet_sendto
                0x000000000000ca5c       0x66 contiki-sky.a(uip-udp-packet.)
                0x000000000000ca5c                uip_udp_packet_sendto
 .text.get32    0x000000000000cac2       0x46 contiki-sky.a(rpl-icmp6.o)
 .text.set32    0x000000000000cb08       0x2a contiki-sky.a(rpl-icmp6.o)
 .text.get16    0x000000000000cb32        0xe contiki-sky.a(rpl-icmp6.o)
 .text.set16    0x000000000000cb40       0x10 contiki-sky.a(rpl-icmp6.o)
 .text.dao_ack_input
                0x000000000000cb50        0x6 contiki-sky.a(rpl-icmp6.o)
 .text.dio_input
                0x000000000000cb56      0x2d2 contiki-sky.a(rpl-icmp6.o)
 .text.dis_output
                0x000000000000ce28       0x50 contiki-sky.a(rpl-icmp6.o)
                0x000000000000ce28                dis_output
 .text.dio_output
                0x000000000000ce78      0x268 contiki-sky.a(rpl-icmp6.o)
                0x000000000000ce78                dio_output
 .text.dis_input
                0x000000000000d0e0       0x28 contiki-sky.a(rpl-icmp6.o)
 .text.dao_output_target
                0x000000000000d108       0xea contiki-sky.a(rpl-icmp6.o)
                0x000000000000d108                dao_output_target
 .text.dao_output
                0x000000000000d1f2       0x80 contiki-sky.a(rpl-icmp6.o)
                0x000000000000d1f2                dao_output
 .text.dao_ack_output
                0x000000000000d272       0x32 contiki-sky.a(rpl-icmp6.o)
                0x000000000000d272                dao_ack_output
 .text.dao_input
                0x000000000000d2a4      0x2a8 contiki-sky.a(rpl-icmp6.o)
 .text.rpl_icmp6_register_handlers
                0x000000000000d54c       0x22 contiki-sky.a(rpl-icmp6.o)
                0x000000000000d54c                rpl_icmp6_register_handlers
 .text.libgcc   0x000000000000d56e       0x2c /usr/lib/gcc/msp430/4.6.3/mmpy-16/libgcc.a(_mulsi3.o)
                0x000000000000d56e                __mulsi3
 .text.libgcc   0x000000000000d59a       0x22 /usr/lib/gcc/msp430/4.6.3/mmpy-16/libgcc.a(_udivmod16.o)
                0x000000000000d59a                __udivhi3
                0x000000000000d59a                __ext_udivmod16
                0x000000000000d5b4                __umodhi3
 .text.libgcc   0x000000000000d5bc       0x3a /usr/lib/gcc/msp430/4.6.3/mmpy-16/libgcc.a(_divmod16.o)
                0x000000000000d5bc                __ext_divmod16
                0x000000000000d5bc                __divhi3
                0x000000000000d5ee                __modhi3
 .text.libgcc   0x000000000000d5f6       0x40 /usr/lib/gcc/msp430/4.6.3/mmpy-16/libgcc.a(_udivmod32.o)
                0x000000000000d5f6                __udivsi3
                0x000000000000d5f6                __ext_udivmod32
                0x000000000000d62c                __umodsi3
 .text          0x000000000000d636       0x12 /usr/lib/gcc/msp430/4.6.3/../../../../msp430/lib/mmpy-16/libc.a(strchr.o)
                0x000000000000d636                strchr
 .text          0x000000000000d648       0x1e /usr/lib/gcc/msp430/4.6.3/../../../../msp430/lib/mmpy-16/libc.a(strcmp.o)
                0x000000000000d648                strcmp
 .text          0x000000000000d666       0x20 /usr/lib/gcc/msp430/4.6.3/../../../../msp430/lib/mmpy-16/libc.a(memcmp.o)
                0x000000000000d666                memcmp
 .text          0x000000000000d686       0x14 /usr/lib/gcc/msp430/4.6.3/../../../../msp430/lib/mmpy-16/libc.a(strcpy.o)
                0x000000000000d686                strcpy
 .text          0x000000000000d69a       0x2a /usr/lib/gcc/msp430/4.6.3/../../../../msp430/lib/mmpy-16/libc.a(strncpy.o)
                0x000000000000d69a                strncpy
 .text          0x000000000000d6c4       0xfa /usr/lib/gcc/msp430/4.6.3/../../../../msp430/lib/mmpy-16/libc.a(memcpy.o)
                0x000000000000d6c4                memcpy
 .text          0x000000000000d7be       0xfa /usr/lib/gcc/msp430/4.6.3/../../../../msp430/lib/mmpy-16/libc.a(memmove.o)
                0x000000000000d7be                memmove
 .text          0x000000000000d8b8       0x6a /usr/lib/gcc/msp430/4.6.3/../../../../msp430/lib/mmpy-16/libc.a(memset.o)
                0x000000000000d8b8                memset
 .text          0x000000000000d922      0x114 /usr/lib/gcc/msp430/4.6.3/../../../../msp430/lib/mmpy-16/libc.a(malloc.o)
                0x000000000000d922                malloc
                0x000000000000da2e                free
 .text          0x000000000000da36       0x1e /usr/lib/gcc/msp430/4.6.3/../../../../msp430/lib/mmpy-16/libc.a(printf.o)
                0x000000000000da36                printf
                0x000000000000da46                vprintf
 .text          0x000000000000da54       0xbc /usr/lib/gcc/msp430/4.6.3/../../../../msp430/lib/mmpy-16/libc.a(sprintf.o)
                0x000000000000dab2                sprintf
                0x000000000000dace                snprintf
                0x000000000000dae8                vsprintf
                0x000000000000dafe                vsnprintf
 .text          0x000000000000db10      0x836 /usr/lib/gcc/msp430/4.6.3/../../../../msp430/lib/mmpy-16/libc.a(vuprintf.o)
                0x000000000000dca8                vuprintf
 .text          0x000000000000e346       0x2c /usr/lib/gcc/msp430/4.6.3/../../../../msp430/lib/mmpy-16/libc.a(puts.o)
                0x000000000000e346                puts
 .text          0x000000000000e372       0x54 /usr/lib/gcc/msp430/4.6.3/../../../../msp430/lib/mmpy-16/libc.a(rand.o)
                0x000000000000e372                rand_r
                0x000000000000e396                rand
                0x000000000000e3bc                srand
 .text.libgcc   0x000000000000e3c6       0xf0 /usr/lib/gcc/msp430/4.6.3/mmpy-16/libgcc.a(_udivmod64.o)
                0x000000000000e3c6                __xabi_udivmod64
                0x000000000000e424                __udivdi3
                0x000000000000e44a                __umoddi3
                0x000000000000e478                __udivmoddi4
 .text.crt0     0x000000000000e4b6        0x2 /usr/lib/gcc/msp430/4.6.3/mmpy-16/libcrt0.a(_unexpected_.o)
                0x000000000000e4b6                _unexpected_
                0x000000000000e4b8                . = ALIGN (0x2)

.rodata         0x000000000000e4b8      0x7a6
                0x000000000000e4b8                . = ALIGN (0x2)
 *(.rodata .rodata.* .gnu.linkonce.r.*)
 .rodata        0x000000000000e4b8      0x13e main_core.co
                0x000000000000e59c                autostart_processes
 .rodata        0x000000000000e5f6      0x31c obj_sky/mqtt_sn.o
 .rodata        0x000000000000e912      0x120 obj_sky/contiki-sky-main.o
 .rodata        0x000000000000ea32       0x10 contiki-sky.a(button-sensor.o)
                0x000000000000ea3a                button_sensor
 .rodata        0x000000000000ea42        0x8 contiki-sky.a(sensors.o)
 .rodata        0x000000000000ea4a       0x5a contiki-sky.a(cc2420.o)
                0x000000000000ea66                cc2420_aes_128_driver
                0x000000000000ea6a                cc2420_driver
 .rodata        0x000000000000eaa4        0xf contiki-sky.a(ctimer.o)
 .rodata        0x000000000000eab3        0xc contiki-sky.a(etimer.o)
 .rodata        0x000000000000eabf       0xd5 contiki-sky.a(uip-ds6-route.o)
 .rodata        0x000000000000eb94       0x24 contiki-sky.a(sicslowpan.o)
                0x000000000000eba0                sicslowpan_driver
                0x000000000000eba6                llprefix
                0x000000000000eba8                unc_mxconf
                0x000000000000ebac                unc_ctxconf
                0x000000000000ebb0                unc_llconf
 .rodata        0x000000000000ebb8       0x29 contiki-sky.a(uip-debug.o)
 .rodata        0x000000000000ebe1        0xd contiki-sky.a(tcpip.o)
 .rodata        0x000000000000ebee       0x13 contiki-sky.a(simple-udp.o)
 *fill*         0x000000000000ec01        0x1 00
 .rodata        0x000000000000ec02       0x16 contiki-sky.a(nullmac.o)
                0x000000000000ec0a                nullmac_driver
 .rodata        0x000000000000ec18       0x18 contiki-sky.a(nullrdc.o)
                0x000000000000ec20                nullrdc_driver
 .rodata        0x000000000000ec30        0x8 contiki-sky.a(framer-802154.o)
                0x000000000000ec30                framer_802154
 .rodata        0x000000000000ec38        0x2 contiki-sky.a(frame802154.o)
 .rodata        0x000000000000ec3a        0x8 contiki-sky.a(linkaddr.o)
                0x000000000000ec3a                linkaddr_null
 .rodata        0x000000000000ec42       0x14 contiki-sky.a(nullsec.o)
                0x000000000000ec4a                nullsec_driver
 .rodata        0x000000000000ec56        0x7 /usr/lib/gcc/msp430/4.6.3/../../../../msp430/lib/mmpy-16/libc.a(vuprintf.o)
                0x000000000000ec5e                . = ALIGN (0x2)
 *fill*         0x000000000000ec5d        0x1 00
                0x000000000000ec5e                _etext = .

.data           0x0000000000001100       0xee load address 0x000000000000ec5e
                0x0000000000001100                . = ALIGN (0x2)
                0x0000000000001100                PROVIDE (__data_start, .)
 *(.data .data.* .gnu.linkonce.d.*)
 .data          0x0000000000001100       0x1a main_core.co
                0x0000000000001100                init_system_process
 .data          0x000000000000111a        0xe obj_sky/mqtt_sn.o
                0x000000000000111a                mqtt_sn_main
 .data          0x0000000000001128        0x4 contiki-sky.a(contiki-sky-pla)
                0x0000000000001128                sensors
 .data          0x000000000000112c        0xa contiki-sky.a(sensors.o)
                0x000000000000112c                sensors_process
 .data          0x0000000000001136        0xa contiki-sky.a(cc2420.o)
                0x0000000000001136                cc2420_process
 .data          0x0000000000001140        0x2 contiki-sky.a(msp430.o)
 .data          0x0000000000001142        0xa contiki-sky.a(ctimer.o)
                0x0000000000001142                ctimer_process
 .data          0x000000000000114c        0xa contiki-sky.a(etimer.o)
                0x000000000000114c                etimer_process
 .data          0x0000000000001156       0x20 contiki-sky.a(uip-ds6-route.o)
 .data          0x0000000000001176        0xa contiki-sky.a(uip-ds6-nbr.o)
                0x0000000000001176                ds6_neighbors
 .data          0x0000000000001180        0xa contiki-sky.a(tcpip.o)
                0x0000000000001180                tcpip_process
 .data          0x000000000000118a        0xa contiki-sky.a(simple-udp.o)
                0x000000000000118a                simple_udp_process
 .data          0x0000000000001194        0xa contiki-sky.a(rpl-dag.o)
                0x0000000000001194                rpl_parents
 .data          0x000000000000119e        0xe contiki-sky.a(rpl-mrhof.o)
                0x000000000000119e                rpl_mrhof
 .data          0x00000000000011ac       0x10 contiki-sky.a(queuebuf.o)
 .data          0x00000000000011bc        0x8 contiki-sky.a(nbr-table.o)
 .data          0x00000000000011c4        0xc contiki-sky.a(uip-icmp6.o)
 .data          0x00000000000011d0       0x1a contiki-sky.a(rpl-icmp6.o)
 .data          0x00000000000011ea        0x4 /usr/lib/gcc/msp430/4.6.3/../../../../msp430/lib/mmpy-16/libc.a(rand.o)
                0x00000000000011ee                . = ALIGN (0x2)
                0x00000000000011ee                _edata = .
                0x000000000000ec5e                PROVIDE (__data_load_start, LOADADDR (.data))
                0x00000000000000ee                PROVIDE (__data_size, SIZEOF (.data))

.bss            0x00000000000011ee     0x1b44 load address 0x000000000000ed4c
                0x00000000000011ee                PROVIDE (__bss_start, .)
 *(.bss .bss.*)
 .bss           0x00000000000011ee       0x9c main_core.co
 .bss           0x000000000000128a      0x2fc obj_sky/mqtt_sn.o
 .bss           0x0000000000001586        0xc obj_sky/contiki-sky-main.o
 .bss           0x0000000000001592        0x8 contiki-sky.a(button-sensor.o)
 .bss           0x000000000000159a        0x2 contiki-sky.a(node-id.o)
                0x000000000000159a                node_id
 .bss           0x000000000000159c        0x6 contiki-sky.a(sensors.o)
 .bss           0x00000000000015a2        0x8 contiki-sky.a(cc2420.o)
 .bss           0x00000000000015aa       0x9a contiki-sky.a(uart1.o)
 .bss           0x0000000000001644        0xa contiki-sky.a(clock.o)
 .bss           0x000000000000164e        0x1 contiki-sky.a(leds.o)
 *fill*         0x000000000000164f        0x1 00
 .bss           0x0000000000001650        0x2 contiki-sky.a(watchdog.o)
 .bss           0x0000000000001652        0x4 contiki-sky.a(ctimer.o)
 .bss           0x0000000000001656        0x6 contiki-sky.a(etimer.o)
 .bss           0x000000000000165c       0x42 contiki-sky.a(process.o)
                0x000000000000165c                process_current
                0x000000000000165e                process_list
 .bss           0x000000000000169e        0x2 contiki-sky.a(rtimer.o)
 .bss           0x00000000000016a0       0x18 contiki-sky.a(uip-ds6.o)
 .bss           0x00000000000016b8      0x362 contiki-sky.a(uip-ds6-route.o)
 .bss           0x0000000000001a1a        0xa contiki-sky.a(uip6.o)
                0x0000000000001a1a                uip_ext_opt_offset
                0x0000000000001a1c                uip_ext_len
                0x0000000000001a1e                uip_ext_bitmap
 .bss           0x0000000000001a24      0x2f8 contiki-sky.a(uip-ds6-nbr.o)
 .bss           0x0000000000001d1c      0x124 contiki-sky.a(sicslowpan.o)
 .bss           0x0000000000001e40        0xe contiki-sky.a(tcpip.o)
 .bss           0x0000000000001e4e       0xf2 contiki-sky.a(simple-udp.o)
 .bss           0x0000000000001f40       0xf0 contiki-sky.a(rpl-dag.o)
 .bss           0x0000000000002030       0x18 contiki-sky.a(rpl-timers.o)
 .bss           0x0000000000002048        0x2 contiki-sky.a(rpl.o)
 .bss           0x000000000000204a        0x2 contiki-sky.a(framer-802154.o)
 .bss           0x000000000000204c      0x5a0 contiki-sky.a(queuebuf.o)
 .bss           0x00000000000025ec      0x118 contiki-sky.a(nbr-table.o)
 .bss           0x0000000000002704       0xb8 contiki-sky.a(packetbuf.o)
 .bss           0x00000000000027bc       0x14 contiki-sky.a(uip-icmp6.o)
 .bss           0x00000000000027d0        0x1 /usr/lib/gcc/msp430/4.6.3/../../../../msp430/lib/mmpy-16/libc.a(malloc.o)
 *fill*         0x00000000000027d1        0x1 00
 .bss           0x00000000000027d2        0x4 /usr/lib/gcc/msp430/4.6.3/../../../../msp430/lib/mmpy-16/libc.a(sprintf.o)
 *(COMMON)
 COMMON         0x00000000000027d6       0x2c main_core.co
                0x00000000000027d6                mqtt_sn_connection
                0x00000000000027fe                mqtt_queue_last
                0x0000000000002800                mqtt_queue_first
 COMMON         0x0000000000002802        0x2 contiki-sky.a(contiki-sky-pla)
                0x0000000000002802                sensors_flags
 COMMON         0x0000000000002804        0x8 contiki-sky.a(ds2411.o)
                0x0000000000002804                ds2411_id
 COMMON         0x000000000000280c        0x1 contiki-sky.a(sensors.o)
                0x000000000000280c                sensors_event
 *fill*         0x000000000000280d        0x1 00
 COMMON         0x000000000000280e       0x10 contiki-sky.a(cc2420.o)
                0x000000000000280e                cc2420_last_rssi
                0x0000000000002810                cc2420_sfd_start_time
                0x0000000000002812                cc2420_time_of_departure
                0x0000000000002814                cc2420_time_of_arrival
                0x0000000000002816                cc2420_last_correlation
                0x0000000000002818                cc2420_authority_level_of_sender
                0x000000000000281a                cc2420_sfd_counter
                0x000000000000281c                cc2420_sfd_end_time
 COMMON         0x000000000000281e        0x2 contiki-sky.a(msp430.o)
                0x000000000000281e                msp430_dco_required
 COMMON         0x0000000000002820       0x56 contiki-sky.a(energest.o)
                0x0000000000002820                energest_total_time
                0x0000000000002850                energest_total_count
                0x0000000000002852                energest_current_mode
                0x000000000000285e                energest_current_time
 COMMON         0x0000000000002876        0x1 contiki-sky.a(process.o)
                0x0000000000002876                process_maxevents
 *fill*         0x0000000000002877        0x1 00
 COMMON         0x0000000000002878      0x15c contiki-sky.a(uip-ds6.o)
                0x0000000000002878                uip_ds6_timer_ra
                0x0000000000002880                uip_ds6_if
                0x000000000000296c                uip_ds6_netif_addr_list_offset
                0x000000000000296d                uip_ds6_addr_size
                0x000000000000296e                uip_ds6_prefix_list
                0x00000000000029c8                uip_ds6_timer_periodic
 COMMON         0x00000000000029d4      0x240 contiki-sky.a(uip6.o)
                0x00000000000029d4                uip_len
                0x00000000000029d6                uip_sappdata
                0x00000000000029d8                uip_lladdr
                0x00000000000029e0                uip_aligned_buf
                0x0000000000002ad0                uip_flags
                0x0000000000002ad2                uip_next_hdr
                0x0000000000002ad4                uip_udp_conn
                0x0000000000002ad6                uip_appdata
                0x0000000000002ad8                uip_conn
                0x0000000000002ada                uip_slen
                0x0000000000002adc                uip_udp_conns
 COMMON         0x0000000000002c14        0x8 contiki-sky.a(sicslowpan.o)
                0x0000000000002c14                frag_sender
 COMMON         0x0000000000002c1c        0x1 contiki-sky.a(tcpip.o)
                0x0000000000002c1c                tcpip_event
 *fill*         0x0000000000002c1d        0x1 00
 COMMON         0x0000000000002c1e       0xde contiki-sky.a(rpl-dag.o)
                0x0000000000002c1e                default_instance
                0x0000000000002c20                instance_table
 COMMON         0x0000000000002cfc       0x2e contiki-sky.a(packetbuf.o)
                0x0000000000002cfc                packetbuf_addrs
                0x0000000000002d0c                packetbuf_attrs
 COMMON         0x0000000000002d2a        0x8 contiki-sky.a(linkaddr.o)
                0x0000000000002d2a                linkaddr_node_addr
                0x0000000000002d32                . = ALIGN (0x2)
                0x0000000000002d32                PROVIDE (__bss_end, .)
                0x0000000000001b44                PROVIDE (__bss_size, SIZEOF (.bss))

.noinit         0x0000000000002d32        0x2 load address 0x000000000000ed4c
                0x0000000000002d32                PROVIDE (__noinit_start, .)
 *(.noinit .noinit.*)
 .noinit.crt0   0x0000000000002d32        0x2 /usr/lib/gcc/msp430/4.6.3/mmpy-16/libcrt0.a(__watchdog_support.o)
                0x0000000000002d32                __wdt_clear_value
                0x0000000000002d34                . = ALIGN (0x2)
                0x0000000000002d34                PROVIDE (__noinit_end, .)
                0x0000000000002d34                . = ALIGN (0x2)
                0x0000000000002d34                _end = .

.infomem        0x0000000000001000        0x0
 *(.infomem)
                0x0000000000001000                . = ALIGN (0x2)
 *(.infomem.*)

.infomemnobits  0x0000000000001000        0x0
 *(.infomemnobits)
                0x0000000000001000                . = ALIGN (0x2)
 *(.infomemnobits.*)

.infoa
 *(.infoa .infoa.*)

.infob
 *(.infob .infob.*)

.infoc
 *(.infoc .infoc.*)

.infod
 *(.infod .infod.*)

.vectors        0x000000000000ffe0       0x20
                0x000000000000ffe0                PROVIDE (__vectors_start, .)
 *(.vectors*)
 .vectors       0x000000000000ffe0       0x20 /usr/lib/gcc/msp430/4.6.3/mmpy-16/crt0ivtbl16.o
                0x000000000000ffe0                __ivtbl_16
                0x0000000000010000                _vectors_end = .

.fartext        0x0000000000000000        0x0
                0x0000000000000000                . = ALIGN (0x2)
 *(.fartext)
                0x0000000000000000                . = ALIGN (0x2)
 *(.fartext.*)
                0x0000000000000000                _efartext = .

.profiler
 *(.profiler)

.stab           0x0000000000000000    0x27468
 *(.stab)
 .stab          0x0000000000000000     0x1848 main_core.co
 .stab          0x0000000000001848     0x2bc8 obj_sky/mqtt_sn.o
                                       0x3768 (size before relaxing)
 .stab          0x0000000000004410     0x129c obj_sky/contiki-sky-main.o
                                       0x1b0c (size before relaxing)
 .stab          0x00000000000056ac      0x264 contiki-sky.a(contiki-sky-pla)
                                        0x5b8 (size before relaxing)
 .stab          0x0000000000005910      0x468 contiki-sky.a(button-sensor.o)
                                        0x7d4 (size before relaxing)
 .stab          0x0000000000005d78      0x624 contiki-sky.a(ds2411.o)
                                        0xb40 (size before relaxing)
 .stab          0x000000000000639c      0xa38 contiki-sky.a(xmem.o)
                                        0xf60 (size before relaxing)
 .stab          0x0000000000006dd4      0x2b8 contiki-sky.a(node-id.o)
                                        0x4e0 (size before relaxing)
 .stab          0x000000000000708c      0x654 contiki-sky.a(sensors.o)
                                        0xb70 (size before relaxing)
 .stab          0x00000000000076e0     0x25e0 contiki-sky.a(cc2420.o)
                                       0x2cac (size before relaxing)
 .stab          0x0000000000009cc0      0x7bc contiki-sky.a(cc2420-arch.o)
                                       0x1728 (size before relaxing)
 .stab          0x000000000000a47c      0x60c contiki-sky.a(uart1.o)
                                        0x960 (size before relaxing)
 .stab          0x000000000000aa88      0x27c contiki-sky.a(uart1-putchar.o)
                                        0x7bc (size before relaxing)
 .stab          0x000000000000ad04      0x744 contiki-sky.a(msp430.o)
                                        0xa98 (size before relaxing)
 .stab          0x000000000000b448      0x948 contiki-sky.a(clock.o)
                                        0xc9c (size before relaxing)
 .stab          0x000000000000bd90      0x5dc contiki-sky.a(leds.o)
                                        0x828 (size before relaxing)
 .stab          0x000000000000c36c      0x3a8 contiki-sky.a(leds-arch.o)
                                        0x6fc (size before relaxing)
 .stab          0x000000000000c714      0x3fc contiki-sky.a(watchdog.o)
                                        0x750 (size before relaxing)
 .stab          0x000000000000cb10      0x3cc contiki-sky.a(rtimer-arch.o)
                                        0x720 (size before relaxing)
 .stab          0x000000000000cedc      0x294 contiki-sky.a(autostart.o)
                                        0x534 (size before relaxing)
 .stab          0x000000000000d170      0x7a4 contiki-sky.a(ctimer.o)
                                        0xb10 (size before relaxing)
 .stab          0x000000000000d914      0x474 contiki-sky.a(energest.o)
                                        0x6fc (size before relaxing)
 .stab          0x000000000000dd88      0xa38 contiki-sky.a(etimer.o)
                                        0xd08 (size before relaxing)
 .stab          0x000000000000e7c0      0xb7c contiki-sky.a(process.o)
                                       0x1014 (size before relaxing)
 .stab          0x000000000000f33c      0x3d8 contiki-sky.a(rtimer.o)
                                        0x6c0 (size before relaxing)