Archive member included because of file (symbol)

contiki-z1.a(contiki-z1-plat)
                              obj_z1/contiki-z1-main.o (init_platform)
contiki-z1.a(msp430.o)        obj_z1/contiki-z1-main.o (splhigh_)
contiki-z1.a(leds.o)          obj_z1/contiki-z1-main.o (leds_init)
contiki-z1.a(watchdog.o)      obj_z1/contiki-z1-main.o (watchdog_start)
contiki-z1.a(xmem.o)          obj_z1/contiki-z1-main.o (xmem_init)
contiki-z1.a(spi.o)           contiki-z1.a(xmem.o) (spi_init)
contiki-z1.a(cc2420.o)        obj_z1/contiki-z1-main.o (cc2420_set_pan_addr)
contiki-z1.a(cc2420-arch.o)   contiki-z1.a(cc2420.o) (cc2420_arch_init)
contiki-z1.a(node-id.o)       obj_z1/contiki-z1-main.o (node_id_restore)
contiki-z1.a(sensors.o)       contiki-z1.a(contiki-z1-plat) (sensors_process)
contiki-z1.a(button-sensor.o)
                              obj_z1/contiki-z1-main.o (button_sensor)
contiki-z1.a(uart0.o)         obj_z1/contiki-z1-main.o (uart0_active)
contiki-z1.a(uart0-putchar.o)
                              obj_z1/contiki-z1-main.o (putchar)
contiki-z1.a(adxl345.o)       obj_z1/contiki-z1-main.o (accm_init)
contiki-z1.a(clock.o)         obj_z1/contiki-z1-main.o (clock_init)
contiki-z1.a(leds-arch.o)     contiki-z1.a(leds.o) (leds_arch_init)
contiki-z1.a(rtimer-arch.o)   obj_z1/contiki-z1-main.o (rtimer_arch_now)
contiki-z1.a(autostart.o)     obj_z1/contiki-z1-main.o (autostart_start)
contiki-z1.a(energest.o)      obj_z1/contiki-z1-main.o (energest_init)
contiki-z1.a(etimer.o)        contiki-z1.a(clock.o) (etimer_request_poll)
contiki-z1.a(ctimer.o)        obj_z1/contiki-z1-main.o (ctimer_init)
contiki-z1.a(process.o)       contiki-z1.a(etimer.o) (process_current)
contiki-z1.a(rtimer.o)        obj_z1/contiki-z1-main.o (rtimer_init)
contiki-z1.a(timer.o)         contiki-z1.a(button-sensor.o) (timer_set)
contiki-z1.a(list.o)          contiki-z1.a(ctimer.o) (list_init)
contiki-z1.a(uip-ds6.o)       obj_z1/contiki-z1-main.o (uip_ds6_get_link_local)
contiki-z1.a(uip-ds6-route.o)
                              contiki-z1.a(uip-ds6.o) (uip_ds6_route_init)
contiki-z1.a(uip6.o)          obj_z1/mqtt_sn.o (uip_htons)
contiki-z1.a(uip-ds6-nbr.o)   contiki-z1.a(uip-ds6.o) (uip_ds6_neighbors_init)
contiki-z1.a(uip-nd6.o)       contiki-z1.a(uip-ds6-nbr.o) (uip_nd6_ns_output)
contiki-z1.a(sicslowpan.o)    obj_z1/contiki-z1-main.o (sicslowpan_driver)
contiki-z1.a(uip-debug.o)     obj_z1/mqtt_sn.o (uip_debug_ipaddr_print)
contiki-z1.a(tcpip.o)         contiki-z1.a(sicslowpan.o) (tcpip_set_outputfunc)
contiki-z1.a(simple-udp.o)    obj_z1/mqtt_sn.o (simple_udp_send)
contiki-z1.a(rpl-dag.o)       contiki-z1.a(tcpip.o) (rpl_repair_root)
contiki-z1.a(rpl-timers.o)    contiki-z1.a(rpl-dag.o) (rpl_reset_dio_timer)
contiki-z1.a(rpl-ext-header.)
                              contiki-z1.a(uip6.o) (rpl_verify_header)
contiki-z1.a(rpl.o)           contiki-z1.a(rpl-timers.o) (rpl_get_mode)
contiki-z1.a(rpl-mrhof.o)     contiki-z1.a(rpl-dag.o) (rpl_mrhof)
contiki-z1.a(queuebuf.o)      obj_z1/contiki-z1-main.o (queuebuf_init)
contiki-z1.a(nbr-table.o)     contiki-z1.a(uip-ds6-route.o) (nbr_table_register)
contiki-z1.a(packetbuf.o)     contiki-z1.a(queuebuf.o) (packetbuf_copyto)
contiki-z1.a(linkaddr.o)      obj_z1/contiki-z1-main.o (linkaddr_copy)
contiki-z1.a(nullmac.o)       obj_z1/contiki-z1-main.o (nullmac_driver)
contiki-z1.a(framer-802154.o)
                              contiki-z1.a(sicslowpan.o) (framer_802154)
contiki-z1.a(nullrdc.o)       obj_z1/contiki-z1-main.o (nullrdc_driver)
contiki-z1.a(nullsec.o)       contiki-z1.a(sicslowpan.o) (nullsec_driver)
contiki-z1.a(framer.o)        contiki-z1.a(framer-802154.o) (framer_canonical_create_and_secure)
contiki-z1.a(i2cmaster.o)     contiki-z1.a(adxl345.o) (i2c_receiveinit)
contiki-z1.a(stimer.o)        contiki-z1.a(uip-ds6.o) (stimer_set)
contiki-z1.a(memb.o)          contiki-z1.a(uip-ds6-route.o) (memb_init)
contiki-z1.a(random.o)        contiki-z1.a(uip-ds6.o) (random_rand)
contiki-z1.a(uip-icmp6.o)     contiki-z1.a(uip6.o) (uip_icmp6_input)
contiki-z1.a(uip-udp-packet.)
                              contiki-z1.a(simple-udp.o) (uip_udp_packet_sendto)
contiki-z1.a(rpl-icmp6.o)     contiki-z1.a(rpl-timers.o) (dis_output)
contiki-z1.a(frame802154.o)   contiki-z1.a(framer-802154.o) (frame802154_hdrlen)
contiki-z1.a(mac.o)           contiki-z1.a(nullrdc.o) (mac_call_sent_callback)
/usr/lib/gcc/msp430/4.6.3/mcpu-430x/mmpy-16/libgcc.a(_mulsi3.o)
                              contiki-z1.a(rpl-dag.o) (__mulsi3)
/usr/lib/gcc/msp430/4.6.3/mcpu-430x/mmpy-16/libgcc.a(_udivmod16.o)
                              contiki-z1.a(rpl-dag.o) (__udivhi3)
/usr/lib/gcc/msp430/4.6.3/mcpu-430x/mmpy-16/libgcc.a(_divmod16.o)
                              contiki-z1.a(sicslowpan.o) (__divhi3)
/usr/lib/gcc/msp430/4.6.3/mcpu-430x/mmpy-16/libgcc.a(_udivmod32.o)
                              obj_z1/contiki-z1-main.o (__udivsi3)
/usr/lib/gcc/msp430/4.6.3/../../../../msp430/lib/mcpu-430x/mmpy-16/libc.a(strchr.o)
[...]
Memory Configuration

Name             Origin             Length             Attributes
sfr              0x0000000000000000 0x0000000000000010
peripheral_8bit  0x0000000000000010 0x00000000000000f0
peripheral_16bit 0x0000000000000100 0x0000000000000100
ram_mirror       0x0000000000000200 0x0000000000000800 xw
infomem          0x0000000000001000 0x0000000000000100
infod            0x0000000000001000 0x0000000000000040
infoc            0x0000000000001040 0x0000000000000040
infob            0x0000000000001080 0x0000000000000040
infoa            0x00000000000010c0 0x0000000000000040
ram              0x0000000000001100 0x0000000000002000 xw
rom              0x0000000000003100 0x000000000000cebe xr
vectors          0x000000000000ffc0 0x0000000000000040
far_rom          0x0000000000010000 0x000000000000a000
bsl              0x0000000000000000 0x0000000000000000
ram2             0x0000000000000000 0x0000000000000000 xw
usbram           0x0000000000000000 0x0000000000000000 xw
*default*        0x0000000000000000 0xffffffffffffffff

Linker script and memory map

LOAD /usr/lib/gcc/msp430/4.6.3/mcpu-430x/mmpy-16/crt0ivtbl32.o
                0x0000000000000041                __P1SEL2 = 0x41
                0x0000000000000045                __P5SEL2 = 0x45
LOAD main_core.co
LOAD obj_z1/mqtt_sn.o
LOAD obj_z1/contiki-z1-main.o
LOAD contiki-z1.a
LOAD /usr/lib/gcc/msp430/4.6.3/mcpu-430x/mmpy-16/libgcc.a
LOAD /usr/lib/gcc/msp430/4.6.3/../../../../msp430/lib/mcpu-430x/mmpy-16/libc.a
LOAD /usr/lib/gcc/msp430/4.6.3/mcpu-430x/mmpy-16/libgcc.a
LOAD /usr/lib/gcc/msp430/4.6.3/mcpu-430x/mmpy-16/libcrt0.a
                0x0000000000000040                PROVIDE (__info_segment_size, 0x40)
                0x0000000000001000                PROVIDE (__infod, 0x1000)
                0x0000000000001040                PROVIDE (__infoc, 0x1040)
                0x0000000000001080                PROVIDE (__infob, 0x1080)
                0x00000000000010c0                PROVIDE (__infoa, 0x10c0)
                0x0000000000000000                __IE1 = 0x0
                0x0000000000000002                __IFG1 = 0x2
                0x0000000000000001                __IE2 = 0x1
                0x0000000000000003                __IFG2 = 0x3
                0x0000000000000006                __UC1IE = 0x6
                0x0000000000000007                __UC1IFG = 0x7
                0x00000000000001a0                __ADC12CTL0 = 0x1a0
                0x00000000000001a2                __ADC12CTL1 = 0x1a2
                0x00000000000001a4                __ADC12IFG = 0x1a4
                0x00000000000001a6                __ADC12IE = 0x1a6
                0x00000000000001a8                __ADC12IV = 0x1a8
                0x0000000000000140                __ADC12MEM0 = 0x140
                0x0000000000000142                __ADC12MEM1 = 0x142
                0x0000000000000144                __ADC12MEM2 = 0x144
                0x0000000000000146                __ADC12MEM3 = 0x146
                0x0000000000000148                __ADC12MEM4 = 0x148
                0x000000000000014a                __ADC12MEM5 = 0x14a
                0x000000000000014c                __ADC12MEM6 = 0x14c
                0x000000000000014e                __ADC12MEM7 = 0x14e
                0x0000000000000150                __ADC12MEM8 = 0x150
                0x0000000000000152                __ADC12MEM9 = 0x152
                0x0000000000000154                __ADC12MEM10 = 0x154
                0x0000000000000156                __ADC12MEM11 = 0x156
                0x0000000000000158                __ADC12MEM12 = 0x158
                0x000000000000015a                __ADC12MEM13 = 0x15a
                0x000000000000015c                __ADC12MEM14 = 0x15c
                0x000000000000015e                __ADC12MEM15 = 0x15e
                0x0000000000000080                __ADC12MCTL0 = 0x80
                0x0000000000000081                __ADC12MCTL1 = 0x81
                0x0000000000000082                __ADC12MCTL2 = 0x82
                0x0000000000000083                __ADC12MCTL3 = 0x83
                0x0000000000000084                __ADC12MCTL4 = 0x84
                0x0000000000000085                __ADC12MCTL5 = 0x85
                0x0000000000000086                __ADC12MCTL6 = 0x86
                0x0000000000000087                __ADC12MCTL7 = 0x87
                0x0000000000000088                __ADC12MCTL8 = 0x88
                0x0000000000000089                __ADC12MCTL9 = 0x89
                0x000000000000008a                __ADC12MCTL10 = 0x8a
                0x000000000000008b                __ADC12MCTL11 = 0x8b
                0x000000000000008c                __ADC12MCTL12 = 0x8c
                0x000000000000008d                __ADC12MCTL13 = 0x8d
                0x000000000000008e                __ADC12MCTL14 = 0x8e
                0x000000000000008f                __ADC12MCTL15 = 0x8f
                0x0000000000000056                __DCOCTL = 0x56
                0x0000000000000057                __BCSCTL1 = 0x57
                0x0000000000000058                __BCSCTL2 = 0x58
                0x0000000000000053                __BCSCTL3 = 0x53
                0x0000000000000059                __CACTL1 = 0x59
                0x000000000000005a                __CACTL2 = 0x5a
                0x000000000000005b                __CAPD = 0x5b
                0x00000000000001c0                __DAC12_0CTL = 0x1c0
                0x00000000000001c2                __DAC12_1CTL = 0x1c2
                0x00000000000001c8                __DAC12_0DAT = 0x1c8
                0x00000000000001ca                __DAC12_1DAT = 0x1ca
                0x0000000000000122                __DMACTL0 = 0x122
                0x0000000000000124                __DMACTL1 = 0x124
                0x0000000000000126                __DMAIV = 0x126
                0x00000000000001d0                __DMA0CTL = 0x1d0
                0x00000000000001dc                __DMA1CTL = 0x1dc
                0x00000000000001e8                __DMA2CTL = 0x1e8
                0x00000000000001d2                __DMA0SA = 0x1d2
                0x00000000000001d2                __DMA0SAL = 0x1d2
                0x00000000000001d6                __DMA0DA = 0x1d6
                0x00000000000001d6                __DMA0DAL = 0x1d6
                0x00000000000001da                __DMA0SZ = 0x1da
                0x00000000000001de                __DMA1SA = 0x1de
                0x00000000000001de                __DMA1SAL = 0x1de
                0x00000000000001e2                __DMA1DA = 0x1e2
                0x00000000000001e2                __DMA1DAL = 0x1e2
                0x00000000000001e6                __DMA1SZ = 0x1e6
                0x00000000000001ea                __DMA2SA = 0x1ea
                0x00000000000001ea                __DMA2SAL = 0x1ea
                0x00000000000001ee                __DMA2DA = 0x1ee
                0x00000000000001ee                __DMA2DAL = 0x1ee
                0x00000000000001f2                __DMA2SZ = 0x1f2
                0x0000000000000128                __FCTL1 = 0x128
                0x000000000000012a                __FCTL2 = 0x12a
                0x000000000000012c                __FCTL3 = 0x12c
                0x00000000000001be                __FCTL4 = 0x1be
                0x0000000000000130                __MPY = 0x130
                0x0000000000000132                __MPYS = 0x132
                0x0000000000000134                __MAC = 0x134
                0x0000000000000136                __MACS = 0x136
                0x0000000000000138                __OP2 = 0x138
                0x000000000000013a                __RESLO = 0x13a
                0x000000000000013c                __RESHI = 0x13c
                0x000000000000013e                __SUMEXT = 0x13e
                0x0000000000000020                __P1IN = 0x20
                0x0000000000000021                __P1OUT = 0x21
                0x0000000000000022                __P1DIR = 0x22
                0x0000000000000023                __P1IFG = 0x23
                0x0000000000000024                __P1IES = 0x24
                0x0000000000000025                __P1IE = 0x25
                0x0000000000000026                __P1SEL = 0x26
                0x0000000000000027                __P1REN = 0x27
                0x0000000000000028                __P2IN = 0x28
                0x0000000000000029                __P2OUT = 0x29
                0x000000000000002a                __P2DIR = 0x2a
                0x000000000000002b                __P2IFG = 0x2b
                0x000000000000002c                __P2IES = 0x2c
                0x000000000000002d                __P2IE = 0x2d
                0x000000000000002e                __P2SEL = 0x2e
                0x000000000000002f                __P2REN = 0x2f
                0x0000000000000018                __P3IN = 0x18
                0x0000000000000019                __P3OUT = 0x19
                0x000000000000001a                __P3DIR = 0x1a
                0x000000000000001b                __P3SEL = 0x1b
                0x0000000000000010                __P3REN = 0x10
                0x000000000000001c                __P4IN = 0x1c
                0x000000000000001d                __P4OUT = 0x1d
                0x000000000000001e                __P4DIR = 0x1e
                0x000000000000001f                __P4SEL = 0x1f
                0x0000000000000011                __P4REN = 0x11
                0x0000000000000030                __P5IN = 0x30
                0x0000000000000031                __P5OUT = 0x31
                0x0000000000000032                __P5DIR = 0x32
                0x0000000000000033                __P5SEL = 0x33
                0x0000000000000012                __P5REN = 0x12
                0x0000000000000034                __P6IN = 0x34
                0x0000000000000035                __P6OUT = 0x35
                0x0000000000000036                __P6DIR = 0x36
                0x0000000000000037                __P6SEL = 0x37
                0x0000000000000013                __P6REN = 0x13
                0x0000000000000038                __P7IN = 0x38
                0x000000000000003a                __P7OUT = 0x3a
                0x000000000000003c                __P7DIR = 0x3c
                0x000000000000003e                __P7SEL = 0x3e
                0x0000000000000014                __P7REN = 0x14
                0x0000000000000039                __P8IN = 0x39
                0x000000000000003b                __P8OUT = 0x3b
                0x000000000000003d                __P8DIR = 0x3d
                0x000000000000003f                __P8SEL = 0x3f
                0x0000000000000015                __P8REN = 0x15
                0x0000000000000038                __PAIN = 0x38
                0x000000000000003a                __PAOUT = 0x3a
                0x000000000000003c                __PADIR = 0x3c
                0x000000000000003e                __PASEL = 0x3e
                0x0000000000000014                __PAREN = 0x14
                0x0000000000000055                __SVSCTL = 0x55
                0x000000000000012e                __TAIV = 0x12e
                0x0000000000000160                __TACTL = 0x160
                0x0000000000000162                __TACCTL0 = 0x162
                0x0000000000000164                __TACCTL1 = 0x164
                0x0000000000000166                __TACCTL2 = 0x166
                0x0000000000000170                __TAR = 0x170
                0x0000000000000172                __TACCR0 = 0x172
                0x0000000000000174                __TACCR1 = 0x174
                0x0000000000000176                __TACCR2 = 0x176
                0x000000000000011e                __TBIV = 0x11e
                0x0000000000000180                __TBCTL = 0x180
                0x0000000000000182                __TBCCTL0 = 0x182
                0x0000000000000184                __TBCCTL1 = 0x184
                0x0000000000000186                __TBCCTL2 = 0x186
                0x0000000000000188                __TBCCTL3 = 0x188
                0x000000000000018a                __TBCCTL4 = 0x18a
                0x000000000000018c                __TBCCTL5 = 0x18c
                0x000000000000018e                __TBCCTL6 = 0x18e
                0x0000000000000190                __TBR = 0x190
                0x0000000000000192                __TBCCR0 = 0x192
                0x0000000000000194                __TBCCR1 = 0x194
                0x0000000000000196                __TBCCR2 = 0x196
                0x0000000000000198                __TBCCR3 = 0x198
                0x000000000000019a                __TBCCR4 = 0x19a
                0x000000000000019c                __TBCCR5 = 0x19c
                0x000000000000019e                __TBCCR6 = 0x19e
                0x0000000000000060                __UCA0CTL0 = 0x60
                0x0000000000000061                __UCA0CTL1 = 0x61
                0x0000000000000062                __UCA0BR0 = 0x62
                0x0000000000000063                __UCA0BR1 = 0x63
                0x0000000000000064                __UCA0MCTL = 0x64
                0x0000000000000065                __UCA0STAT = 0x65
                0x0000000000000066                __UCA0RXBUF = 0x66
                0x0000000000000067                __UCA0TXBUF = 0x67
                0x000000000000005d                __UCA0ABCTL = 0x5d
                0x000000000000005e                __UCA0IRTCTL = 0x5e
                0x000000000000005f                __UCA0IRRCTL = 0x5f
                0x0000000000000068                __UCB0CTL0 = 0x68
                0x0000000000000069                __UCB0CTL1 = 0x69
                0x000000000000006a                __UCB0BR0 = 0x6a
                0x000000000000006b                __UCB0BR1 = 0x6b
                0x000000000000006c                __UCB0I2CIE = 0x6c
                0x000000000000006d                __UCB0STAT = 0x6d
                0x000000000000006e                __UCB0RXBUF = 0x6e
                0x000000000000006f                __UCB0TXBUF = 0x6f
                0x0000000000000118                __UCB0I2COA = 0x118
                0x000000000000011a                __UCB0I2CSA = 0x11a
                0x00000000000000d0                __UCA1CTL0 = 0xd0
                0x00000000000000d1                __UCA1CTL1 = 0xd1
                0x00000000000000d2                __UCA1BR0 = 0xd2
                0x00000000000000d3                __UCA1BR1 = 0xd3
                0x00000000000000d4                __UCA1MCTL = 0xd4
                0x00000000000000d5                __UCA1STAT = 0xd5
                0x00000000000000d6                __UCA1RXBUF = 0xd6
                0x00000000000000d7                __UCA1TXBUF = 0xd7
                0x00000000000000cd                __UCA1ABCTL = 0xcd
                0x00000000000000ce                __UCA1IRTCTL = 0xce
                0x00000000000000cf                __UCA1IRRCTL = 0xcf
                0x00000000000000d8                __UCB1CTL0 = 0xd8
                0x00000000000000d9                __UCB1CTL1 = 0xd9
                0x00000000000000da                __UCB1BR0 = 0xda
                0x00000000000000db                __UCB1BR1 = 0xdb
                0x00000000000000dc                __UCB1I2CIE = 0xdc
                0x00000000000000dd                __UCB1STAT = 0xdd
                0x00000000000000de                __UCB1RXBUF = 0xde
                0x00000000000000df                __UCB1TXBUF = 0xdf
                0x000000000000017c                __UCB1I2COA = 0x17c
                0x000000000000017e                __UCB1I2CSA = 0x17e
                0x0000000000000120                __WDTCTL = 0x120
                0x00000000000010c0                __TLV_CHECKSUM = 0x10c0
                0x00000000000010f6                __TLV_DCO_30_TAG = 0x10f6
                0x00000000000010f7                __TLV_DCO_30_LEN = 0x10f7
                0x00000000000010da                __TLV_ADC12_1_TAG = 0x10da
                0x00000000000010db                __TLV_ADC12_1_LEN = 0x10db
                0x00000000000010f8                __CALDCO_16MHZ = 0x10f8
                0x00000000000010f9                __CALBC1_16MHZ = 0x10f9
                0x00000000000010fa                __CALDCO_12MHZ = 0x10fa
                0x00000000000010fb                __CALBC1_12MHZ = 0x10fb
                0x00000000000010fc                __CALDCO_8MHZ = 0x10fc
                0x00000000000010fd                __CALBC1_8MHZ = 0x10fd
                0x00000000000010fe                __CALDCO_1MHZ = 0x10fe
                0x00000000000010ff                __CALBC1_1MHZ = 0x10ff

.hash
 *(.hash)

.dynsym
 *(.dynsym)

.dynstr
 *(.dynstr)

.gnu.version
 *(.gnu.version)

.gnu.version_d
 *(.gnu.version_d)

.gnu.version_r
 *(.gnu.version_r)

.rel.init
 *(.rel.init)

.rela.init
 *(.rela.init)

.rel.fini
 *(.rel.fini)

.rela.fini
 *(.rela.fini)

.rel.text
 *(.rel.text .rel.text.* .rel.gnu.linkonce.t.*)

.rela.text
 *(.rela.text .rela.text.* .rela.gnu.linkonce.t.*)

.rel.rodata
 *(.rel.rodata .rel.rodata.* .rel.gnu.linkonce.r.*)

.rela.rodata
 *(.rela.rodata .rela.rodata.* .rela.gnu.linkonce.r.*)

.rel.data
 *(.rel.data .rel.data.* .rel.gnu.linkonce.d.*)

.rela.data
 *(.rela.data .rela.data.* .rela.gnu.linkonce.d.*)

.rel.bss
 *(.rel.bss .rel.bss.* .rel.gnu.linkonce.b.*)

.rela.bss
 *(.rela.bss .rela.bss.* .rela.gnu.linkonce.b.*)

.rel.ctors
 *(.rel.ctors)

.rela.ctors
 *(.rela.ctors)

.rel.dtors
 *(.rel.dtors)

.rela.dtors
 *(.rela.dtors)

.rel.got
 *(.rel.got)

.rela.got
 *(.rela.got)

.rel.plt
 *(.rel.plt)

.rela.plt
 *(.rela.plt)

.text           0x0000000000003100     0xa486
                0x0000000000003100                . = ALIGN (0x2)
 *(.init .init.*)
 *(.init0)
 .init0         0x0000000000003100        0x0 /usr/lib/gcc/msp430/4.6.3/mcpu-430x/mmpy-16/libcrt0.a(_reset_vector__.o)
                0x0000000000003100                _reset_vector__
 *(.init1)
 .init1         0x0000000000003100        0xc /usr/lib/gcc/msp430/4.6.3/mcpu-430x/mmpy-16/libcrt0.a(__watchdog_support.o)
                0x0000000000003100                __watchdog_support
 *(.init2)
 .init2         0x000000000000310c        0x4 /usr/lib/gcc/msp430/4.6.3/mcpu-430x/mmpy-16/libcrt0.a(__init_stack.o)
                0x000000000000310c                __init_stack
 *(.init3)
 .init3         0x0000000000003110        0x0 /usr/lib/gcc/msp430/4.6.3/mcpu-430x/mmpy-16/libcrt0.a(__low_level_init.o)
                0x0000000000003110                __low_level_init
 *(.init4)
 .init4         0x0000000000003110       0x18 /usr/lib/gcc/msp430/4.6.3/mcpu-430x/mmpy-16/libcrt0.a(_copy_data.o)
                0x0000000000003110                __do_copy_data
 .init4         0x0000000000003128       0x16 /usr/lib/gcc/msp430/4.6.3/mcpu-430x/mmpy-16/libcrt0.a(_clear_bss.o)
                0x0000000000003128                __do_clear_bss
 *(.init5)
 *(.init6)
 *(.init7)
 *(.init8)
 *(.init9)
 .init9         0x000000000000313e      0x35c obj_z1/contiki-z1-main.o
                0x000000000000313e                main
 *(.fini9)
 .fini9         0x000000000000349a        0x0 /usr/lib/gcc/msp430/4.6.3/mcpu-430x/mmpy-16/libcrt0.a(__stop_progExec__.o)
                0x000000000000349a                __stop_progExec__
 *(.fini8)
 *(.fini7)
 *(.fini6)
 *(.fini5)
 *(.fini4)
 *(.fini3)
 *(.fini2)
 *(.fini1)
 *(.fini0)
 .fini0         0x000000000000349a        0x6 /usr/lib/gcc/msp430/4.6.3/mcpu-430x/mmpy-16/libcrt0.a(_endless_loop__.o)
                0x000000000000349a                _endless_loop__
 *(.fini .fini.*)
                0x00000000000034a0                . = ALIGN (0x2)
                0x00000000000034a0                __ctors_start = .
 *(.ctors)
                0x00000000000034a0                __ctors_end = .
                0x00000000000034a0                __dtors_start = .
 *(.dtors)
                0x00000000000034a0                __dtors_end = .
                0x00000000000034a0                . = ALIGN (0x2)
 *(.text .text.* .gnu.linkonce.t.*)
 .text          0x00000000000034a0        0x4 /usr/lib/gcc/msp430/4.6.3/mcpu-430x/mmpy-16/crt0ivtbl32.o
                0x00000000000034a0                __isr_14
                0x00000000000034a0                __isr_4
                0x00000000000034a0                __isr_29
                0x00000000000034a0                __isr_11
                0x00000000000034a0                __isr_5
                0x00000000000034a0                __isr_2
                0x00000000000034a0                __isr_10
                0x00000000000034a0                __isr_7
                0x00000000000034a0                __isr_0
                0x00000000000034a0                __isr_28
                0x00000000000034a0                __isr_8
                0x00000000000034a0                __isr_20
                0x00000000000034a0                __isr_3
                0x00000000000034a0                __isr_12
                0x00000000000034a0                __isr_13
                0x00000000000034a0                __isr_27
                0x00000000000034a0                __isr_9
                0x00000000000034a0                __isr_30
                0x00000000000034a0                __isr_6
                0x00000000000034a0                __isr_22
                0x00000000000034a0                __isr_1
                0x00000000000034a0                __isr_15
                0x00000000000034a0                __isr_21
 .text.mqtt_sn_callback
                0x00000000000034a4       0x24 main_core.co
                0x00000000000034a4                mqtt_sn_callback
 .text.init_broker
                0x00000000000034c8       0xe2 main_core.co
                0x00000000000034c8                init_broker
 .text.process_thread_init_system_process
                0x00000000000035aa       0x76 main_core.co
 .text.unlock_tasks
                0x0000000000003620        0xe obj_z1/mqtt_sn.o
                0x0000000000003620                unlock_tasks
 .text.parse_mqtt_type_string
                0x000000000000362e       0x68 obj_z1/mqtt_sn.o
                0x000000000000362e                parse_mqtt_type_string
 .text.mqtt_sn_get_qos_flag
                0x0000000000003696       0x12 obj_z1/mqtt_sn.o
                0x0000000000003696                mqtt_sn_get_qos_flag
 .text.verf_hist_sub
                0x00000000000036a8       0x46 obj_z1/mqtt_sn.o
                0x00000000000036a8                verf_hist_sub
 .text.verf_register
                0x00000000000036ee       0x26 obj_z1/mqtt_sn.o
                0x00000000000036ee                verf_register
 .text.mqtt_sn_will_topic_send
                0x0000000000003714       0x62 obj_z1/mqtt_sn.o
                0x0000000000003714                mqtt_sn_will_topic_send
 .text.mqtt_sn_will_message_send
                0x0000000000003776       0x5c obj_z1/mqtt_sn.o
                0x0000000000003776                mqtt_sn_will_message_send
 .text.mqtt_sn_ping_send
                0x00000000000037d2       0x68 obj_z1/mqtt_sn.o
                0x00000000000037d2                mqtt_sn_ping_send
 .text.timeout_ping_mqtt
                0x000000000000383a       0x50 obj_z1/mqtt_sn.o
                0x000000000000383a                timeout_ping_mqtt
 .text.mqtt_sn_con_send
                0x000000000000388a       0x90 obj_z1/mqtt_sn.o
                0x000000000000388a                mqtt_sn_con_send
 .text.mqtt_sn_reg_send
                0x000000000000391a       0x9c obj_z1/mqtt_sn.o
                0x000000000000391a                mqtt_sn_reg_send
 .text.mqtt_sn_regack_send
                0x00000000000039b6       0x40 obj_z1/mqtt_sn.o
                0x00000000000039b6                mqtt_sn_regack_send
 .text.mqtt_sn_pub_send
                0x00000000000039f6       0xc6 obj_z1/mqtt_sn.o
                0x00000000000039f6                mqtt_sn_pub_send
 .text.mqtt_sn_pub
                0x0000000000003abc       0x32 obj_z1/mqtt_sn.o
                0x0000000000003abc                mqtt_sn_pub
 .text.mqtt_sn_sub_send
                0x0000000000003aee       0x7c obj_z1/mqtt_sn.o
                0x0000000000003aee                mqtt_sn_sub_send
 .text.timeout_con
                0x0000000000003b6a       0xb6 obj_z1/mqtt_sn.o
                0x0000000000003b6a                timeout_con
 .text.mqtt_sn_sub_send_wildcard
                0x0000000000003c20       0x84 obj_z1/mqtt_sn.o
                0x0000000000003c20                mqtt_sn_sub_send_wildcard
 .text.mqtt_sn_insert_queue
                0x0000000000003ca4       0xa0 obj_z1/mqtt_sn.o
                0x0000000000003ca4                mqtt_sn_insert_queue
 .text.mqtt_sn_sub_wildcard
                0x0000000000003d44       0x36 obj_z1/mqtt_sn.o
                0x0000000000003d44                mqtt_sn_sub_wildcard
 .text.mqtt_sn_sub
                0x0000000000003d7a       0x98 obj_z1/mqtt_sn.o
                0x0000000000003d7a                mqtt_sn_sub
 .text.mqtt_sn_delete_queue
                0x0000000000003e12       0x82 obj_z1/mqtt_sn.o
                0x0000000000003e12                mqtt_sn_delete_queue
 .text.mqtt_sn_check_empty
                0x0000000000003e94        0xc obj_z1/mqtt_sn.o
                0x0000000000003e94                mqtt_sn_check_empty
 .text.init_vectors
                0x0000000000003ea0       0x2c obj_z1/mqtt_sn.o
                0x0000000000003ea0                init_vectors
 .text.mqtt_sn_recv_parser
                0x0000000000003ecc      0x1d4 obj_z1/mqtt_sn.o
                0x0000000000003ecc                mqtt_sn_recv_parser
 .text.mqtt_sn_udp_rec_cb
                0x00000000000040a0        0xa obj_z1/mqtt_sn.o
                0x00000000000040a0                mqtt_sn_udp_rec_cb
 .text.mqtt_sn_create_sck
                0x00000000000040aa      0x1d4 obj_z1/mqtt_sn.o
                0x00000000000040aa                mqtt_sn_create_sck
 .text.process_thread_mqtt_sn_main
                0x000000000000427e      0x326 obj_z1/mqtt_sn.o
 .text.mqtt_sn_init
                0x00000000000045a4       0x70 obj_z1/mqtt_sn.o
                0x00000000000045a4                mqtt_sn_init
 .text.init_platform
                0x0000000000004614        0xc contiki-z1.a(contiki-z1-plat)
                0x0000000000004614                init_platform
 .text.msp430_init_dco
                0x0000000000004620       0x28 contiki-z1.a(msp430.o)
                0x0000000000004620                msp430_init_dco
 .text.splhigh_
                0x0000000000004648        0x8 contiki-z1.a(msp430.o)
                0x0000000000004648                splhigh_
 .text.msp430_sync_dco
                0x0000000000004650       0x72 contiki-z1.a(msp430.o)
                0x0000000000004650                msp430_sync_dco
 .text.msp430_cpu_init
                0x00000000000046c2       0x2a contiki-z1.a(msp430.o)
                0x00000000000046c2                msp430_cpu_init
 .text.show_leds
                0x00000000000046ec       0xee contiki-z1.a(leds.o)
 .text.leds_init
                0x00000000000047da        0xa contiki-z1.a(leds.o)
                0x00000000000047da                leds_init
 .text.leds_on  0x00000000000047e4        0xa contiki-z1.a(leds.o)
                0x00000000000047e4                leds_on
 .text.leds_off
                0x00000000000047ee        0xe contiki-z1.a(leds.o)
                0x00000000000047ee                leds_off
 .text.watchdog_interrupt
                0x00000000000047fc        0x6 contiki-z1.a(watchdog.o)
                0x00000000000047fc                __isr_26
                0x00000000000047fc                watchdog_interrupt
 .text.watchdog_start
                0x0000000000004802       0x14 contiki-z1.a(watchdog.o)
                0x0000000000004802                watchdog_start
 .text.watchdog_periodic
                0x0000000000004816       0x12 contiki-z1.a(watchdog.o)
                0x0000000000004816                watchdog_periodic
 .text.watchdog_stop
                0x0000000000004828       0x16 contiki-z1.a(watchdog.o)
                0x0000000000004828                watchdog_stop
 .text.watchdog_init
                0x000000000000483e       0x14 contiki-z1.a(watchdog.o)
                0x000000000000483e                watchdog_init
 .text.wait_ready
                0x0000000000004852       0x4e contiki-z1.a(xmem.o)
 .text.xmem_init
                0x00000000000048a0       0x1e contiki-z1.a(xmem.o)
                0x00000000000048a0                xmem_init
 .text.xmem_pread
                0x00000000000048be       0xd0 contiki-z1.a(xmem.o)
                0x00000000000048be                xmem_pread
 .text.spi_init
                0x000000000000498e       0x38 contiki-z1.a(spi.o)
                0x000000000000498e                spi_init
 .text.get_object
                0x00000000000049c6        0x4 contiki-z1.a(cc2420.o)
 .text.set_object
                0x00000000000049ca        0x4 contiki-z1.a(cc2420.o)
 .text.strobe   0x00000000000049ce       0x20 contiki-z1.a(cc2420.o)
 .text.getreg   0x00000000000049ee       0x50 contiki-z1.a(cc2420.o)
 .text.setreg   0x0000000000004a3e       0x52 contiki-z1.a(cc2420.o)
 .text.write_ram
                0x0000000000004a90       0x7e contiki-z1.a(cc2420.o)
 .text.write_fifo_buf
                0x0000000000004b0e       0x40 contiki-z1.a(cc2420.o)
 .text.get_status
                0x0000000000004b4e       0x24 contiki-z1.a(cc2420.o)
 .text.set_txpower
                0x0000000000004b72       0x26 contiki-z1.a(cc2420.o)
 .text.cc2420_receiving_packet
                0x0000000000004b98        0xe contiki-z1.a(cc2420.o)
 .text.pending_packet
                0x0000000000004ba6        0xe contiki-z1.a(cc2420.o)
 .text.on       0x0000000000004bb4       0x1e contiki-z1.a(cc2420.o)
 .text.wait_for_transmission
                0x0000000000004bd2       0x22 contiki-z1.a(cc2420.o)
 .text.wait_for_status
                0x0000000000004bf4       0x26 contiki-z1.a(cc2420.o)
 .text.getrxdata
                0x0000000000004c1a       0x54 contiki-z1.a(cc2420.o)
 .text.flushrx  0x0000000000004c6e       0x1a contiki-z1.a(cc2420.o)
 .text.off      0x0000000000004c88       0x56 contiki-z1.a(cc2420.o)
 .text.RELEASE_LOCK
                0x0000000000004cde       0x28 contiki-z1.a(cc2420.o)
 .text.set_key  0x0000000000004d06       0x18 contiki-z1.a(cc2420.o)
 .text.cc2420_prepare
                0x0000000000004d1e       0x38 contiki-z1.a(cc2420.o)
 .text.cc2420_on
                0x0000000000004d56       0x22 contiki-z1.a(cc2420.o)
                0x0000000000004d56                cc2420_on
 .text.cc2420_off
                0x0000000000004d78       0x30 contiki-z1.a(cc2420.o)
                0x0000000000004d78                cc2420_off
 .text.cc2420_cca
                0x0000000000004da8       0x5a contiki-z1.a(cc2420.o)
 .text.cc2420_read
                0x0000000000004e02       0xac contiki-z1.a(cc2420.o)
 .text.process_thread_cc2420_process
                0x0000000000004eae       0x50 contiki-z1.a(cc2420.o)
 .text.encrypt  0x0000000000004efe       0x8c contiki-z1.a(cc2420.o)
 .text.cc2420_set_channel
                0x0000000000004f8a       0x3a contiki-z1.a(cc2420.o)
                0x0000000000004f8a                cc2420_set_channel
 .text.cc2420_set_pan_addr
                0x0000000000004fc4       0x4c contiki-z1.a(cc2420.o)
                0x0000000000004fc4                cc2420_set_pan_addr
 .text.cc2420_interrupt
                0x0000000000005010       0x18 contiki-z1.a(cc2420.o)
                0x0000000000005010                cc2420_interrupt
 .text.cc2420_set_txpower
                0x0000000000005028        0xe contiki-z1.a(cc2420.o)
                0x0000000000005028                cc2420_set_txpower
 .text.cc2420_get_txpower
                0x0000000000005036       0x1e contiki-z1.a(cc2420.o)
                0x0000000000005036                cc2420_get_txpower
 .text.cc2420_transmit
                0x0000000000005054      0x106 contiki-z1.a(cc2420.o)
 .text.cc2420_send
                0x000000000000515a       0x12 contiki-z1.a(cc2420.o)
 .text.cc2420_rssi
                0x000000000000516c       0x48 contiki-z1.a(cc2420.o)
                0x000000000000516c                cc2420_rssi
 .text.get_value
                0x00000000000051b4       0xa6 contiki-z1.a(cc2420.o)
 .text.cc2420_set_cca_threshold
                0x000000000000525a       0x16 contiki-z1.a(cc2420.o)
                0x000000000000525a                cc2420_set_cca_threshold
 .text.set_value
                0x0000000000005270       0x84 contiki-z1.a(cc2420.o)
 .text.cc2420_init
                0x00000000000052f4       0xde contiki-z1.a(cc2420.o)
                0x00000000000052f4                cc2420_init
 .text.cc2420_arch_init
                0x00000000000053d2       0x1a contiki-z1.a(cc2420-arch.o)
                0x00000000000053d2                cc2420_arch_init
 .text.node_id_restore
                0x00000000000053ec       0x4c contiki-z1.a(node-id.o)
                0x00000000000053ec                node_id_restore
 .text.process_thread_sensors_process
                0x0000000000005438       0xbe contiki-z1.a(sensors.o)
 .text.sensors_changed
                0x00000000000054f6       0x2a contiki-z1.a(sensors.o)
                0x00000000000054f6                sensors_changed
 .text.status   0x0000000000005520       0x16 contiki-z1.a(button-sensor.o)
 .text.configure
                0x0000000000005536       0x52 contiki-z1.a(button-sensor.o)
 .text.value    0x0000000000005588       0x22 contiki-z1.a(button-sensor.o)
 .text.irq_p2   0x00000000000055aa       0x76 contiki-z1.a(button-sensor.o)
                0x00000000000055aa                irq_p2
                0x00000000000055aa                __isr_19
 .text.uart0_active
                0x0000000000005620        0xe contiki-z1.a(uart0.o)
                0x0000000000005620                uart0_active
 .text.uart0_writeb
                0x000000000000562e       0x18 contiki-z1.a(uart0.o)
                0x000000000000562e                uart0_writeb
 .text.uart0_init
                0x0000000000005646       0x46 contiki-z1.a(uart0.o)
                0x0000000000005646                uart0_init
 .text.uart0_rx_interrupt
                0x000000000000568c       0x66 contiki-z1.a(uart0.o)
                0x000000000000568c                __isr_23
                0x000000000000568c                uart0_rx_interrupt
 .text.putchar  0x00000000000056f2       0x10 contiki-z1.a(uart0-putchar.o)
                0x00000000000056f2                putchar
 .text.accm_write_reg
                0x0000000000005702       0x2e contiki-z1.a(adxl345.o)
                0x0000000000005702                accm_write_reg
 .text.accm_write_stream
                0x0000000000005730       0x2a contiki-z1.a(adxl345.o)
                0x0000000000005730                accm_write_stream
 .text.accm_read_reg
                0x000000000000575a       0x54 contiki-z1.a(adxl345.o)
                0x000000000000575a                accm_read_reg
 .text.process_thread_accmeter_process
                0x00000000000057ae       0x56 contiki-z1.a(adxl345.o)
 .text.accm_init
                0x0000000000005804       0x8a contiki-z1.a(adxl345.o)
                0x0000000000005804                accm_init
 .text.port1_isr
                0x000000000000588e       0xc4 contiki-z1.a(adxl345.o)
                0x000000000000588e                port1_isr
                0x000000000000588e                __isr_18
 .text.timera1  0x0000000000005952      0x10a contiki-z1.a(clock.o)
                0x0000000000005952                __isr_24
                0x0000000000005952                timera1
 .text.clock_time
                0x0000000000005a5c       0x1a contiki-z1.a(clock.o)
                0x0000000000005a5c                clock_time
 .text.clock_init
                0x0000000000005a76       0x28 contiki-z1.a(clock.o)
                0x0000000000005a76                clock_init
 .text.clock_delay
                0x0000000000005a9e        0xc contiki-z1.a(clock.o)
                0x0000000000005a9e                clock_delay
 .text.clock_wait
                0x0000000000005aaa       0x28 contiki-z1.a(clock.o)
                0x0000000000005aaa                clock_wait
 .text.clock_seconds
                0x0000000000005ad2       0x1a contiki-z1.a(clock.o)
                0x0000000000005ad2                clock_seconds
 .text.leds_arch_init
                0x0000000000005aec        0xe contiki-z1.a(leds-arch.o)
                0x0000000000005aec                leds_arch_init
 .text.leds_arch_set
                0x0000000000005afa       0x3a contiki-z1.a(leds-arch.o)
                0x0000000000005afa                leds_arch_set
 .text.rtimer_arch_init
                0x0000000000005b34        0xe contiki-z1.a(rtimer-arch.o)
                0x0000000000005b34                rtimer_arch_init
 .text.rtimer_arch_now
                0x0000000000005b42        0xe contiki-z1.a(rtimer-arch.o)
                0x0000000000005b42                rtimer_arch_now
 .text.timera0  0x0000000000005b50       0x5c contiki-z1.a(rtimer-arch.o)
                0x0000000000005b50                __isr_25
                0x0000000000005b50                timera0
 .text.rtimer_arch_schedule
                0x0000000000005bac        0x6 contiki-z1.a(rtimer-arch.o)
                0x0000000000005bac                rtimer_arch_schedule
 .text.autostart_start
                0x0000000000005bb2       0x16 contiki-z1.a(autostart.o)
                0x0000000000005bb2                autostart_start
 .text.energest_init
                0x0000000000005bc8       0x28 contiki-z1.a(energest.o)
                0x0000000000005bc8                energest_init
 .text.energest_type_time
                0x0000000000005bf0       0x3c contiki-z1.a(energest.o)
                0x0000000000005bf0                energest_type_time
 .text.energest_type_set
                0x0000000000005c2c        0xc contiki-z1.a(energest.o)
                0x0000000000005c2c                energest_type_set
 .text.energest_flush
                0x0000000000005c38       0x38 contiki-z1.a(energest.o)
                0x0000000000005c38                energest_flush
 .text.update_time
                0x0000000000005c70       0x70 contiki-z1.a(etimer.o)
 .text.etimer_request_poll
                0x0000000000005ce0        0xa contiki-z1.a(etimer.o)
                0x0000000000005ce0                etimer_request_poll
 .text.process_thread_etimer_process
                0x0000000000005cea       0xc0 contiki-z1.a(etimer.o)
 .text.add_timer
                0x0000000000005daa       0x40 contiki-z1.a(etimer.o)
 .text.etimer_set
                0x0000000000005dea       0x12 contiki-z1.a(etimer.o)
                0x0000000000005dea                etimer_set
 .text.etimer_reset
                0x0000000000005dfc       0x12 contiki-z1.a(etimer.o)
                0x0000000000005dfc                etimer_reset
 .text.etimer_expired
                0x0000000000005e0e        0xe contiki-z1.a(etimer.o)
                0x0000000000005e0e                etimer_expired
 .text.etimer_expiration_time
                0x0000000000005e1c       0x14 contiki-z1.a(etimer.o)
                0x0000000000005e1c                etimer_expiration_time
 .text.etimer_pending
                0x0000000000005e30        0xc contiki-z1.a(etimer.o)
                0x0000000000005e30                etimer_pending
 .text.etimer_next_expiration_time
                0x0000000000005e3c       0x16 contiki-z1.a(etimer.o)
                0x0000000000005e3c                etimer_next_expiration_time
 .text.etimer_stop
                0x0000000000005e52       0x3c contiki-z1.a(etimer.o)
                0x0000000000005e52                etimer_stop
 .text.process_thread_ctimer_process
                0x0000000000005e8e       0x9c contiki-z1.a(ctimer.o)
 .text.ctimer_init
                0x0000000000005f2a       0x18 contiki-z1.a(ctimer.o)
                0x0000000000005f2a                ctimer_init
 .text.ctimer_set
                0x0000000000005f42       0x48 contiki-z1.a(ctimer.o)
                0x0000000000005f42                ctimer_set
 .text.ctimer_reset
                0x0000000000005f8a       0x2c contiki-z1.a(ctimer.o)
                0x0000000000005f8a                ctimer_reset
 .text.ctimer_stop
                0x0000000000005fb6       0x28 contiki-z1.a(ctimer.o)
                0x0000000000005fb6                ctimer_stop
 .text.call_process
                0x0000000000005fde       0x46 contiki-z1.a(process.o)
 .text.exit_process
                0x0000000000006024       0x8a contiki-z1.a(process.o)
 .text.do_poll  0x00000000000060ae       0x30 contiki-z1.a(process.o)
 .text.process_alloc_event
                0x00000000000060de        0xe contiki-z1.a(process.o)
                0x00000000000060de                process_alloc_event
 .text.process_init
                0x00000000000060ec       0x1c contiki-z1.a(process.o)
                0x00000000000060ec                process_init
 .text.process_run
                0x0000000000006108       0xa4 contiki-z1.a(process.o)
                0x0000000000006108                process_run
 .text.process_nevents
                0x00000000000061ac        0xe contiki-z1.a(process.o)
                0x00000000000061ac                process_nevents
 .text.process_post
                0x00000000000061ba       0x50 contiki-z1.a(process.o)
                0x00000000000061ba                process_post
 .text.process_post_synch
                0x000000000000620a       0x12 contiki-z1.a(process.o)
                0x000000000000620a                process_post_synch
 .text.process_start
                0x000000000000621c       0x32 contiki-z1.a(process.o)
                0x000000000000621c                process_start
 .text.process_poll
                0x000000000000624e       0x18 contiki-z1.a(process.o)
                0x000000000000624e                process_poll
 .text.rtimer_init
                0x0000000000006266        0x6 contiki-z1.a(rtimer.o)
                0x0000000000006266                rtimer_init
 .text.rtimer_run_next
                0x000000000000626c       0x26 contiki-z1.a(rtimer.o)
                0x000000000000626c                rtimer_run_next
 .text.timer_set
                0x0000000000006292       0x1c contiki-z1.a(timer.o)
                0x0000000000006292                timer_set
 .text.timer_reset
                0x00000000000062ae        0xe contiki-z1.a(timer.o)
                0x00000000000062ae                timer_reset
 .text.timer_expired
                0x00000000000062bc       0x2a contiki-z1.a(timer.o)
                0x00000000000062bc                timer_expired
 .text.list_init
                0x00000000000062e6        0x6 contiki-z1.a(list.o)
                0x00000000000062e6                list_init
 .text.list_head
                0x00000000000062ec        0x4 contiki-z1.a(list.o)
                0x00000000000062ec                list_head
 .text.list_tail
                0x00000000000062f0       0x12 contiki-z1.a(list.o)
                0x00000000000062f0                list_tail
 .text.list_remove
                0x0000000000006302       0x34 contiki-z1.a(list.o)
                0x0000000000006302                list_remove
 .text.list_push
                0x0000000000006336       0x16 contiki-z1.a(list.o)
                0x0000000000006336                list_push
 .text.list_add
                0x000000000000634c       0x26 contiki-z1.a(list.o)
                0x000000000000634c                list_add
 .text.list_length
                0x0000000000006372       0x10 contiki-z1.a(list.o)
                0x0000000000006372                list_length
 .text.list_item_next
                0x0000000000006382        0xc contiki-z1.a(list.o)
                0x0000000000006382                list_item_next
 .text.uip_ds6_list_loop
                0x000000000000638e       0x66 contiki-z1.a(uip-ds6.o)
                0x000000000000638e                uip_ds6_list_loop
 .text.uip_ds6_prefix_add
                0x00000000000063f4       0x70 contiki-z1.a(uip-ds6.o)
                0x00000000000063f4                uip_ds6_prefix_add
 .text.uip_ds6_is_addr_onlink
                0x0000000000006464       0x42 contiki-z1.a(uip-ds6.o)
                0x0000000000006464                uip_ds6_is_addr_onlink
 .text.uip_ds6_addr_lookup
                0x00000000000064a6       0x2a contiki-z1.a(uip-ds6.o)
                0x00000000000064a6                uip_ds6_addr_lookup
 .text.uip_ds6_get_link_local
                0x00000000000064d0       0x3e contiki-z1.a(uip-ds6.o)
                0x00000000000064d0                uip_ds6_get_link_local
 .text.uip_ds6_maddr_add
                0x000000000000650e       0x48 contiki-z1.a(uip-ds6.o)
                0x000000000000650e                uip_ds6_maddr_add
 .text.uip_ds6_addr_add
                0x0000000000006556       0xb4 contiki-z1.a(uip-ds6.o)
                0x0000000000006556                uip_ds6_addr_add
 .text.uip_ds6_maddr_lookup
                0x000000000000660a       0x2a contiki-z1.a(uip-ds6.o)
                0x000000000000660a                uip_ds6_maddr_lookup
 .text.uip_ds6_addr_rm
                0x0000000000006634       0x54 contiki-z1.a(uip-ds6.o)
                0x0000000000006634                uip_ds6_addr_rm
 .text.uip_ds6_periodic
                0x0000000000006688       0x4a contiki-z1.a(uip-ds6.o)
                0x0000000000006688                uip_ds6_periodic
 .text.uip_ds6_set_addr_iid
                0x00000000000066d2       0x14 contiki-z1.a(uip-ds6.o)
                0x00000000000066d2                uip_ds6_set_addr_iid
 .text.get_match_length
                0x00000000000066e6       0x3a contiki-z1.a(uip-ds6.o)
                0x00000000000066e6                get_match_length
 .text.uip_ds6_select_src
                0x0000000000006720       0x9a contiki-z1.a(uip-ds6.o)
                0x0000000000006720                uip_ds6_select_src
 .text.uip_ds6_compute_reachable_time
                0x00000000000067ba       0x36 contiki-z1.a(uip-ds6.o)
                0x00000000000067ba                uip_ds6_compute_reachable_time
 .text.uip_ds6_init
                0x00000000000067f0      0x138 contiki-z1.a(uip-ds6.o)
                0x00000000000067f0                uip_ds6_init
 .text.call_route_callback
                0x0000000000006928       0x40 contiki-z1.a(uip-ds6-route.o)
 .text.uip_ds6_route_init
                0x0000000000006968       0x36 contiki-z1.a(uip-ds6-route.o)
                0x0000000000006968                uip_ds6_route_init
 .text.uip_ds6_route_nexthop
                0x000000000000699e       0x1a contiki-z1.a(uip-ds6-route.o)
                0x000000000000699e                uip_ds6_route_nexthop
 .text.uip_ds6_route_head
                0x00000000000069b8        0xa contiki-z1.a(uip-ds6-route.o)
                0x00000000000069b8                uip_ds6_route_head
 .text.uip_ds6_route_next
                0x00000000000069c2        0xe contiki-z1.a(uip-ds6-route.o)
                0x00000000000069c2                uip_ds6_route_next
 .text.assert_nbr_routes_list_sane
                0x00000000000069d0       0x48 contiki-z1.a(uip-ds6-route.o)
 .text.uip_ds6_route_lookup
                0x0000000000006a18       0x6e contiki-z1.a(uip-ds6-route.o)
                0x0000000000006a18                uip_ds6_route_lookup
 .text.uip_ds6_route_rm
                0x0000000000006a86       0xa8 contiki-z1.a(uip-ds6-route.o)
                0x0000000000006a86                uip_ds6_route_rm
 .text.rm_routelist
                0x0000000000006b2e       0x3c contiki-z1.a(uip-ds6-route.o)
 .text.rm_routelist_callback
                0x0000000000006b6a        0x6 contiki-z1.a(uip-ds6-route.o)
 .text.uip_ds6_route_add
                0x0000000000006b70      0x110 contiki-z1.a(uip-ds6-route.o)
                0x0000000000006b70                uip_ds6_route_add
 .text.uip_ds6_defrt_rm
                0x0000000000006c80       0x5c contiki-z1.a(uip-ds6-route.o)
                0x0000000000006c80                uip_ds6_defrt_rm
 .text.uip_ds6_defrt_lookup
                0x0000000000006cdc       0x32 contiki-z1.a(uip-ds6-route.o)
                0x0000000000006cdc                uip_ds6_defrt_lookup
 .text.uip_ds6_defrt_add
                0x0000000000006d0e       0x82 contiki-z1.a(uip-ds6-route.o)
                0x0000000000006d0e                uip_ds6_defrt_add
 .text.uip_ds6_defrt_choose
                0x0000000000006d90       0x36 contiki-z1.a(uip-ds6-route.o)
                0x0000000000006d90                uip_ds6_defrt_choose
 .text.uip_ds6_defrt_periodic
                0x0000000000006dc6       0x38 contiki-z1.a(uip-ds6-route.o)
                0x0000000000006dc6                uip_ds6_defrt_periodic
 .text.chksum   0x0000000000006dfe       0x32 contiki-z1.a(uip6.o)
 .text.upper_layer_chksum
                0x0000000000006e30       0x56 contiki-z1.a(uip6.o)
 .text.ext_hdr_options_process
                0x0000000000006e86       0xcc contiki-z1.a(uip6.o)
 .text.uip_icmp6chksum
                0x0000000000006f52        0xa contiki-z1.a(uip6.o)
                0x0000000000006f52                uip_icmp6chksum
 .text.uip_udpchksum
                0x0000000000006f5c        0xa contiki-z1.a(uip6.o)
                0x0000000000006f5c                uip_udpchksum
 .text.uip_init
                0x0000000000006f66       0x36 contiki-z1.a(uip6.o)
                0x0000000000006f66                uip_init
 .text.remove_ext_hdr
                0x0000000000006f9c       0x56 contiki-z1.a(uip6.o)
                0x0000000000006f9c                remove_ext_hdr
 .text.uip_udp_new
                0x0000000000006ff2       0xc4 contiki-z1.a(uip6.o)
                0x0000000000006ff2                uip_udp_new
 .text.uip_process
                0x00000000000070b6      0x496 contiki-z1.a(uip6.o)
                0x00000000000070b6                uip_process
 .text.uip_htons
                0x000000000000754c        0xc contiki-z1.a(uip6.o)
                0x000000000000754c                uip_htons
 .text.uip_htonl
                0x0000000000007558       0x2a contiki-z1.a(uip6.o)
                0x0000000000007558                uip_htonl
 .text.uip_ds6_nbr_rm
                0x0000000000007582       0x1a contiki-z1.a(uip-ds6-nbr.o)
                0x0000000000007582                uip_ds6_nbr_rm
 .text.uip_ds6_neighbors_init
                0x000000000000759c        0xe contiki-z1.a(uip-ds6-nbr.o)
                0x000000000000759c                uip_ds6_neighbors_init
 .text.uip_ds6_nbr_add
                0x00000000000075aa       0x54 contiki-z1.a(uip-ds6-nbr.o)
                0x00000000000075aa                uip_ds6_nbr_add
 .text.uip_ds6_nbr_get_ll
                0x00000000000075fe        0xc contiki-z1.a(uip-ds6-nbr.o)
                0x00000000000075fe                uip_ds6_nbr_get_ll
 .text.uip_ds6_nbr_lookup
                0x000000000000760a       0x3e contiki-z1.a(uip-ds6-nbr.o)
                0x000000000000760a                uip_ds6_nbr_lookup
 .text.uip_ds6_nbr_ll_lookup
                0x0000000000007648        0xc contiki-z1.a(uip-ds6-nbr.o)
                0x0000000000007648                uip_ds6_nbr_ll_lookup
 .text.uip_ds6_nbr_ipaddr_from_lladdr
                0x0000000000007654        0x6 contiki-z1.a(uip-ds6-nbr.o)
                0x0000000000007654                uip_ds6_nbr_ipaddr_from_lladdr
 .text.uip_ds6_nbr_lladdr_from_ipaddr
                0x000000000000765a       0x12 contiki-z1.a(uip-ds6-nbr.o)
                0x000000000000765a                uip_ds6_nbr_lladdr_from_ipaddr
 .text.uip_ds6_link_neighbor_callback
                0x000000000000766c       0x26 contiki-z1.a(uip-ds6-nbr.o)
                0x000000000000766c                uip_ds6_link_neighbor_callback
 .text.uip_ds6_neighbor_periodic
                0x0000000000007692      0x11c contiki-z1.a(uip-ds6-nbr.o)
                0x0000000000007692                uip_ds6_neighbor_periodic
 .text.na_input
                0x00000000000077ae      0x19c contiki-z1.a(uip-nd6.o)
 .text.create_llao
                0x000000000000794a       0x2c contiki-z1.a(uip-nd6.o)
 .text.ns_input
                0x0000000000007976      0x228 contiki-z1.a(uip-nd6.o)
 .text.uip_nd6_ns_output
                0x0000000000007b9e      0x154 contiki-z1.a(uip-nd6.o)
                0x0000000000007b9e                uip_nd6_ns_output
 .text.uip_nd6_init
                0x0000000000007cf2       0x12 contiki-z1.a(uip-nd6.o)
                0x0000000000007cf2                uip_nd6_init
 .text.set_packet_attrs
                0x0000000000007d04       0x44 contiki-z1.a(sicslowpan.o)
 .text.addr_context_lookup_by_number
                0x0000000000007d48       0x34 contiki-z1.a(sicslowpan.o)
 .text.compress_addr_64
                0x0000000000007d7c       0xaa contiki-z1.a(sicslowpan.o)
 .text.uncompress_addr
                0x0000000000007e26       0x96 contiki-z1.a(sicslowpan.o)
 .text.input    0x0000000000007ebc      0x5f0 contiki-z1.a(sicslowpan.o)
 .text.sicslowpan_init
                0x00000000000084ac       0x26 contiki-z1.a(sicslowpan.o)
                0x00000000000084ac                sicslowpan_init
 .text.addr_context_lookup_by_prefix
                0x00000000000084d2       0x4a contiki-z1.a(sicslowpan.o)
 .text.send_packet
                0x000000000000851c       0x1a contiki-z1.a(sicslowpan.o)
 .text.output   0x0000000000008536      0x696 contiki-z1.a(sicslowpan.o)
 .text.packet_sent
                0x0000000000008bcc       0x22 contiki-z1.a(sicslowpan.o)
 .text.uip_debug_ipaddr_print
                0x0000000000008bee       0x70 contiki-z1.a(uip-debug.o)
                0x0000000000008bee                uip_debug_ipaddr_print
 .text.tcpip_output
                0x0000000000008c5e       0x10 contiki-z1.a(tcpip.o)
                0x0000000000008c5e                tcpip_output
 .text.tcpip_set_outputfunc
                0x0000000000008c6e        0x6 contiki-z1.a(tcpip.o)
                0x0000000000008c6e                tcpip_set_outputfunc
 .text.udp_new  0x0000000000008c74       0x1a contiki-z1.a(tcpip.o)
                0x0000000000008c74                udp_new
 .text.tcpip_input
                0x0000000000008c8e       0x16 contiki-z1.a(tcpip.o)
                0x0000000000008c8e                tcpip_input
 .text.tcpip_ipv6_output
                0x0000000000008ca4      0x144 contiki-z1.a(tcpip.o)
                0x0000000000008ca4                tcpip_ipv6_output
 .text.process_thread_tcpip_process
                0x0000000000008de8       0xcc contiki-z1.a(tcpip.o)
 .text.tcpip_uipcall
                0x0000000000008eb4       0x2a contiki-z1.a(tcpip.o)
                0x0000000000008eb4                tcpip_uipcall
 .text.process_thread_simple_udp_process
                0x0000000000008ede       0x9c contiki-z1.a(simple-udp.o)
 .text.simple_udp_send
                0x0000000000008f7a       0x2a contiki-z1.a(simple-udp.o)
                0x0000000000008f7a                simple_udp_send
 .text.simple_udp_register
                0x0000000000008fa4       0x86 contiki-z1.a(simple-udp.o)
                0x0000000000008fa4                simple_udp_register
 .text.lollipop_greater_than
                0x000000000000902a       0x44 contiki-z1.a(rpl-dag.o)
 .text.acceptable_rank
                0x000000000000906e       0x44 contiki-z1.a(rpl-dag.o)
 .text.find_parent_any_dag_any_instance
                0x00000000000090b2       0x14 contiki-z1.a(rpl-dag.o)
 .text.rpl_set_preferred_parent
                0x00000000000090c6       0x2c contiki-z1.a(rpl-dag.o)
 .text.set_ip_from_prefix
                0x00000000000090f2       0x30 contiki-z1.a(rpl-dag.o)
 .text.check_prefix
                0x0000000000009122       0x70 contiki-z1.a(rpl-dag.o)
 .text.rpl_get_nbr
                0x0000000000009192       0x1e contiki-z1.a(rpl-dag.o)
                0x0000000000009192                rpl_get_nbr
 .text.rpl_dag_init
                0x00000000000091b0        0xe contiki-z1.a(rpl-dag.o)
                0x00000000000091b0                rpl_dag_init
 .text.rpl_get_parent
                0x00000000000091be        0xc contiki-z1.a(rpl-dag.o)
                0x00000000000091be                rpl_get_parent
 .text.rpl_get_parent_ipaddr
                0x00000000000091ca       0x10 contiki-z1.a(rpl-dag.o)
                0x00000000000091ca                rpl_get_parent_ipaddr
 .text.rpl_set_prefix
                0x00000000000091da       0x74 contiki-z1.a(rpl-dag.o)
                0x00000000000091da                rpl_set_prefix
 .text.rpl_set_default_route
                0x000000000000924e       0x56 contiki-z1.a(rpl-dag.o)
                0x000000000000924e                rpl_set_default_route
 .text.rpl_alloc_instance
                0x00000000000092a4       0x34 contiki-z1.a(rpl-dag.o)
                0x00000000000092a4                rpl_alloc_instance
 .text.rpl_add_parent
                0x00000000000092d8       0x4e contiki-z1.a(rpl-dag.o)
                0x00000000000092d8                rpl_add_parent
 .text.rpl_find_parent
                0x0000000000009326       0x1a contiki-z1.a(rpl-dag.o)
                0x0000000000009326                rpl_find_parent
 .text.rpl_find_parent_any_dag
                0x0000000000009340       0x22 contiki-z1.a(rpl-dag.o)
                0x0000000000009340                rpl_find_parent_any_dag
 .text.rpl_select_parent
                0x0000000000009362       0x76 contiki-z1.a(rpl-dag.o)
                0x0000000000009362                rpl_select_parent
 .text.rpl_select_dag
                0x00000000000093d8      0x172 contiki-z1.a(rpl-dag.o)
                0x00000000000093d8                rpl_select_dag
 .text.rpl_nullify_parent
                0x000000000000954a       0x50 contiki-z1.a(rpl-dag.o)
                0x000000000000954a                rpl_nullify_parent
 .text.rpl_remove_parent
                0x000000000000959a       0x16 contiki-z1.a(rpl-dag.o)
                0x000000000000959a                rpl_remove_parent
 .text.nbr_callback
                0x00000000000095b0        0x6 contiki-z1.a(rpl-dag.o)
 .text.remove_parents.constprop.2
                0x00000000000095b6       0x2e contiki-z1.a(rpl-dag.o)
 .text.rpl_move_parent
                0x00000000000095e4       0x52 contiki-z1.a(rpl-dag.o)
                0x00000000000095e4                rpl_move_parent
 .text.rpl_get_any_dag
                0x0000000000009636       0x18 contiki-z1.a(rpl-dag.o)
                0x0000000000009636                rpl_get_any_dag
 .text.rpl_get_instance
                0x000000000000964e       0x1a contiki-z1.a(rpl-dag.o)
                0x000000000000964e                rpl_get_instance
 .text.rpl_alloc_dag
                0x0000000000009668       0x5c contiki-z1.a(rpl-dag.o)
                0x0000000000009668                rpl_alloc_dag
 .text.rpl_repair_root
                0x00000000000096c4       0x50 contiki-z1.a(rpl-dag.o)
                0x00000000000096c4                rpl_repair_root
 .text.rpl_find_of
                0x0000000000009714       0x10 contiki-z1.a(rpl-dag.o)
                0x0000000000009714                rpl_find_of
 .text.rpl_join_instance
                0x0000000000009724      0x128 contiki-z1.a(rpl-dag.o)
                0x0000000000009724                rpl_join_instance
 .text.rpl_local_repair
                0x000000000000984c       0x64 contiki-z1.a(rpl-dag.o)
                0x000000000000984c                rpl_local_repair
 .text.rpl_process_parent_event
                0x00000000000098b0       0x46 contiki-z1.a(rpl-dag.o)
                0x00000000000098b0                rpl_process_parent_event
 .text.rpl_recalculate_ranks
                0x00000000000098f6       0x48 contiki-z1.a(rpl-dag.o)
                0x00000000000098f6                rpl_recalculate_ranks
 .text.rpl_add_dag
                0x000000000000993e      0x102 contiki-z1.a(rpl-dag.o)
                0x000000000000993e                rpl_add_dag
 .text.rpl_process_dio
                0x0000000000009a40      0x2ca contiki-z1.a(rpl-dag.o)
                0x0000000000009a40                rpl_process_dio
 .text.rpl_lock_parent
                0x0000000000009d0a        0xc contiki-z1.a(rpl-dag.o)
                0x0000000000009d0a                rpl_lock_parent
 .text.new_dio_interval
                0x0000000000009d16       0x8a contiki-z1.a(rpl-timers.o)
 .text.handle_periodic_timer
                0x0000000000009da0       0x2e contiki-z1.a(rpl-timers.o)
 .text.set_dao_lifetime_timer
                0x0000000000009dce       0x52 contiki-z1.a(rpl-timers.o)
 .text.schedule_dao
                0x0000000000009e20       0x72 contiki-z1.a(rpl-timers.o)
 .text.handle_dio_timer
                0x0000000000009e92       0x88 contiki-z1.a(rpl-timers.o)
 .text.handle_dao_timer
                0x0000000000009f1a       0x64 contiki-z1.a(rpl-timers.o)
 .text.rpl_reset_periodic_timer
                0x0000000000009f7e       0x5c contiki-z1.a(rpl-timers.o)
                0x0000000000009f7e                rpl_reset_periodic_timer
 .text.rpl_reset_dio_timer
                0x0000000000009fda       0x18 contiki-z1.a(rpl-timers.o)
                0x0000000000009fda                rpl_reset_dio_timer
 .text.rpl_schedule_dao
                0x0000000000009ff2        0xc contiki-z1.a(rpl-timers.o)
                0x0000000000009ff2                rpl_schedule_dao
 .text.rpl_schedule_probing
                0x0000000000009ffe       0x34 contiki-z1.a(rpl-timers.o)
                0x0000000000009ffe                rpl_schedule_probing
 .text.handle_probing_timer
                0x000000000000a032      0x10c contiki-z1.a(rpl-timers.o)
 .text.rpl_verify_header
                0x000000000000a13e       0xb2 contiki-z1.a(rpl-ext-header.)
                0x000000000000a13e                rpl_verify_header
 .text.rpl_update_header_empty
                0x000000000000a1f0      0x122 contiki-z1.a(rpl-ext-header.)
                0x000000000000a1f0                rpl_update_header_empty
 .text.rpl_update_header_final
                0x000000000000a312       0x94 contiki-z1.a(rpl-ext-header.)
                0x000000000000a312                rpl_update_header_final
 .text.rpl_invert_header
                0x000000000000a3a6       0x72 contiki-z1.a(rpl-ext-header.)
                0x000000000000a3a6                rpl_invert_header
 .text.rpl_insert_header
                0x000000000000a418       0x12 contiki-z1.a(rpl-ext-header.)
                0x000000000000a418                rpl_insert_header
 .text.rpl_get_mode
                0x000000000000a42a        0x6 contiki-z1.a(rpl.o)
                0x000000000000a42a                rpl_get_mode
 .text.rpl_purge_routes
                0x000000000000a430       0x96 contiki-z1.a(rpl.o)
                0x000000000000a430                rpl_purge_routes
 .text.rpl_remove_routes
                0x000000000000a4c6       0x22 contiki-z1.a(rpl.o)
                0x000000000000a4c6                rpl_remove_routes
 .text.rpl_remove_routes_by_nexthop
                0x000000000000a4e8       0x3e contiki-z1.a(rpl.o)
                0x000000000000a4e8                rpl_remove_routes_by_nexthop
 .text.rpl_add_route
                0x000000000000a526       0x40 contiki-z1.a(rpl.o)
                0x000000000000a526                rpl_add_route
 .text.rpl_link_neighbor_callback
                0x000000000000a566       0x74 contiki-z1.a(rpl.o)
                0x000000000000a566                rpl_link_neighbor_callback
 .text.rpl_ipv6_neighbor_callback
                0x000000000000a5da       0x1e contiki-z1.a(rpl.o)
                0x000000000000a5da                rpl_ipv6_neighbor_callback
 .text.rpl_init
                0x000000000000a5f8       0x4a contiki-z1.a(rpl.o)
                0x000000000000a5f8                rpl_init
 .text.reset    0x000000000000a642        0x2 contiki-z1.a(rpl-mrhof.o)
 .text.update_metric_container
                0x000000000000a644        0x6 contiki-z1.a(rpl-mrhof.o)
 .text.calculate_rank
                0x000000000000a64a       0x3a contiki-z1.a(rpl-mrhof.o)
 .text.best_parent
                0x000000000000a684       0x68 contiki-z1.a(rpl-mrhof.o)
 .text.neighbor_link_callback
                0x000000000000a6ec       0x92 contiki-z1.a(rpl-mrhof.o)
 .text.best_dag
                0x000000000000a77e       0x34 contiki-z1.a(rpl-mrhof.o)
 .text.queuebuf_init
                0x000000000000a7b2       0x12 contiki-z1.a(queuebuf.o)
                0x000000000000a7b2                queuebuf_init
 .text.queuebuf_numfree
                0x000000000000a7c4        0xa contiki-z1.a(queuebuf.o)
                0x000000000000a7c4                queuebuf_numfree
 .text.queuebuf_new_from_packetbuf
                0x000000000000a7ce       0x4e contiki-z1.a(queuebuf.o)
                0x000000000000a7ce                queuebuf_new_from_packetbuf
 .text.queuebuf_free
                0x000000000000a81c       0x2a contiki-z1.a(queuebuf.o)
                0x000000000000a81c                queuebuf_free
 .text.queuebuf_to_packetbuf
                0x000000000000a846       0x32 contiki-z1.a(queuebuf.o)
                0x000000000000a846                queuebuf_to_packetbuf
 .text.index_from_key
                0x000000000000a878       0x44 contiki-z1.a(nbr-table.o)
 .text.item_from_key
                0x000000000000a8bc       0x34 contiki-z1.a(nbr-table.o)
 .text.nbr_set_bit
                0x000000000000a8f0       0x76 contiki-z1.a(nbr-table.o)
 .text.index_from_lladdr
                0x000000000000a966       0x3e contiki-z1.a(nbr-table.o)
 .text.nbr_get_bit.constprop.0
                0x000000000000a9a4       0x5a contiki-z1.a(nbr-table.o)
 .text.nbr_table_register
                0x000000000000a9fe       0x26 contiki-z1.a(nbr-table.o)
                0x000000000000a9fe                nbr_table_register
 .text.nbr_table_next
                0x000000000000aa24       0x78 contiki-z1.a(nbr-table.o)
                0x000000000000aa24                nbr_table_next
 .text.nbr_table_head
                0x000000000000aa9c       0x32 contiki-z1.a(nbr-table.o)
                0x000000000000aa9c                nbr_table_head
 .text.nbr_table_add_lladdr
                0x000000000000aace      0x12c contiki-z1.a(nbr-table.o)
                0x000000000000aace                nbr_table_add_lladdr
 .text.nbr_table_get_from_lladdr
                0x000000000000abfa       0x44 contiki-z1.a(nbr-table.o)
                0x000000000000abfa                nbr_table_get_from_lladdr
 .text.nbr_table_remove
                0x000000000000ac3e       0x2a contiki-z1.a(nbr-table.o)
                0x000000000000ac3e                nbr_table_remove
 .text.nbr_table_lock
                0x000000000000ac68       0x10 contiki-z1.a(nbr-table.o)
                0x000000000000ac68                nbr_table_lock
 .text.nbr_table_unlock
                0x000000000000ac78       0x10 contiki-z1.a(nbr-table.o)
                0x000000000000ac78                nbr_table_unlock
 .text.nbr_table_get_lladdr
                0x000000000000ac88       0x54 contiki-z1.a(nbr-table.o)
                0x000000000000ac88                nbr_table_get_lladdr
 .text.packetbuf_compact
                0x000000000000acdc       0x2e contiki-z1.a(packetbuf.o)
                0x000000000000acdc                packetbuf_compact
 .text.packetbuf_copyto
                0x000000000000ad0a       0x46 contiki-z1.a(packetbuf.o)
                0x000000000000ad0a                packetbuf_copyto
 .text.packetbuf_hdrreduce
                0x000000000000ad50       0x1a contiki-z1.a(packetbuf.o)
                0x000000000000ad50                packetbuf_hdrreduce
 .text.packetbuf_set_datalen
                0x000000000000ad6a        0x6 contiki-z1.a(packetbuf.o)
                0x000000000000ad6a                packetbuf_set_datalen
 .text.packetbuf_dataptr
                0x000000000000ad70        0xe contiki-z1.a(packetbuf.o)
                0x000000000000ad70                packetbuf_dataptr
 .text.packetbuf_hdrptr
                0x000000000000ad7e        0xa contiki-z1.a(packetbuf.o)
                0x000000000000ad7e                packetbuf_hdrptr
 .text.packetbuf_datalen
                0x000000000000ad88        0x6 contiki-z1.a(packetbuf.o)
                0x000000000000ad88                packetbuf_datalen
 .text.packetbuf_hdrlen
                0x000000000000ad8e       0x10 contiki-z1.a(packetbuf.o)
                0x000000000000ad8e                packetbuf_hdrlen
 .text.packetbuf_totlen
                0x000000000000ad9e        0xc contiki-z1.a(packetbuf.o)
                0x000000000000ad9e                packetbuf_totlen
 .text.packetbuf_hdralloc
                0x000000000000adaa       0x2a contiki-z1.a(packetbuf.o)
                0x000000000000adaa                packetbuf_hdralloc
 .text.packetbuf_attr_clear
                0x000000000000add4       0x28 contiki-z1.a(packetbuf.o)
                0x000000000000add4                packetbuf_attr_clear
 .text.packetbuf_clear
                0x000000000000adfc       0x1a contiki-z1.a(packetbuf.o)
                0x000000000000adfc                packetbuf_clear
 .text.packetbuf_copyfrom
                0x000000000000ae16       0x2a contiki-z1.a(packetbuf.o)
                0x000000000000ae16                packetbuf_copyfrom
 .text.packetbuf_attr_copyto
                0x000000000000ae40       0x22 contiki-z1.a(packetbuf.o)
                0x000000000000ae40                packetbuf_attr_copyto
 .text.packetbuf_attr_copyfrom
                0x000000000000ae62       0x24 contiki-z1.a(packetbuf.o)
                0x000000000000ae62                packetbuf_attr_copyfrom
 .text.packetbuf_holds_broadcast
                0x000000000000ae86        0xe contiki-z1.a(packetbuf.o)
                0x000000000000ae86                packetbuf_holds_broadcast
 .text.linkaddr_copy
                0x000000000000ae94        0x8 contiki-z1.a(linkaddr.o)
                0x000000000000ae94                linkaddr_copy
 .text.linkaddr_cmp
                0x000000000000ae9c       0x12 contiki-z1.a(linkaddr.o)
                0x000000000000ae9c                linkaddr_cmp
 .text.linkaddr_set_node_addr
                0x000000000000aeae        0xc contiki-z1.a(linkaddr.o)
                0x000000000000aeae                linkaddr_set_node_addr
 .text.send_packet
                0x000000000000aeba        0x6 contiki-z1.a(nullmac.o)
 .text.packet_input
                0x000000000000aec0        0x6 contiki-z1.a(nullmac.o)
 .text.on       0x000000000000aec6        0x6 contiki-z1.a(nullmac.o)
 .text.off      0x000000000000aecc        0x6 contiki-z1.a(nullmac.o)
 .text.channel_check_interval
                0x000000000000aed2        0x4 contiki-z1.a(nullmac.o)
 .text.init     0x000000000000aed6        0x2 contiki-z1.a(nullmac.o)
 .text.parse    0x000000000000aed8       0xa0 contiki-z1.a(framer-802154.o)
 .text.create_frame.isra.0
                0x000000000000af78      0x104 contiki-z1.a(framer-802154.o)
 .text.create   0x000000000000b07c        0x8 contiki-z1.a(framer-802154.o)
 .text.hdr_length
                0x000000000000b084        0x8 contiki-z1.a(framer-802154.o)
 .text.on       0x000000000000b08c        0x6 contiki-z1.a(nullrdc.o)
 .text.channel_check_interval
                0x000000000000b092        0x4 contiki-z1.a(nullrdc.o)
 .text.init     0x000000000000b096        0x6 contiki-z1.a(nullrdc.o)
 .text.send_one_packet
                0x000000000000b09c       0x62 contiki-z1.a(nullrdc.o)
 .text.send_list
                0x000000000000b0fe       0x28 contiki-z1.a(nullrdc.o)
 .text.send_packet
                0x000000000000b126        0x6 contiki-z1.a(nullrdc.o)
 .text.off      0x000000000000b12c       0x10 contiki-z1.a(nullrdc.o)
 .text.packet_input
                0x000000000000b13c       0x26 contiki-z1.a(nullrdc.o)
 .text.bootstrap
                0x000000000000b162        0x4 contiki-z1.a(nullsec.o)
 .text.send     0x000000000000b166        0xa contiki-z1.a(nullsec.o)
 .text.on_frame_created
                0x000000000000b170        0x4 contiki-z1.a(nullsec.o)
 .text.input    0x000000000000b174        0x6 contiki-z1.a(nullsec.o)
 .text.get_overhead
                0x000000000000b17a        0x4 contiki-z1.a(nullsec.o)
 .text.framer_canonical_create_and_secure
                0x000000000000b17e       0x20 contiki-z1.a(framer.o)
                0x000000000000b17e                framer_canonical_create_and_secure
 .text.i2c_receiveinit
                0x000000000000b19e       0x38 contiki-z1.a(i2cmaster.o)
                0x000000000000b19e                i2c_receiveinit
 .text.i2c_transmitinit
                0x000000000000b1d6       0x32 contiki-z1.a(i2cmaster.o)
                0x000000000000b1d6                i2c_transmitinit
 .text.i2c_receive_n
                0x000000000000b208       0x44 contiki-z1.a(i2cmaster.o)
                0x000000000000b208                i2c_receive_n
 .text.i2c_busy
                0x000000000000b24c        0xa contiki-z1.a(i2cmaster.o)
                0x000000000000b24c                i2c_busy
 .text.i2c_enable
                0x000000000000b256       0x24 contiki-z1.a(i2cmaster.o)
                0x000000000000b256                i2c_enable
 .text.i2c_transmit_n
                0x000000000000b27a       0x14 contiki-z1.a(i2cmaster.o)
                0x000000000000b27a                i2c_transmit_n
 .text.i2c_tx_interrupt
                0x000000000000b28e       0x8a contiki-z1.a(i2cmaster.o)
                0x000000000000b28e                __isr_16
                0x000000000000b28e                i2c_tx_interrupt
 .text.i2c_rx_interrupt
                0x000000000000b318       0x18 contiki-z1.a(i2cmaster.o)
                0x000000000000b318                i2c_rx_interrupt
                0x000000000000b318                __isr_17
 .text.stimer_set
                0x000000000000b330       0x1c contiki-z1.a(stimer.o)
                0x000000000000b330                stimer_set
 .text.stimer_expired
                0x000000000000b34c       0x30 contiki-z1.a(stimer.o)
                0x000000000000b34c                stimer_expired
 .text.memb_init
                0x000000000000b37c       0x36 contiki-z1.a(memb.o)
                0x000000000000b37c                memb_init
 .text.memb_alloc
                0x000000000000b3b2       0x3e contiki-z1.a(memb.o)
                0x000000000000b3b2                memb_alloc
 .text.memb_free
                0x000000000000b3f0       0x3a contiki-z1.a(memb.o)
                0x000000000000b3f0                memb_free
 .text.memb_inmemb
                0x000000000000b42a       0x2e contiki-z1.a(memb.o)
                0x000000000000b42a                memb_inmemb
 .text.memb_numfree
                0x000000000000b458       0x26 contiki-z1.a(memb.o)
                0x000000000000b458                memb_numfree
 .text.random_rand
                0x000000000000b47e        0x6 contiki-z1.a(random.o)
                0x000000000000b47e                random_rand
 .text.echo_reply_input
                0x000000000000b484      0x10a contiki-z1.a(uip-icmp6.o)
 .text.echo_request_input
                0x000000000000b58e      0x128 contiki-z1.a(uip-icmp6.o)
 .text.uip_icmp6_input
                0x000000000000b6b6       0x40 contiki-z1.a(uip-icmp6.o)
                0x000000000000b6b6                uip_icmp6_input
 .text.uip_icmp6_register_input_handler
                0x000000000000b6f6        0xc contiki-z1.a(uip-icmp6.o)
                0x000000000000b6f6                uip_icmp6_register_input_handler
 .text.uip_icmp6_error_output
                0x000000000000b702      0x166 contiki-z1.a(uip-icmp6.o)
                0x000000000000b702                uip_icmp6_error_output
 .text.uip_icmp6_send
                0x000000000000b868       0x86 contiki-z1.a(uip-icmp6.o)
                0x000000000000b868                uip_icmp6_send
 .text.uip_icmp6_init
                0x000000000000b8ee       0x12 contiki-z1.a(uip-icmp6.o)
                0x000000000000b8ee                uip_icmp6_init
 .text.uip_udp_packet_send
                0x000000000000b900       0x2e contiki-z1.a(uip-udp-packet.)
                0x000000000000b900                uip_udp_packet_send
 .text.uip_udp_packet_sendto
                0x000000000000b92e       0x56 contiki-z1.a(uip-udp-packet.)
                0x000000000000b92e                uip_udp_packet_sendto
 .text.get32    0x000000000000b984       0x3e contiki-z1.a(rpl-icmp6.o)
 .text.set32    0x000000000000b9c2       0x2a contiki-z1.a(rpl-icmp6.o)
 .text.get16    0x000000000000b9ec        0xe contiki-z1.a(rpl-icmp6.o)
 .text.set16    0x000000000000b9fa       0x10 contiki-z1.a(rpl-icmp6.o)
 .text.dao_ack_input
                0x000000000000ba0a        0x6 contiki-z1.a(rpl-icmp6.o)
 .text.dio_input
                0x000000000000ba10      0x2aa contiki-z1.a(rpl-icmp6.o)
 .text.dis_output
                0x000000000000bcba       0x50 contiki-z1.a(rpl-icmp6.o)
                0x000000000000bcba                dis_output
 .text.dio_output
                0x000000000000bd0a      0x242 contiki-z1.a(rpl-icmp6.o)
                0x000000000000bd0a                dio_output
 .text.dis_input
                0x000000000000bf4c       0x28 contiki-z1.a(rpl-icmp6.o)
 .text.dao_output_target
                0x000000000000bf74       0xd2 contiki-z1.a(rpl-icmp6.o)
                0x000000000000bf74                dao_output_target
 .text.dao_output
                0x000000000000c046       0x6a contiki-z1.a(rpl-icmp6.o)
                0x000000000000c046                dao_output
 .text.dao_ack_output
                0x000000000000c0b0       0x32 contiki-z1.a(rpl-icmp6.o)
                0x000000000000c0b0                dao_ack_output
 .text.dao_input
                0x000000000000c0e2      0x286 contiki-z1.a(rpl-icmp6.o)
 .text.rpl_icmp6_register_handlers
                0x000000000000c368       0x22 contiki-z1.a(rpl-icmp6.o)
                0x000000000000c368                rpl_icmp6_register_handlers
 .text.field_len
                0x000000000000c38a       0x94 contiki-z1.a(frame802154.o)
 .text.frame802154_hdrlen
                0x000000000000c41e       0x2e contiki-z1.a(frame802154.o)
                0x000000000000c41e                frame802154_hdrlen
 .text.frame802154_create
                0x000000000000c44c      0x112 contiki-z1.a(frame802154.o)
                0x000000000000c44c                frame802154_create
 .text.frame802154_parse
                0x000000000000c55e      0x186 contiki-z1.a(frame802154.o)
                0x000000000000c55e                frame802154_parse
 .text.mac_call_sent_callback
                0x000000000000c6e4       0x14 contiki-z1.a(mac.o)
                0x000000000000c6e4                mac_call_sent_callback
 .text.libgcc   0x000000000000c6f8       0x2a /usr/lib/gcc/msp430/4.6.3/mcpu-430x/mmpy-16/libgcc.a(_mulsi3.o)
                0x000000000000c6f8                __mulsi3
 .text.libgcc   0x000000000000c722       0x22 /usr/lib/gcc/msp430/4.6.3/mcpu-430x/mmpy-16/libgcc.a(_udivmod16.o)
                0x000000000000c722                __udivhi3
                0x000000000000c722                __ext_udivmod16
                0x000000000000c73c                __umodhi3
 .text.libgcc   0x000000000000c744       0x3a /usr/lib/gcc/msp430/4.6.3/mcpu-430x/mmpy-16/libgcc.a(_divmod16.o)
                0x000000000000c744                __ext_divmod16
                0x000000000000c744                __divhi3
                0x000000000000c776                __modhi3
 .text.libgcc   0x000000000000c77e       0x38 /usr/lib/gcc/msp430/4.6.3/mcpu-430x/mmpy-16/libgcc.a(_udivmod32.o)
                0x000000000000c77e                __udivsi3
                0x000000000000c77e                __ext_udivmod32
                0x000000000000c7ac                __umodsi3
 .text          0x000000000000c7b6       0x12 /usr/lib/gcc/msp430/4.6.3/../../../../msp430/lib/mcpu-430x/mmpy-16/libc.a(strchr.o)
                0x000000000000c7b6                strchr
 .text          0x000000000000c7c8       0x1e /usr/lib/gcc/msp430/4.6.3/../../../../msp430/lib/mcpu-430x/mmpy-16/libc.a(strcmp.o)
                0x000000000000c7c8                strcmp
 .text          0x000000000000c7e6       0x20 /usr/lib/gcc/msp430/4.6.3/../../../../msp430/lib/mcpu-430x/mmpy-16/libc.a(memcmp.o)
                0x000000000000c7e6                memcmp
 .text          0x000000000000c806       0x14 /usr/lib/gcc/msp430/4.6.3/../../../../msp430/lib/mcpu-430x/mmpy-16/libc.a(strcpy.o)
                0x000000000000c806                strcpy
 .text          0x000000000000c81a       0x2a /usr/lib/gcc/msp430/4.6.3/../../../../msp430/lib/mcpu-430x/mmpy-16/libc.a(strncpy.o)
                0x000000000000c81a                strncpy
 .text          0x000000000000c844       0xe4 /usr/lib/gcc/msp430/4.6.3/../../../../msp430/lib/mcpu-430x/mmpy-16/libc.a(memcpy.o)
                0x000000000000c844                memcpy
 .text          0x000000000000c928       0xe4 /usr/lib/gcc/msp430/4.6.3/../../../../msp430/lib/mcpu-430x/mmpy-16/libc.a(memmove.o)
                0x000000000000c928                memmove
 .text          0x000000000000ca0c       0x5c /usr/lib/gcc/msp430/4.6.3/../../../../msp430/lib/mcpu-430x/mmpy-16/libc.a(memset.o)
                0x000000000000ca0c                memset
 .text          0x000000000000ca68       0xf2 /usr/lib/gcc/msp430/4.6.3/../../../../msp430/lib/mcpu-430x/mmpy-16/libc.a(malloc.o)
                0x000000000000ca68                malloc
                0x000000000000cb52                free
 .text          0x000000000000cb5a       0x1e /usr/lib/gcc/msp430/4.6.3/../../../../msp430/lib/mcpu-430x/mmpy-16/libc.a(printf.o)
                0x000000000000cb5a                printf
                0x000000000000cb6a                vprintf
 .text          0x000000000000cb78       0xb8 /usr/lib/gcc/msp430/4.6.3/../../../../msp430/lib/mcpu-430x/mmpy-16/libc.a(sprintf.o)
                0x000000000000cbd2                sprintf
                0x000000000000cbee                snprintf
                0x000000000000cc08                vsprintf
                0x000000000000cc1e                vsnprintf
 .text          0x000000000000cc30      0x818 /usr/lib/gcc/msp430/4.6.3/../../../../msp430/lib/mcpu-430x/mmpy-16/libc.a(vuprintf.o)
                0x000000000000cdac                vuprintf
 .text          0x000000000000d448       0x2c /usr/lib/gcc/msp430/4.6.3/../../../../msp430/lib/mcpu-430x/mmpy-16/libc.a(puts.o)
                0x000000000000d448                puts
 .text          0x000000000000d474       0x54 /usr/lib/gcc/msp430/4.6.3/../../../../msp430/lib/mcpu-430x/mmpy-16/libc.a(rand.o)
                0x000000000000d474                rand_r
                0x000000000000d498                rand
                0x000000000000d4be                srand
 .text.libgcc   0x000000000000d4c8       0xbc /usr/lib/gcc/msp430/4.6.3/mcpu-430x/mmpy-16/libgcc.a(_udivmod64.o)
                0x000000000000d4c8                __xabi_udivmod64
                0x000000000000d51a                __udivdi3
                0x000000000000d534                __umoddi3
                0x000000000000d556                __udivmoddi4
 .text.crt0     0x000000000000d584        0x2 /usr/lib/gcc/msp430/4.6.3/mcpu-430x/mmpy-16/libcrt0.a(_unexpected_.o)
                0x000000000000d584                _unexpected_
                0x000000000000d586                . = ALIGN (0x2)

.rodata         0x000000000000d586      0x7a4
                0x000000000000d586                . = ALIGN (0x2)
 *(.rodata .rodata.* .gnu.linkonce.r.*)
 .rodata        0x000000000000d586      0x13e main_core.co
                0x000000000000d66a                autostart_processes
 .rodata        0x000000000000d6c4      0x31c obj_z1/mqtt_sn.o
 .rodata        0x000000000000d9e0      0x107 obj_z1/contiki-z1-main.o
 *fill*         0x000000000000dae7        0x1 00
 .rodata        0x000000000000dae8       0x5a contiki-z1.a(cc2420.o)
                0x000000000000db04                cc2420_aes_128_driver
                0x000000000000db08                cc2420_driver
 .rodata        0x000000000000db42        0x8 contiki-z1.a(sensors.o)
 .rodata        0x000000000000db4a       0x10 contiki-z1.a(button-sensor.o)
                0x000000000000db52                button_sensor
 .rodata        0x000000000000db5a       0x16 contiki-z1.a(adxl345.o)
 .rodata        0x000000000000db70        0xc contiki-z1.a(etimer.o)
 .rodata        0x000000000000db7c        0xf contiki-z1.a(ctimer.o)
 .rodata        0x000000000000db8b       0xd5 contiki-z1.a(uip-ds6-route.o)
 .rodata        0x000000000000dc60       0x24 contiki-z1.a(sicslowpan.o)
                0x000000000000dc6c                sicslowpan_driver
                0x000000000000dc72                llprefix
                0x000000000000dc74                unc_mxconf
                0x000000000000dc78                unc_ctxconf
                0x000000000000dc7c                unc_llconf
 .rodata        0x000000000000dc84       0x29 contiki-z1.a(uip-debug.o)
 .rodata        0x000000000000dcad        0xd contiki-z1.a(tcpip.o)
 .rodata        0x000000000000dcba       0x13 contiki-z1.a(simple-udp.o)
 *fill*         0x000000000000dccd        0x1 00
 .rodata        0x000000000000dcce        0x8 contiki-z1.a(linkaddr.o)
                0x000000000000dcce                linkaddr_null
 .rodata        0x000000000000dcd6       0x16 contiki-z1.a(nullmac.o)
                0x000000000000dcde                nullmac_driver
 .rodata        0x000000000000dcec        0x8 contiki-z1.a(framer-802154.o)
                0x000000000000dcec                framer_802154
 .rodata        0x000000000000dcf4       0x18 contiki-z1.a(nullrdc.o)
                0x000000000000dcfc                nullrdc_driver
 .rodata        0x000000000000dd0c       0x14 contiki-z1.a(nullsec.o)
                0x000000000000dd14                nullsec_driver
 .rodata        0x000000000000dd20        0x2 contiki-z1.a(frame802154.o)
 .rodata        0x000000000000dd22        0x7 /usr/lib/gcc/msp430/4.6.3/../../../../msp430/lib/mcpu-430x/mmpy-16/libc.a(vuprintf.o)
                0x000000000000dd2a                . = ALIGN (0x2)
 *fill*         0x000000000000dd29        0x1 00
                0x000000000000dd2a                _etext = .

.data           0x0000000000001100      0x11c load address 0x000000000000dd2a
                0x0000000000001100                . = ALIGN (0x2)
                0x0000000000001100                PROVIDE (__data_start, .)
 *(.data .data.* .gnu.linkonce.d.*)
 .data          0x0000000000001100       0x1a main_core.co
                0x0000000000001100                init_system_process
 .data          0x000000000000111a        0xe obj_z1/mqtt_sn.o
                0x000000000000111a                mqtt_sn_main
 .data          0x0000000000001128        0x4 obj_z1/contiki-z1-main.o
                0x0000000000001128                sensors
 .data          0x000000000000112c        0x2 contiki-z1.a(msp430.o)
 .data          0x000000000000112e        0xa contiki-z1.a(cc2420.o)
                0x000000000000112e                cc2420_process
 .data          0x0000000000001138        0xa contiki-z1.a(sensors.o)
                0x0000000000001138                sensors_process
 .data          0x0000000000001142       0x20 contiki-z1.a(adxl345.o)
                0x0000000000001142                accmeter_process
 .data          0x0000000000001162        0xa contiki-z1.a(etimer.o)
                0x0000000000001162                etimer_process
 .data          0x000000000000116c        0xa contiki-z1.a(ctimer.o)
                0x000000000000116c                ctimer_process
 .data          0x0000000000001176       0x20 contiki-z1.a(uip-ds6-route.o)
 .data          0x0000000000001196        0xa contiki-z1.a(uip-ds6-nbr.o)
                0x0000000000001196                ds6_neighbors
 .data          0x00000000000011a0        0xc contiki-z1.a(uip-nd6.o)
 .data          0x00000000000011ac        0xa contiki-z1.a(tcpip.o)
                0x00000000000011ac                tcpip_process
 .data          0x00000000000011b6        0xa contiki-z1.a(simple-udp.o)
                0x00000000000011b6                simple_udp_process
 .data          0x00000000000011c0        0xa contiki-z1.a(rpl-dag.o)
                0x00000000000011c0                rpl_parents
 .data          0x00000000000011ca        0xe contiki-z1.a(rpl-mrhof.o)
                0x00000000000011ca                rpl_mrhof
 .data          0x00000000000011d8       0x10 contiki-z1.a(queuebuf.o)
 .data          0x00000000000011e8        0x8 contiki-z1.a(nbr-table.o)
 .data          0x00000000000011f0        0x1 contiki-z1.a(i2cmaster.o)
                0x00000000000011f0                prescale_lsb
 *fill*         0x00000000000011f1        0x1 00
 .data          0x00000000000011f2        0xc contiki-z1.a(uip-icmp6.o)
 .data          0x00000000000011fe       0x1a contiki-z1.a(rpl-icmp6.o)
 .data          0x0000000000001218        0x4 /usr/lib/gcc/msp430/4.6.3/../../../../msp430/lib/mcpu-430x/mmpy-16/libc.a(rand.o)
                0x000000000000121c                . = ALIGN (0x2)
                0x000000000000121c                _edata = .
                0x000000000000dd2a                PROVIDE (__data_load_start, LOADADDR (.data))
                0x000000000000011c                PROVIDE (__data_size, SIZEOF (.data))

.bss            0x000000000000121c     0x14e6 load address 0x000000000000de46
                0x000000000000121c                PROVIDE (__bss_start, .)
 *(.bss .bss.*)
 .bss           0x000000000000121c       0x9c main_core.co
 .bss           0x00000000000012b8      0x2fc obj_z1/mqtt_sn.o
 .bss           0x00000000000015b4        0x4 obj_z1/contiki-z1-main.o
 .bss           0x00000000000015b8        0x1 contiki-z1.a(leds.o)
 *fill*         0x00000000000015b9        0x1 00
 .bss           0x00000000000015ba        0x2 contiki-z1.a(watchdog.o)
 .bss           0x00000000000015bc        0x8 contiki-z1.a(cc2420.o)
 .bss           0x00000000000015c4        0x2 contiki-z1.a(node-id.o)
                0x00000000000015c4                node_id
 .bss           0x00000000000015c6        0x6 contiki-z1.a(sensors.o)
 .bss           0x00000000000015cc        0x8 contiki-z1.a(button-sensor.o)
 .bss           0x00000000000015d4        0x4 contiki-z1.a(uart0.o)
 .bss           0x00000000000015d8       0x16 contiki-z1.a(adxl345.o)
 .bss           0x00000000000015ee        0xa contiki-z1.a(clock.o)
 .bss           0x00000000000015f8        0x6 contiki-z1.a(etimer.o)
 .bss           0x00000000000015fe        0x4 contiki-z1.a(ctimer.o)
 .bss           0x0000000000001602       0x42 contiki-z1.a(process.o)
                0x0000000000001602                process_current
                0x0000000000001604                process_list
 .bss           0x0000000000001644        0x2 contiki-z1.a(rtimer.o)
 .bss           0x0000000000001646       0x18 contiki-z1.a(uip-ds6.o)
 .bss           0x000000000000165e      0x29c contiki-z1.a(uip-ds6-route.o)
 .bss           0x00000000000018fa        0xa contiki-z1.a(uip6.o)
                0x00000000000018fa                uip_ext_opt_offset
                0x00000000000018fc                uip_ext_len
                0x00000000000018fe                uip_ext_bitmap
 .bss           0x0000000000001904      0x23a contiki-z1.a(uip-ds6-nbr.o)
 .bss           0x0000000000001b3e        0xa contiki-z1.a(uip-nd6.o)
 .bss           0x0000000000001b48       0xc0 contiki-z1.a(sicslowpan.o)
 .bss           0x0000000000001c08        0xe contiki-z1.a(tcpip.o)
 .bss           0x0000000000001c16       0x8e contiki-z1.a(simple-udp.o)
 .bss           0x0000000000001ca4       0xb4 contiki-z1.a(rpl-dag.o)
 .bss           0x0000000000001d58       0x18 contiki-z1.a(rpl-timers.o)
 .bss           0x0000000000001d70        0x2 contiki-z1.a(rpl.o)
 .bss           0x0000000000001d72      0x2d0 contiki-z1.a(queuebuf.o)
 .bss           0x0000000000002042       0xda contiki-z1.a(nbr-table.o)
 .bss           0x000000000000211c       0xb8 contiki-z1.a(packetbuf.o)
 .bss           0x00000000000021d4        0x2 contiki-z1.a(framer-802154.o)
 .bss           0x00000000000021d6        0x4 contiki-z1.a(i2cmaster.o)
                0x00000000000021d6                prescale_msb
 .bss           0x00000000000021da       0x14 contiki-z1.a(uip-icmp6.o)
 .bss           0x00000000000021ee        0x1 /usr/lib/gcc/msp430/4.6.3/../../../../msp430/lib/mcpu-430x/mmpy-16/libc.a(malloc.o)
 *fill*         0x00000000000021ef        0x1 00
 .bss           0x00000000000021f0        0x4 /usr/lib/gcc/msp430/4.6.3/../../../../msp430/lib/mcpu-430x/mmpy-16/libc.a(sprintf.o)
 *(COMMON)
 COMMON         0x00000000000021f4       0x2c main_core.co
                0x00000000000021f4                mqtt_sn_connection
                0x000000000000221c                mqtt_queue_last
                0x000000000000221e                mqtt_queue_first
 COMMON         0x0000000000002220        0x2 obj_z1/contiki-z1-main.o
                0x0000000000002220                sensors_flags
 COMMON         0x0000000000002222       0x10 contiki-z1.a(cc2420.o)
                0x0000000000002222                cc2420_last_rssi
                0x0000000000002224                cc2420_sfd_start_time
                0x0000000000002226                cc2420_time_of_departure
                0x0000000000002228                cc2420_time_of_arrival
                0x000000000000222a                cc2420_last_correlation
                0x000000000000222c                cc2420_authority_level_of_sender
                0x000000000000222e                cc2420_sfd_counter
                0x0000000000002230                cc2420_sfd_end_time
 COMMON         0x0000000000002232        0x8 contiki-z1.a(node-id.o)
                0x0000000000002232                node_mac
 COMMON         0x000000000000223a        0x1 contiki-z1.a(sensors.o)
                0x000000000000223a                sensors_event
 *fill*         0x000000000000223b        0x1 00
 COMMON         0x000000000000223c        0x7 contiki-z1.a(adxl345.o)
                0x000000000000223c                accm_int2_cb
                0x000000000000223e                int2_event
                0x0000000000002240                accm_int1_cb